Archive member included to satisfy reference by file (symbol)

/Applications/STM32CubeIDE.app/Contents/Eclipse/plugins/com.st.stm32cube.ide.mcu.externaltools.gnu-tools-for-stm32.14.3.rel1.macosaarch64_1.0.0.202602081740/tools/bin/../lib/gcc/arm-none-eabi/14.3.1/../../../../arm-none-eabi/lib/thumb/v7e-m+fp/hard/libc_nano.a(libc_a-exit.o)
                              /Applications/STM32CubeIDE.app/Contents/Eclipse/plugins/com.st.stm32cube.ide.mcu.externaltools.gnu-tools-for-stm32.14.3.rel1.macosaarch64_1.0.0.202602081740/tools/bin/../lib/gcc/arm-none-eabi/14.3.1/../../../../arm-none-eabi/lib/thumb/v7e-m+fp/hard/crt0.o (exit)
/Applications/STM32CubeIDE.app/Contents/Eclipse/plugins/com.st.stm32cube.ide.mcu.externaltools.gnu-tools-for-stm32.14.3.rel1.macosaarch64_1.0.0.202602081740/tools/bin/../lib/gcc/arm-none-eabi/14.3.1/../../../../arm-none-eabi/lib/thumb/v7e-m+fp/hard/libc_nano.a(libc_a-findfp.o)
                              /Applications/STM32CubeIDE.app/Contents/Eclipse/plugins/com.st.stm32cube.ide.mcu.externaltools.gnu-tools-for-stm32.14.3.rel1.macosaarch64_1.0.0.202602081740/tools/bin/../lib/gcc/arm-none-eabi/14.3.1/../../../../arm-none-eabi/lib/thumb/v7e-m+fp/hard/libc_nano.a(libc_a-exit.o) (__stdio_exit_handler)
/Applications/STM32CubeIDE.app/Contents/Eclipse/plugins/com.st.stm32cube.ide.mcu.externaltools.gnu-tools-for-stm32.14.3.rel1.macosaarch64_1.0.0.202602081740/tools/bin/../lib/gcc/arm-none-eabi/14.3.1/../../../../arm-none-eabi/lib/thumb/v7e-m+fp/hard/libc_nano.a(libc_a-fwalk.o)
                              /Applications/STM32CubeIDE.app/Contents/Eclipse/plugins/com.st.stm32cube.ide.mcu.externaltools.gnu-tools-for-stm32.14.3.rel1.macosaarch64_1.0.0.202602081740/tools/bin/../lib/gcc/arm-none-eabi/14.3.1/../../../../arm-none-eabi/lib/thumb/v7e-m+fp/hard/libc_nano.a(libc_a-findfp.o) (_fwalk_sglue)
/Applications/STM32CubeIDE.app/Contents/Eclipse/plugins/com.st.stm32cube.ide.mcu.externaltools.gnu-tools-for-stm32.14.3.rel1.macosaarch64_1.0.0.202602081740/tools/bin/../lib/gcc/arm-none-eabi/14.3.1/../../../../arm-none-eabi/lib/thumb/v7e-m+fp/hard/libc_nano.a(libc_a-memset.o)
                              /Applications/STM32CubeIDE.app/Contents/Eclipse/plugins/com.st.stm32cube.ide.mcu.externaltools.gnu-tools-for-stm32.14.3.rel1.macosaarch64_1.0.0.202602081740/tools/bin/../lib/gcc/arm-none-eabi/14.3.1/../../../../arm-none-eabi/lib/thumb/v7e-m+fp/hard/crt0.o (memset)
/Applications/STM32CubeIDE.app/Contents/Eclipse/plugins/com.st.stm32cube.ide.mcu.externaltools.gnu-tools-for-stm32.14.3.rel1.macosaarch64_1.0.0.202602081740/tools/bin/../lib/gcc/arm-none-eabi/14.3.1/../../../../arm-none-eabi/lib/thumb/v7e-m+fp/hard/libc_nano.a(libc_a-errno.o)
                              ./Core/Src/syscalls.o (__errno)
/Applications/STM32CubeIDE.app/Contents/Eclipse/plugins/com.st.stm32cube.ide.mcu.externaltools.gnu-tools-for-stm32.14.3.rel1.macosaarch64_1.0.0.202602081740/tools/bin/../lib/gcc/arm-none-eabi/14.3.1/../../../../arm-none-eabi/lib/thumb/v7e-m+fp/hard/libc_nano.a(libc_a-init.o)
                              /Applications/STM32CubeIDE.app/Contents/Eclipse/plugins/com.st.stm32cube.ide.mcu.externaltools.gnu-tools-for-stm32.14.3.rel1.macosaarch64_1.0.0.202602081740/tools/bin/../lib/gcc/arm-none-eabi/14.3.1/../../../../arm-none-eabi/lib/thumb/v7e-m+fp/hard/crt0.o (__libc_init_array)
/Applications/STM32CubeIDE.app/Contents/Eclipse/plugins/com.st.stm32cube.ide.mcu.externaltools.gnu-tools-for-stm32.14.3.rel1.macosaarch64_1.0.0.202602081740/tools/bin/../lib/gcc/arm-none-eabi/14.3.1/../../../../arm-none-eabi/lib/thumb/v7e-m+fp/hard/libc_nano.a(libc_a-lock.o)
                              /Applications/STM32CubeIDE.app/Contents/Eclipse/plugins/com.st.stm32cube.ide.mcu.externaltools.gnu-tools-for-stm32.14.3.rel1.macosaarch64_1.0.0.202602081740/tools/bin/../lib/gcc/arm-none-eabi/14.3.1/../../../../arm-none-eabi/lib/thumb/v7e-m+fp/hard/libc_nano.a(libc_a-findfp.o) (__retarget_lock_init_recursive)
/Applications/STM32CubeIDE.app/Contents/Eclipse/plugins/com.st.stm32cube.ide.mcu.externaltools.gnu-tools-for-stm32.14.3.rel1.macosaarch64_1.0.0.202602081740/tools/bin/../lib/gcc/arm-none-eabi/14.3.1/../../../../arm-none-eabi/lib/thumb/v7e-m+fp/hard/libc_nano.a(libc_a-impure.o)
                              /Applications/STM32CubeIDE.app/Contents/Eclipse/plugins/com.st.stm32cube.ide.mcu.externaltools.gnu-tools-for-stm32.14.3.rel1.macosaarch64_1.0.0.202602081740/tools/bin/../lib/gcc/arm-none-eabi/14.3.1/../../../../arm-none-eabi/lib/thumb/v7e-m+fp/hard/libc_nano.a(libc_a-errno.o) (_impure_ptr)
/Applications/STM32CubeIDE.app/Contents/Eclipse/plugins/com.st.stm32cube.ide.mcu.externaltools.gnu-tools-for-stm32.14.3.rel1.macosaarch64_1.0.0.202602081740/tools/bin/../lib/gcc/arm-none-eabi/14.3.1/../../../../arm-none-eabi/lib/thumb/v7e-m+fp/hard/libc_nano.a(libc_a-mallocr.o)
[...]
Memory Configuration

Name             Origin             Length             Attributes
RAM              0x20000000         0x00018000         xrw
RAM2             0x10000000         0x00008000         xrw
FLASH            0x08000000         0x00100000         xr
*default*        0x00000000         0xffffffff

Linker script and memory map

LOAD /Applications/STM32CubeIDE.app/Contents/Eclipse/plugins/com.st.stm32cube.ide.mcu.externaltools.gnu-tools-for-stm32.14.3.rel1.macosaarch64_1.0.0.202602081740/tools/bin/../lib/gcc/arm-none-eabi/14.3.1/thumb/v7e-m+fp/hard/crti.o
LOAD /Applications/STM32CubeIDE.app/Contents/Eclipse/plugins/com.st.stm32cube.ide.mcu.externaltools.gnu-tools-for-stm32.14.3.rel1.macosaarch64_1.0.0.202602081740/tools/bin/../lib/gcc/arm-none-eabi/14.3.1/thumb/v7e-m+fp/hard/crtbegin.o
LOAD /Applications/STM32CubeIDE.app/Contents/Eclipse/plugins/com.st.stm32cube.ide.mcu.externaltools.gnu-tools-for-stm32.14.3.rel1.macosaarch64_1.0.0.202602081740/tools/bin/../lib/gcc/arm-none-eabi/14.3.1/../../../../arm-none-eabi/lib/thumb/v7e-m+fp/hard/crt0.o
LOAD ./Core/Src/adc.o
LOAD ./Core/Src/dma.o
LOAD ./Core/Src/gpio.o
LOAD ./Core/Src/main.o
LOAD ./Core/Src/stm32l4xx_hal_msp.o
LOAD ./Core/Src/stm32l4xx_it.o
LOAD ./Core/Src/syscalls.o
LOAD ./Core/Src/sysmem.o
LOAD ./Core/Src/system_stm32l4xx.o
LOAD ./Core/Src/tim.o
LOAD ./Core/Src/usart.o
LOAD ./Core/Startup/startup_stm32l476rgtx.o
LOAD ./Drivers/STM32L4xx_HAL_Driver/Src/stm32l4xx_hal.o
LOAD ./Drivers/STM32L4xx_HAL_Driver/Src/stm32l4xx_hal_cortex.o
LOAD ./Drivers/STM32L4xx_HAL_Driver/Src/stm32l4xx_hal_dma.o
LOAD ./Drivers/STM32L4xx_HAL_Driver/Src/stm32l4xx_hal_dma_ex.o
LOAD ./Drivers/STM32L4xx_HAL_Driver/Src/stm32l4xx_hal_exti.o
LOAD ./Drivers/STM32L4xx_HAL_Driver/Src/stm32l4xx_hal_flash.o
LOAD ./Drivers/STM32L4xx_HAL_Driver/Src/stm32l4xx_hal_flash_ex.o
LOAD ./Drivers/STM32L4xx_HAL_Driver/Src/stm32l4xx_hal_flash_ramfunc.o
LOAD ./Drivers/STM32L4xx_HAL_Driver/Src/stm32l4xx_hal_gpio.o
LOAD ./Drivers/STM32L4xx_HAL_Driver/Src/stm32l4xx_hal_i2c.o
LOAD ./Drivers/STM32L4xx_HAL_Driver/Src/stm32l4xx_hal_i2c_ex.o
LOAD ./Drivers/STM32L4xx_HAL_Driver/Src/stm32l4xx_hal_pcd.o
LOAD ./Drivers/STM32L4xx_HAL_Driver/Src/stm32l4xx_hal_pcd_ex.o
LOAD ./Drivers/STM32L4xx_HAL_Driver/Src/stm32l4xx_hal_pwr.o
LOAD ./Drivers/STM32L4xx_HAL_Driver/Src/stm32l4xx_hal_pwr_ex.o
LOAD ./Drivers/STM32L4xx_HAL_Driver/Src/stm32l4xx_hal_rcc.o
LOAD ./Drivers/STM32L4xx_HAL_Driver/Src/stm32l4xx_hal_rcc_ex.o
LOAD ./Drivers/STM32L4xx_HAL_Driver/Src/stm32l4xx_hal_uart.o
LOAD ./Drivers/STM32L4xx_HAL_Driver/Src/stm32l4xx_hal_uart_ex.o
LOAD ./Drivers/STM32L4xx_HAL_Driver/Src/stm32l4xx_ll_adc.o
LOAD ./Drivers/STM32L4xx_HAL_Driver/Src/stm32l4xx_ll_dma.o
LOAD ./Drivers/STM32L4xx_HAL_Driver/Src/stm32l4xx_ll_exti.o
LOAD ./Drivers/STM32L4xx_HAL_Driver/Src/stm32l4xx_ll_gpio.o
LOAD ./Drivers/STM32L4xx_HAL_Driver/Src/stm32l4xx_ll_tim.o
LOAD ./Drivers/STM32L4xx_HAL_Driver/Src/stm32l4xx_ll_usb.o
LOAD ./Drivers/STM32L4xx_HAL_Driver/Src/stm32l4xx_ll_utils.o
LOAD ./Middlewares/ST/STM32_USB_Device_Library/Class/CDC/Src/usbd_cdc.o
LOAD ./Middlewares/ST/STM32_USB_Device_Library/Core/Src/usbd_core.o
LOAD ./Middlewares/ST/STM32_USB_Device_Library/Core/Src/usbd_ctlreq.o
LOAD ./Middlewares/ST/STM32_USB_Device_Library/Core/Src/usbd_ioreq.o
LOAD ./USB_DEVICE/App/usb_device.o
LOAD ./USB_DEVICE/App/usbd_cdc_if.o
LOAD ./USB_DEVICE/App/usbd_desc.o
LOAD ./USB_DEVICE/Target/usbd_conf.o
START GROUP
LOAD /Applications/STM32CubeIDE.app/Contents/Eclipse/plugins/com.st.stm32cube.ide.mcu.externaltools.gnu-tools-for-stm32.14.3.rel1.macosaarch64_1.0.0.202602081740/tools/bin/../lib/gcc/arm-none-eabi/14.3.1/../../../../arm-none-eabi/lib/thumb/v7e-m+fp/hard/libc_nano.a
LOAD /Applications/STM32CubeIDE.app/Contents/Eclipse/plugins/com.st.stm32cube.ide.mcu.externaltools.gnu-tools-for-stm32.14.3.rel1.macosaarch64_1.0.0.202602081740/tools/bin/../lib/gcc/arm-none-eabi/14.3.1/../../../../arm-none-eabi/lib/thumb/v7e-m+fp/hard/libm.a
END GROUP
START GROUP
LOAD /Applications/STM32CubeIDE.app/Contents/Eclipse/plugins/com.st.stm32cube.ide.mcu.externaltools.gnu-tools-for-stm32.14.3.rel1.macosaarch64_1.0.0.202602081740/tools/bin/../lib/gcc/arm-none-eabi/14.3.1/thumb/v7e-m+fp/hard/libgcc.a
LOAD /Applications/STM32CubeIDE.app/Contents/Eclipse/plugins/com.st.stm32cube.ide.mcu.externaltools.gnu-tools-for-stm32.14.3.rel1.macosaarch64_1.0.0.202602081740/tools/bin/../lib/gcc/arm-none-eabi/14.3.1/../../../../arm-none-eabi/lib/thumb/v7e-m+fp/hard/libc_nano.a
END GROUP
START GROUP
LOAD /Applications/STM32CubeIDE.app/Contents/Eclipse/plugins/com.st.stm32cube.ide.mcu.externaltools.gnu-tools-for-stm32.14.3.rel1.macosaarch64_1.0.0.202602081740/tools/bin/../lib/gcc/arm-none-eabi/14.3.1/thumb/v7e-m+fp/hard/libgcc.a
LOAD /Applications/STM32CubeIDE.app/Contents/Eclipse/plugins/com.st.stm32cube.ide.mcu.externaltools.gnu-tools-for-stm32.14.3.rel1.macosaarch64_1.0.0.202602081740/tools/bin/../lib/gcc/arm-none-eabi/14.3.1/../../../../arm-none-eabi/lib/thumb/v7e-m+fp/hard/libc_nano.a
LOAD /Applications/STM32CubeIDE.app/Contents/Eclipse/plugins/com.st.stm32cube.ide.mcu.externaltools.gnu-tools-for-stm32.14.3.rel1.macosaarch64_1.0.0.202602081740/tools/bin/../lib/gcc/arm-none-eabi/14.3.1/../../../../arm-none-eabi/lib/thumb/v7e-m+fp/hard/libnosys.a
END GROUP
START GROUP
LOAD /Applications/STM32CubeIDE.app/Contents/Eclipse/plugins/com.st.stm32cube.ide.mcu.externaltools.gnu-tools-for-stm32.14.3.rel1.macosaarch64_1.0.0.202602081740/tools/bin/../lib/gcc/arm-none-eabi/14.3.1/thumb/v7e-m+fp/hard/libgcc.a
LOAD /Applications/STM32CubeIDE.app/Contents/Eclipse/plugins/com.st.stm32cube.ide.mcu.externaltools.gnu-tools-for-stm32.14.3.rel1.macosaarch64_1.0.0.202602081740/tools/bin/../lib/gcc/arm-none-eabi/14.3.1/../../../../arm-none-eabi/lib/thumb/v7e-m+fp/hard/libc_nano.a
LOAD /Applications/STM32CubeIDE.app/Contents/Eclipse/plugins/com.st.stm32cube.ide.mcu.externaltools.gnu-tools-for-stm32.14.3.rel1.macosaarch64_1.0.0.202602081740/tools/bin/../lib/gcc/arm-none-eabi/14.3.1/../../../../arm-none-eabi/lib/thumb/v7e-m+fp/hard/libnosys.a
END GROUP
LOAD /Applications/STM32CubeIDE.app/Contents/Eclipse/plugins/com.st.stm32cube.ide.mcu.externaltools.gnu-tools-for-stm32.14.3.rel1.macosaarch64_1.0.0.202602081740/tools/bin/../lib/gcc/arm-none-eabi/14.3.1/thumb/v7e-m+fp/hard/crtend.o
LOAD /Applications/STM32CubeIDE.app/Contents/Eclipse/plugins/com.st.stm32cube.ide.mcu.externaltools.gnu-tools-for-stm32.14.3.rel1.macosaarch64_1.0.0.202602081740/tools/bin/../lib/gcc/arm-none-eabi/14.3.1/thumb/v7e-m+fp/hard/crtn.o
                0x20018000                        _estack = (ORIGIN (RAM) + LENGTH (RAM))
                0x00000200                        _Min_Heap_Size = 0x200
                0x00000400                        _Min_Stack_Size = 0x400

.isr_vector     0x08000000      0x188
                0x08000000                        . = ALIGN (0x4)
 *(.isr_vector)
 .isr_vector    0x08000000      0x188 ./Core/Startup/startup_stm32l476rgtx.o
                0x08000000                g_pfnVectors
                0x08000188                        . = ALIGN (0x4)

.text           0x08000188     0xa2e8
                0x08000188                        . = ALIGN (0x4)
 *(.text)
 .text          0x08000188       0x40 /Applications/STM32CubeIDE.app/Contents/Eclipse/plugins/com.st.stm32cube.ide.mcu.externaltools.gnu-tools-for-stm32.14.3.rel1.macosaarch64_1.0.0.202602081740/tools/bin/../lib/gcc/arm-none-eabi/14.3.1/thumb/v7e-m+fp/hard/crtbegin.o
 .text          0x080001c8       0x30 /Applications/STM32CubeIDE.app/Contents/Eclipse/plugins/com.st.stm32cube.ide.mcu.externaltools.gnu-tools-for-stm32.14.3.rel1.macosaarch64_1.0.0.202602081740/tools/bin/../lib/gcc/arm-none-eabi/14.3.1/thumb/v7e-m+fp/hard/libgcc.a(_aeabi_uldivmod.o)
                0x080001c8                __aeabi_uldivmod
 .text          0x080001f8      0x2f8 /Applications/STM32CubeIDE.app/Contents/Eclipse/plugins/com.st.stm32cube.ide.mcu.externaltools.gnu-tools-for-stm32.14.3.rel1.macosaarch64_1.0.0.202602081740/tools/bin/../lib/gcc/arm-none-eabi/14.3.1/thumb/v7e-m+fp/hard/libgcc.a(_udivmoddi4.o)
                0x080001f8                __udivmoddi4
 .text          0x080004f0        0x4 /Applications/STM32CubeIDE.app/Contents/Eclipse/plugins/com.st.stm32cube.ide.mcu.externaltools.gnu-tools-for-stm32.14.3.rel1.macosaarch64_1.0.0.202602081740/tools/bin/../lib/gcc/arm-none-eabi/14.3.1/thumb/v7e-m+fp/hard/libgcc.a(_dvmd_tls.o)
                0x080004f0                __aeabi_ldiv0
                0x080004f0                __aeabi_idiv0
 *(.text*)
 .text.LL_DMA_SetDataTransferDirection
                0x080004f4       0x50 ./Core/Src/adc.o
 .text.LL_DMA_SetMode
                0x08000544       0x4c ./Core/Src/adc.o
 .text.LL_DMA_SetPeriphIncMode
                0x08000590       0x4c ./Core/Src/adc.o
 .text.LL_DMA_SetMemoryIncMode
                0x080005dc       0x4c ./Core/Src/adc.o
 .text.LL_DMA_SetPeriphSize
                0x08000628       0x4c ./Core/Src/adc.o
 .text.LL_DMA_SetMemorySize
                0x08000674       0x4c ./Core/Src/adc.o
 .text.LL_DMA_SetChannelPriorityLevel
                0x080006c0       0x4c ./Core/Src/adc.o
 .text.LL_DMA_SetPeriphRequest
                0x0800070c       0x64 ./Core/Src/adc.o
 .text.LL_ADC_SetCommonPathInternalCh
                0x08000770       0x26 ./Core/Src/adc.o
 .text.LL_ADC_REG_SetTriggerEdge
                0x08000796       0x26 ./Core/Src/adc.o
 .text.LL_ADC_REG_SetSequencerRanks
                0x080007bc       0x58 ./Core/Src/adc.o
 .text.LL_ADC_INJ_SetTriggerSource
                0x08000814       0x26 ./Core/Src/adc.o
 .text.LL_ADC_SetChannelSamplingTime
                0x0800083a       0x56 ./Core/Src/adc.o
 .text.LL_ADC_SetChannelSingleDiff
                0x08000890       0x48 ./Core/Src/adc.o
 .text.LL_ADC_SetOverSamplingScope
                0x080008d8       0x2a ./Core/Src/adc.o
 .text.LL_ADC_DisableDeepPowerDown
                0x08000902       0x24 ./Core/Src/adc.o
 .text.LL_ADC_EnableInternalRegulator
                0x08000926       0x28 ./Core/Src/adc.o
 *fill*         0x0800094e        0x2 
 .text.LL_RCC_SetADCClockSource
                0x08000950       0x2c ./Core/Src/adc.o
 .text.LL_AHB2_GRP1_EnableClock
                0x0800097c       0x30 ./Core/Src/adc.o
 .text.LL_GPIO_EnablePinAnalogControl
                0x080009ac       0x22 ./Core/Src/adc.o
 *fill*         0x080009ce        0x2 
 .text.MX_ADC1_Init
                0x080009d0      0x1c4 ./Core/Src/adc.o
                0x080009d0                MX_ADC1_Init
 .text.__NVIC_GetPriorityGrouping
                0x08000b94       0x1c ./Core/Src/dma.o
 .text.__NVIC_EnableIRQ
                0x08000bb0       0x3c ./Core/Src/dma.o
 .text.__NVIC_SetPriority
                0x08000bec       0x54 ./Core/Src/dma.o
 .text.NVIC_EncodePriority
                0x08000c40       0x66 ./Core/Src/dma.o
 *fill*         0x08000ca6        0x2 
 .text.LL_AHB1_GRP1_EnableClock
                0x08000ca8       0x30 ./Core/Src/dma.o
 .text.MX_DMA_Init
                0x08000cd8       0x2e ./Core/Src/dma.o
                0x08000cd8                MX_DMA_Init
 *fill*         0x08000d06        0x2 
 .text.MX_GPIO_Init
                0x08000d08       0x78 ./Core/Src/gpio.o
                0x08000d08                MX_GPIO_Init
 .text.LL_DMA_EnableChannel
                0x08000d80       0x44 ./Core/Src/main.o
 .text.LL_DMA_DisableChannel
                0x08000dc4       0x44 ./Core/Src/main.o
 .text.LL_DMA_SetDataLength
                0x08000e08       0x4c ./Core/Src/main.o
 .text.LL_DMA_ConfigAddresses
                0x08000e54       0x7c ./Core/Src/main.o
 .text.LL_DMA_ClearFlag_GI1
                0x08000ed0       0x1a ./Core/Src/main.o
 *fill*         0x08000eea        0x2 
 .text.LL_DMA_EnableIT_TC
                0x08000eec       0x44 ./Core/Src/main.o
 .text.LL_ADC_DMA_GetRegAddr
                0x08000f30       0x30 ./Core/Src/main.o
 .text.LL_ADC_Enable
                0x08000f60       0x28 ./Core/Src/main.o
 .text.LL_ADC_IsEnabled
                0x08000f88       0x26 ./Core/Src/main.o
 .text.LL_ADC_StartCalibration
                0x08000fae       0x32 ./Core/Src/main.o
 .text.LL_ADC_IsCalibrationOnGoing
                0x08000fe0       0x28 ./Core/Src/main.o
 .text.LL_ADC_REG_StartConversion
                0x08001008       0x28 ./Core/Src/main.o
 .text.LL_ADC_IsActiveFlag_ADRDY
                0x08001030       0x26 ./Core/Src/main.o
 *fill*         0x08001056        0x2 
 .text.LL_RCC_MSI_Enable
                0x08001058       0x20 ./Core/Src/main.o
 .text.LL_RCC_MSI_IsReady
                0x08001078       0x24 ./Core/Src/main.o
 .text.LL_RCC_MSI_EnableRangeSelection
                0x0800109c       0x20 ./Core/Src/main.o
 .text.LL_RCC_MSI_SetRange
                0x080010bc       0x28 ./Core/Src/main.o
 .text.LL_RCC_MSI_SetCalibTrimming
                0x080010e4       0x2c ./Core/Src/main.o
 .text.LL_RCC_SetSysClkSource
                0x08001110       0x28 ./Core/Src/main.o
 .text.LL_RCC_GetSysClkSource
                0x08001138       0x1c ./Core/Src/main.o
 .text.LL_RCC_SetAHBPrescaler
                0x08001154       0x28 ./Core/Src/main.o
 .text.LL_RCC_SetAPB1Prescaler
                0x0800117c       0x28 ./Core/Src/main.o
 .text.LL_RCC_SetAPB2Prescaler
                0x080011a4       0x28 ./Core/Src/main.o
 .text.LL_RCC_PLL_Enable
                0x080011cc       0x20 ./Core/Src/main.o
 .text.LL_RCC_PLL_IsReady
                0x080011ec       0x28 ./Core/Src/main.o
 .text.LL_RCC_PLL_ConfigDomain_SYS
                0x08001214       0x40 ./Core/Src/main.o
 .text.LL_RCC_PLL_EnableDomain_SYS
                0x08001254       0x20 ./Core/Src/main.o
 .text.LL_RCC_PLLSAI1_Enable
                0x08001274       0x20 ./Core/Src/main.o
 .text.LL_RCC_PLLSAI1_IsReady
                0x08001294       0x28 ./Core/Src/main.o
 .text.LL_RCC_PLLSAI1_ConfigDomain_48M
                0x080012bc       0x4c ./Core/Src/main.o
 .text.LL_RCC_PLLSAI1_EnableDomain_48M
                0x08001308       0x20 ./Core/Src/main.o
 .text.LL_FLASH_SetLatency
                0x08001328       0x28 ./Core/Src/main.o
 .text.LL_FLASH_GetLatency
                0x08001350       0x1c ./Core/Src/main.o
 .text.LL_PWR_SetRegulVoltageScaling
                0x0800136c       0x28 ./Core/Src/main.o
 .text.LL_PWR_IsActiveFlag_VOS
                0x08001394       0x28 ./Core/Src/main.o
 .text.LL_TIM_EnableCounter
                0x080013bc       0x20 ./Core/Src/main.o
 .text.LL_TIM_SetCounter
                0x080013dc       0x1c ./Core/Src/main.o
 .text.LL_TIM_CC_EnableChannel
                0x080013f8       0x22 ./Core/Src/main.o
 .text.LL_TIM_EnableAllOutputs
                0x0800141a       0x20 ./Core/Src/main.o
 .text.LL_TIM_ClearFlag_UPDATE
                0x0800143a       0x1c ./Core/Src/main.o
 .text.LL_TIM_EnableIT_UPDATE
                0x08001456       0x20 ./Core/Src/main.o
 *fill*         0x08001476        0x2 
 .text.ADC_Calibrate_And_Enable
                0x08001478       0x60 ./Core/Src/main.o
 .text.DMA_Arm_For_Capture
                0x080014d8       0x5c ./Core/Src/main.o
 .text.main     0x08001534      0x14c ./Core/Src/main.o
                0x08001534                main
 .text.SystemClock_Config
                0x08001680       0xac ./Core/Src/main.o
                0x08001680                SystemClock_Config
 .text.PeriphCommonClock_Config
                0x0800172c       0x2a ./Core/Src/main.o
                0x0800172c                PeriphCommonClock_Config
 *fill*         0x08001756        0x2 
 .text.on_tim2_update
                0x08001758       0x18 ./Core/Src/main.o
                0x08001758                on_tim2_update
 .text.on_dma_transfer_complete
                0x08001770       0x20 ./Core/Src/main.o
                0x08001770                on_dma_transfer_complete
 .text.Error_Handler
                0x08001790        0xc ./Core/Src/main.o
                0x08001790                Error_Handler
 .text.HAL_MspInit
                0x0800179c       0x48 ./Core/Src/stm32l4xx_hal_msp.o
                0x0800179c                HAL_MspInit
 .text.LL_DMA_IsActiveFlag_TC1
                0x080017e4       0x26 ./Core/Src/stm32l4xx_it.o
 .text.LL_DMA_IsActiveFlag_TE1
                0x0800180a       0x26 ./Core/Src/stm32l4xx_it.o
 .text.LL_DMA_ClearFlag_TC1
                0x08001830       0x1a ./Core/Src/stm32l4xx_it.o
 .text.LL_DMA_ClearFlag_TE1
                0x0800184a       0x1a ./Core/Src/stm32l4xx_it.o
 .text.LL_TIM_ClearFlag_UPDATE
                0x08001864       0x1c ./Core/Src/stm32l4xx_it.o
 .text.LL_TIM_IsActiveFlag_UPDATE
                0x08001880       0x26 ./Core/Src/stm32l4xx_it.o
 .text.NMI_Handler
                0x080018a6        0x8 ./Core/Src/stm32l4xx_it.o
                0x080018a6                NMI_Handler
 .text.HardFault_Handler
                0x080018ae        0x8 ./Core/Src/stm32l4xx_it.o
                0x080018ae                HardFault_Handler
 .text.MemManage_Handler
                0x080018b6        0x8 ./Core/Src/stm32l4xx_it.o
                0x080018b6                MemManage_Handler
 .text.BusFault_Handler
                0x080018be        0x8 ./Core/Src/stm32l4xx_it.o
                0x080018be                BusFault_Handler
 .text.UsageFault_Handler
                0x080018c6        0x8 ./Core/Src/stm32l4xx_it.o
                0x080018c6                UsageFault_Handler
 .text.SVC_Handler
                0x080018ce        0xe ./Core/Src/stm32l4xx_it.o
                0x080018ce                SVC_Handler
 .text.DebugMon_Handler
                0x080018dc        0xe ./Core/Src/stm32l4xx_it.o
                0x080018dc                DebugMon_Handler
 .text.PendSV_Handler
                0x080018ea        0xe ./Core/Src/stm32l4xx_it.o
                0x080018ea                PendSV_Handler
 .text.SysTick_Handler
                0x080018f8        0xc ./Core/Src/stm32l4xx_it.o
                0x080018f8                SysTick_Handler
 .text.DMA1_Channel1_IRQHandler
                0x08001904       0x34 ./Core/Src/stm32l4xx_it.o
                0x08001904                DMA1_Channel1_IRQHandler
 .text.TIM2_IRQHandler
                0x08001938       0x22 ./Core/Src/stm32l4xx_it.o
                0x08001938                TIM2_IRQHandler
 *fill*         0x0800195a        0x2 
 .text.USART1_IRQHandler
                0x0800195c       0x14 ./Core/Src/stm32l4xx_it.o
                0x0800195c                USART1_IRQHandler
 .text.OTG_FS_IRQHandler
                0x08001970       0x14 ./Core/Src/stm32l4xx_it.o
                0x08001970                OTG_FS_IRQHandler
 .text.SystemInit
                0x08001984       0x24 ./Core/Src/system_stm32l4xx.o
                0x08001984                SystemInit
 .text.__NVIC_GetPriorityGrouping
                0x080019a8       0x1c ./Core/Src/tim.o
 .text.__NVIC_EnableIRQ
                0x080019c4       0x3c ./Core/Src/tim.o
 .text.__NVIC_SetPriority
                0x08001a00       0x54 ./Core/Src/tim.o
 .text.NVIC_EncodePriority
                0x08001a54       0x66 ./Core/Src/tim.o
 *fill*         0x08001aba        0x2 
 .text.LL_AHB2_GRP1_EnableClock
                0x08001abc       0x30 ./Core/Src/tim.o
 .text.LL_APB1_GRP1_EnableClock
                0x08001aec       0x30 ./Core/Src/tim.o
 .text.LL_APB2_GRP1_EnableClock
                0x08001b1c       0x30 ./Core/Src/tim.o
 .text.LL_TIM_EnableARRPreload
                0x08001b4c       0x20 ./Core/Src/tim.o
 .text.LL_TIM_DisableARRPreload
                0x08001b6c       0x20 ./Core/Src/tim.o
 .text.LL_TIM_OC_DisableFast
                0x08001b8c       0xa4 ./Core/Src/tim.o
 .text.LL_TIM_OC_EnablePreload
                0x08001c30       0xa0 ./Core/Src/tim.o
 .text.LL_TIM_DisableExternalClock
                0x08001cd0       0x20 ./Core/Src/tim.o
 .text.LL_TIM_SetClockSource
                0x08001cf0       0x2a ./Core/Src/tim.o
 .text.LL_TIM_SetTriggerOutput
                0x08001d1a       0x26 ./Core/Src/tim.o
 .text.LL_TIM_SetTriggerOutput2
                0x08001d40       0x26 ./Core/Src/tim.o
 .text.LL_TIM_SetSlaveMode
                0x08001d66       0x2a ./Core/Src/tim.o
 .text.LL_TIM_SetTriggerInput
                0x08001d90       0x26 ./Core/Src/tim.o
 .text.LL_TIM_EnableMasterSlaveMode
                0x08001db6       0x20 ./Core/Src/tim.o
 .text.LL_TIM_ConfigETR
                0x08001dd6       0x32 ./Core/Src/tim.o
 .text.LL_TIM_SetOCRefClearInputSource
                0x08001e08       0x26 ./Core/Src/tim.o
 .text.LL_TIM_DisableIT_TRIG
                0x08001e2e       0x20 ./Core/Src/tim.o
 .text.LL_TIM_DisableDMAReq_TRIG
                0x08001e4e       0x20 ./Core/Src/tim.o
 *fill*         0x08001e6e        0x2 
 .text.MX_TIM2_Init
                0x08001e70      0x148 ./Core/Src/tim.o
                0x08001e70                MX_TIM2_Init
 .text.MX_TIM3_Init
                0x08001fb8       0xfc ./Core/Src/tim.o
                0x08001fb8                MX_TIM3_Init
 .text.MX_TIM4_Init
                0x080020b4      0x11c ./Core/Src/tim.o
                0x080020b4                MX_TIM4_Init
 .text.MX_TIM8_Init
                0x080021d0      0x18c ./Core/Src/tim.o
                0x080021d0                MX_TIM8_Init
 .text.LL_RCC_SetUSARTClockSource
                0x0800235c       0x34 ./Core/Src/usart.o
 .text.MX_USART1_UART_Init
                0x08002390       0x60 ./Core/Src/usart.o
                0x08002390                MX_USART1_UART_Init
 .text.HAL_UART_MspInit
                0x080023f0       0xa0 ./Core/Src/usart.o
                0x080023f0                HAL_UART_MspInit
 .text.Reset_Handler
                0x08002490       0x50 ./Core/Startup/startup_stm32l476rgtx.o
                0x08002490                Reset_Handler
 .text.Default_Handler
                0x080024e0        0x2 ./Core/Startup/startup_stm32l476rgtx.o
                0x080024e0                TIM1_BRK_TIM15_IRQHandler
                0x080024e0                EXTI2_IRQHandler
                0x080024e0                TIM8_TRG_COM_IRQHandler
                0x080024e0                TIM8_CC_IRQHandler
                0x080024e0                TIM1_CC_IRQHandler
                0x080024e0                TSC_IRQHandler
                0x080024e0                TAMP_STAMP_IRQHandler
                0x080024e0                EXTI3_IRQHandler
                0x080024e0                LPTIM2_IRQHandler
                0x080024e0                DFSDM1_FLT1_IRQHandler
                0x080024e0                I2C3_ER_IRQHandler
                0x080024e0                DFSDM1_FLT2_IRQHandler
                0x080024e0                EXTI0_IRQHandler
                0x080024e0                I2C2_EV_IRQHandler
                0x080024e0                CAN1_RX0_IRQHandler
                0x080024e0                FPU_IRQHandler
                0x080024e0                TIM1_UP_TIM16_IRQHandler
                0x080024e0                ADC1_2_IRQHandler
                0x080024e0                SPI1_IRQHandler
                0x080024e0                TIM6_DAC_IRQHandler
                0x080024e0                TIM8_UP_IRQHandler
                0x080024e0                DMA2_Channel2_IRQHandler
                0x080024e0                DMA1_Channel4_IRQHandler
                0x080024e0                SAI2_IRQHandler
                0x080024e0                DFSDM1_FLT3_IRQHandler
                0x080024e0                USART3_IRQHandler
                0x080024e0                DMA1_Channel7_IRQHandler
                0x080024e0                CAN1_RX1_IRQHandler
                0x080024e0                LCD_IRQHandler
                0x080024e0                UART5_IRQHandler
                0x080024e0                ADC3_IRQHandler
                0x080024e0                TIM4_IRQHandler
                0x080024e0                DMA2_Channel1_IRQHandler
                0x080024e0                QUADSPI_IRQHandler
                0x080024e0                I2C1_EV_IRQHandler
                0x080024e0                DMA1_Channel6_IRQHandler
                0x080024e0                UART4_IRQHandler
                0x080024e0                DMA2_Channel4_IRQHandler
                0x080024e0                TIM3_IRQHandler
                0x080024e0                RCC_IRQHandler
                0x080024e0                Default_Handler
                0x080024e0                DMA2_Channel7_IRQHandler
                0x080024e0                EXTI15_10_IRQHandler
                0x080024e0                TIM7_IRQHandler
                0x080024e0                SDMMC1_IRQHandler
                0x080024e0                TIM5_IRQHandler
                0x080024e0                I2C3_EV_IRQHandler
                0x080024e0                EXTI9_5_IRQHandler
                0x080024e0                RTC_WKUP_IRQHandler
                0x080024e0                PVD_PVM_IRQHandler
                0x080024e0                SPI2_IRQHandler
                0x080024e0                CAN1_TX_IRQHandler
                0x080024e0                DMA2_Channel5_IRQHandler
                0x080024e0                DMA1_Channel5_IRQHandler
                0x080024e0                EXTI4_IRQHandler
                0x080024e0                RNG_IRQHandler
                0x080024e0                TIM1_TRG_COM_TIM17_IRQHandler
                0x080024e0                DMA1_Channel3_IRQHandler
                0x080024e0                COMP_IRQHandler
                0x080024e0                WWDG_IRQHandler
                0x080024e0                LPUART1_IRQHandler
                0x080024e0                DMA2_Channel6_IRQHandler
                0x080024e0                EXTI1_IRQHandler
                0x080024e0                USART2_IRQHandler
                0x080024e0                DFSDM1_FLT0_IRQHandler
                0x080024e0                I2C2_ER_IRQHandler
                0x080024e0                DMA1_Channel2_IRQHandler
                0x080024e0                TIM8_BRK_IRQHandler
                0x080024e0                CAN1_SCE_IRQHandler
                0x080024e0                FLASH_IRQHandler
                0x080024e0                SPI3_IRQHandler
                0x080024e0                I2C1_ER_IRQHandler
                0x080024e0                FMC_IRQHandler
                0x080024e0                SWPMI1_IRQHandler
                0x080024e0                LPTIM1_IRQHandler
                0x080024e0                SAI1_IRQHandler
                0x080024e0                DMA2_Channel3_IRQHandler
                0x080024e0                RTC_Alarm_IRQHandler
 .text.HAL_Init
                0x080024e2       0x30 ./Drivers/STM32L4xx_HAL_Driver/Src/stm32l4xx_hal.o
                0x080024e2                HAL_Init
 *fill*         0x08002512        0x2 
 .text.HAL_InitTick
                0x08002514       0x78 ./Drivers/STM32L4xx_HAL_Driver/Src/stm32l4xx_hal.o
                0x08002514                HAL_InitTick
 .text.HAL_IncTick
                0x0800258c       0x28 ./Drivers/STM32L4xx_HAL_Driver/Src/stm32l4xx_hal.o
                0x0800258c                HAL_IncTick
 .text.HAL_GetTick
                0x080025b4       0x18 ./Drivers/STM32L4xx_HAL_Driver/Src/stm32l4xx_hal.o
                0x080025b4                HAL_GetTick
 .text.HAL_Delay
                0x080025cc       0x48 ./Drivers/STM32L4xx_HAL_Driver/Src/stm32l4xx_hal.o
                0x080025cc                HAL_Delay
 .text.__NVIC_SetPriorityGrouping
                0x08002614       0x48 ./Drivers/STM32L4xx_HAL_Driver/Src/stm32l4xx_hal_cortex.o
 .text.__NVIC_GetPriorityGrouping
                0x0800265c       0x1c ./Drivers/STM32L4xx_HAL_Driver/Src/stm32l4xx_hal_cortex.o
 .text.__NVIC_EnableIRQ
                0x08002678       0x3c ./Drivers/STM32L4xx_HAL_Driver/Src/stm32l4xx_hal_cortex.o
 .text.__NVIC_SetPriority
                0x080026b4       0x54 ./Drivers/STM32L4xx_HAL_Driver/Src/stm32l4xx_hal_cortex.o
 .text.NVIC_EncodePriority
                0x08002708       0x66 ./Drivers/STM32L4xx_HAL_Driver/Src/stm32l4xx_hal_cortex.o
 *fill*         0x0800276e        0x2 
 .text.SysTick_Config
                0x08002770       0x44 ./Drivers/STM32L4xx_HAL_Driver/Src/stm32l4xx_hal_cortex.o
 .text.HAL_NVIC_SetPriorityGrouping
                0x080027b4       0x16 ./Drivers/STM32L4xx_HAL_Driver/Src/stm32l4xx_hal_cortex.o
                0x080027b4                HAL_NVIC_SetPriorityGrouping
 .text.HAL_NVIC_SetPriority
                0x080027ca       0x38 ./Drivers/STM32L4xx_HAL_Driver/Src/stm32l4xx_hal_cortex.o
                0x080027ca                HAL_NVIC_SetPriority
 .text.HAL_NVIC_EnableIRQ
                0x08002802       0x1c ./Drivers/STM32L4xx_HAL_Driver/Src/stm32l4xx_hal_cortex.o
                0x08002802                HAL_NVIC_EnableIRQ
 .text.HAL_SYSTICK_Config
                0x0800281e       0x18 ./Drivers/STM32L4xx_HAL_Driver/Src/stm32l4xx_hal_cortex.o
                0x0800281e                HAL_SYSTICK_Config
 .text.HAL_DMA_Abort
                0x08002836       0x82 ./Drivers/STM32L4xx_HAL_Driver/Src/stm32l4xx_hal_dma.o
                0x08002836                HAL_DMA_Abort
 .text.HAL_DMA_Abort_IT
                0x080028b8       0x82 ./Drivers/STM32L4xx_HAL_Driver/Src/stm32l4xx_hal_dma.o
                0x080028b8                HAL_DMA_Abort_IT
 *fill*         0x0800293a        0x2 
 .text.HAL_GPIO_Init
                0x0800293c      0x354 ./Drivers/STM32L4xx_HAL_Driver/Src/stm32l4xx_hal_gpio.o
                0x0800293c                HAL_GPIO_Init
 .text.HAL_PCD_Init
                0x08002c90      0x21e ./Drivers/STM32L4xx_HAL_Driver/Src/stm32l4xx_hal_pcd.o
                0x08002c90                HAL_PCD_Init
 .text.HAL_PCD_Start
                0x08002eae       0x5e ./Drivers/STM32L4xx_HAL_Driver/Src/stm32l4xx_hal_pcd.o
                0x08002eae                HAL_PCD_Start
 .text.HAL_PCD_IRQHandler
                0x08002f0c      0x960 ./Drivers/STM32L4xx_HAL_Driver/Src/stm32l4xx_hal_pcd.o
                0x08002f0c                HAL_PCD_IRQHandler
 .text.HAL_PCD_SetAddress
                0x0800386c       0x48 ./Drivers/STM32L4xx_HAL_Driver/Src/stm32l4xx_hal_pcd.o
                0x0800386c                HAL_PCD_SetAddress
 .text.HAL_PCD_EP_Open
                0x080038b4       0xd4 ./Drivers/STM32L4xx_HAL_Driver/Src/stm32l4xx_hal_pcd.o
                0x080038b4                HAL_PCD_EP_Open
 .text.HAL_PCD_EP_Close
                0x08003988       0x94 ./Drivers/STM32L4xx_HAL_Driver/Src/stm32l4xx_hal_pcd.o
                0x08003988                HAL_PCD_EP_Close
 .text.HAL_PCD_EP_Receive
                0x08003a1c       0x64 ./Drivers/STM32L4xx_HAL_Driver/Src/stm32l4xx_hal_pcd.o
                0x08003a1c                HAL_PCD_EP_Receive
 .text.HAL_PCD_EP_GetRxCount
                0x08003a80       0x30 ./Drivers/STM32L4xx_HAL_Driver/Src/stm32l4xx_hal_pcd.o
                0x08003a80                HAL_PCD_EP_GetRxCount
 .text.HAL_PCD_EP_Transmit
                0x08003ab0       0x62 ./Drivers/STM32L4xx_HAL_Driver/Src/stm32l4xx_hal_pcd.o
                0x08003ab0                HAL_PCD_EP_Transmit
 .text.HAL_PCD_EP_SetStall
                0x08003b12       0xc4 ./Drivers/STM32L4xx_HAL_Driver/Src/stm32l4xx_hal_pcd.o
                0x08003b12                HAL_PCD_EP_SetStall
 .text.HAL_PCD_EP_ClrStall
                0x08003bd6       0xac ./Drivers/STM32L4xx_HAL_Driver/Src/stm32l4xx_hal_pcd.o
                0x08003bd6                HAL_PCD_EP_ClrStall
 .text.HAL_PCD_EP_Abort
                0x08003c82       0x62 ./Drivers/STM32L4xx_HAL_Driver/Src/stm32l4xx_hal_pcd.o
                0x08003c82                HAL_PCD_EP_Abort
 .text.PCD_WriteEmptyTxFifo
                0x08003ce4      0x110 ./Drivers/STM32L4xx_HAL_Driver/Src/stm32l4xx_hal_pcd.o
 .text.PCD_EP_OutXfrComplete_int
                0x08003df4       0x9c ./Drivers/STM32L4xx_HAL_Driver/Src/stm32l4xx_hal_pcd.o
 .text.PCD_EP_OutSetupPacket_int
                0x08003e90       0x68 ./Drivers/STM32L4xx_HAL_Driver/Src/stm32l4xx_hal_pcd.o
 .text.HAL_PCDEx_SetTxFiFo
                0x08003ef8       0x8e ./Drivers/STM32L4xx_HAL_Driver/Src/stm32l4xx_hal_pcd_ex.o
                0x08003ef8                HAL_PCDEx_SetTxFiFo
 .text.HAL_PCDEx_SetRxFiFo
                0x08003f86       0x22 ./Drivers/STM32L4xx_HAL_Driver/Src/stm32l4xx_hal_pcd_ex.o
                0x08003f86                HAL_PCDEx_SetRxFiFo
 .text.HAL_PCDEx_ActivateLPM
                0x08003fa8       0x48 ./Drivers/STM32L4xx_HAL_Driver/Src/stm32l4xx_hal_pcd_ex.o
                0x08003fa8                HAL_PCDEx_ActivateLPM
 .text.HAL_PWREx_EnableVddUSB
                0x08003ff0       0x20 ./Drivers/STM32L4xx_HAL_Driver/Src/stm32l4xx_hal_pwr_ex.o
                0x08003ff0                HAL_PWREx_EnableVddUSB
 .text.HAL_RCC_GetSysClockFreq
                0x08004010      0x118 ./Drivers/STM32L4xx_HAL_Driver/Src/stm32l4xx_hal_rcc.o
                0x08004010                HAL_RCC_GetSysClockFreq
 .text.HAL_RCC_GetHCLKFreq
                0x08004128       0x18 ./Drivers/STM32L4xx_HAL_Driver/Src/stm32l4xx_hal_rcc.o
                0x08004128                HAL_RCC_GetHCLKFreq
 .text.HAL_RCC_GetPCLK1Freq
                0x08004140       0x2c ./Drivers/STM32L4xx_HAL_Driver/Src/stm32l4xx_hal_rcc.o
                0x08004140                HAL_RCC_GetPCLK1Freq
 .text.HAL_RCC_GetPCLK2Freq
                0x0800416c       0x2c ./Drivers/STM32L4xx_HAL_Driver/Src/stm32l4xx_hal_rcc.o
                0x0800416c                HAL_RCC_GetPCLK2Freq
 .text.HAL_UART_Init
                0x08004198       0x9c ./Drivers/STM32L4xx_HAL_Driver/Src/stm32l4xx_hal_uart.o
                0x08004198                HAL_UART_Init
 .text.HAL_UART_Transmit
                0x08004234      0x126 ./Drivers/STM32L4xx_HAL_Driver/Src/stm32l4xx_hal_uart.o
                0x08004234                HAL_UART_Transmit
 *fill*         0x0800435a        0x2 
 .text.HAL_UART_IRQHandler
                0x0800435c      0x60c ./Drivers/STM32L4xx_HAL_Driver/Src/stm32l4xx_hal_uart.o
                0x0800435c                HAL_UART_IRQHandler
 .text.HAL_UART_TxCpltCallback
                0x08004968       0x14 ./Drivers/STM32L4xx_HAL_Driver/Src/stm32l4xx_hal_uart.o
                0x08004968                HAL_UART_TxCpltCallback
 .text.HAL_UART_ErrorCallback
                0x0800497c       0x14 ./Drivers/STM32L4xx_HAL_Driver/Src/stm32l4xx_hal_uart.o
                0x0800497c                HAL_UART_ErrorCallback
 .text.HAL_UARTEx_RxEventCallback
                0x08004990       0x18 ./Drivers/STM32L4xx_HAL_Driver/Src/stm32l4xx_hal_uart.o
                0x08004990                HAL_UARTEx_RxEventCallback
 .text.UART_SetConfig
                0x080049a8      0x570 ./Drivers/STM32L4xx_HAL_Driver/Src/stm32l4xx_hal_uart.o
                0x080049a8                UART_SetConfig
 .text.UART_AdvFeatureConfig
                0x08004f18      0x144 ./Drivers/STM32L4xx_HAL_Driver/Src/stm32l4xx_hal_uart.o
                0x08004f18                UART_AdvFeatureConfig
 .text.UART_CheckIdleState
                0x0800505c      0x150 ./Drivers/STM32L4xx_HAL_Driver/Src/stm32l4xx_hal_uart.o
                0x0800505c                UART_CheckIdleState
 .text.UART_WaitOnFlagUntilTimeout
                0x080051ac       0xda ./Drivers/STM32L4xx_HAL_Driver/Src/stm32l4xx_hal_uart.o
                0x080051ac                UART_WaitOnFlagUntilTimeout
 .text.UART_EndRxTransfer
                0x08005286       0xc8 ./Drivers/STM32L4xx_HAL_Driver/Src/stm32l4xx_hal_uart.o
 .text.UART_DMAAbortOnError
                0x0800534e       0x1c ./Drivers/STM32L4xx_HAL_Driver/Src/stm32l4xx_hal_uart.o
 .text.UART_EndTransmit_IT
                0x0800536a       0x54 ./Drivers/STM32L4xx_HAL_Driver/Src/stm32l4xx_hal_uart.o
 .text.HAL_UARTEx_WakeupCallback
                0x080053be       0x14 ./Drivers/STM32L4xx_HAL_Driver/Src/stm32l4xx_hal_uart_ex.o
                0x080053be                HAL_UARTEx_WakeupCallback
 .text.LL_ADC_REG_SetSequencerLength
                0x080053d2       0x26 ./Drivers/STM32L4xx_HAL_Driver/Src/stm32l4xx_ll_adc.o
 .text.LL_ADC_IsEnabled
                0x080053f8       0x26 ./Drivers/STM32L4xx_HAL_Driver/Src/stm32l4xx_ll_adc.o
 *fill*         0x0800541e        0x2 
 .text.LL_ADC_CommonInit
                0x08005420       0x90 ./Drivers/STM32L4xx_HAL_Driver/Src/stm32l4xx_ll_adc.o
                0x08005420                LL_ADC_CommonInit
 .text.LL_ADC_Init
                0x080054b0       0x4c ./Drivers/STM32L4xx_HAL_Driver/Src/stm32l4xx_ll_adc.o
                0x080054b0                LL_ADC_Init
 .text.LL_ADC_REG_Init
                0x080054fc       0x94 ./Drivers/STM32L4xx_HAL_Driver/Src/stm32l4xx_ll_adc.o
                0x080054fc                LL_ADC_REG_Init
 .text.LL_GPIO_SetPinMode
                0x08005590       0x7a ./Drivers/STM32L4xx_HAL_Driver/Src/stm32l4xx_ll_gpio.o
 .text.LL_GPIO_SetPinOutputType
                0x0800560a       0x30 ./Drivers/STM32L4xx_HAL_Driver/Src/stm32l4xx_ll_gpio.o
 .text.LL_GPIO_SetPinSpeed
                0x0800563a       0x7a ./Drivers/STM32L4xx_HAL_Driver/Src/stm32l4xx_ll_gpio.o
 .text.LL_GPIO_SetPinPull
                0x080056b4       0x7a ./Drivers/STM32L4xx_HAL_Driver/Src/stm32l4xx_ll_gpio.o
 .text.LL_GPIO_SetAFPin_0_7
                0x0800572e       0x7a ./Drivers/STM32L4xx_HAL_Driver/Src/stm32l4xx_ll_gpio.o
 .text.LL_GPIO_SetAFPin_8_15
                0x080057a8       0x7e ./Drivers/STM32L4xx_HAL_Driver/Src/stm32l4xx_ll_gpio.o
 .text.LL_GPIO_Init
                0x08005826       0xdc ./Drivers/STM32L4xx_HAL_Driver/Src/stm32l4xx_ll_gpio.o
                0x08005826                LL_GPIO_Init
 .text.LL_TIM_SetPrescaler
                0x08005902       0x1c ./Drivers/STM32L4xx_HAL_Driver/Src/stm32l4xx_ll_tim.o
 .text.LL_TIM_SetAutoReload
                0x0800591e       0x1c ./Drivers/STM32L4xx_HAL_Driver/Src/stm32l4xx_ll_tim.o
 .text.LL_TIM_SetRepetitionCounter
                0x0800593a       0x1c ./Drivers/STM32L4xx_HAL_Driver/Src/stm32l4xx_ll_tim.o
 .text.LL_TIM_OC_SetCompareCH1
                0x08005956       0x1c ./Drivers/STM32L4xx_HAL_Driver/Src/stm32l4xx_ll_tim.o
 .text.LL_TIM_OC_SetCompareCH2
                0x08005972       0x1c ./Drivers/STM32L4xx_HAL_Driver/Src/stm32l4xx_ll_tim.o
 .text.LL_TIM_OC_SetCompareCH3
                0x0800598e       0x1c ./Drivers/STM32L4xx_HAL_Driver/Src/stm32l4xx_ll_tim.o
 .text.LL_TIM_OC_SetCompareCH4
                0x080059aa       0x1c ./Drivers/STM32L4xx_HAL_Driver/Src/stm32l4xx_ll_tim.o
 .text.LL_TIM_OC_SetCompareCH5
                0x080059c6       0x26 ./Drivers/STM32L4xx_HAL_Driver/Src/stm32l4xx_ll_tim.o
 .text.LL_TIM_OC_SetCompareCH6
                0x080059ec       0x1c ./Drivers/STM32L4xx_HAL_Driver/Src/stm32l4xx_ll_tim.o
 .text.LL_TIM_GenerateEvent_UPDATE
                0x08005a08       0x20 ./Drivers/STM32L4xx_HAL_Driver/Src/stm32l4xx_ll_tim.o
 .text.LL_TIM_Init
                0x08005a28      0x128 ./Drivers/STM32L4xx_HAL_Driver/Src/stm32l4xx_ll_tim.o
                0x08005a28                LL_TIM_Init
 .text.LL_TIM_OC_Init
                0x08005b50       0xbe ./Drivers/STM32L4xx_HAL_Driver/Src/stm32l4xx_ll_tim.o
                0x08005b50                LL_TIM_OC_Init
 *fill*         0x08005c0e        0x2 
 .text.LL_TIM_BDTR_Init
                0x08005c10       0xd4 ./Drivers/STM32L4xx_HAL_Driver/Src/stm32l4xx_ll_tim.o
                0x08005c10                LL_TIM_BDTR_Init
 .text.OC1Config
                0x08005ce4      0x100 ./Drivers/STM32L4xx_HAL_Driver/Src/stm32l4xx_ll_tim.o
 .text.OC2Config
                0x08005de4      0x108 ./Drivers/STM32L4xx_HAL_Driver/Src/stm32l4xx_ll_tim.o
 .text.OC3Config
                0x08005eec      0x108 ./Drivers/STM32L4xx_HAL_Driver/Src/stm32l4xx_ll_tim.o
 .text.OC4Config
                0x08005ff4       0xd8 ./Drivers/STM32L4xx_HAL_Driver/Src/stm32l4xx_ll_tim.o
 .text.OC5Config
                0x080060cc       0xc8 ./Drivers/STM32L4xx_HAL_Driver/Src/stm32l4xx_ll_tim.o
 .text.OC6Config
                0x08006194       0xc8 ./Drivers/STM32L4xx_HAL_Driver/Src/stm32l4xx_ll_tim.o
 .text.USB_CoreInit
                0x0800625c       0x5a ./Drivers/STM32L4xx_HAL_Driver/Src/stm32l4xx_ll_usb.o
                0x0800625c                USB_CoreInit
 *fill*         0x080062b6        0x2 
 .text.USB_SetTurnaroundTime
                0x080062b8      0x138 ./Drivers/STM32L4xx_HAL_Driver/Src/stm32l4xx_ll_usb.o
                0x080062b8                USB_SetTurnaroundTime
 .text.USB_EnableGlobalInt
                0x080063f0       0x22 ./Drivers/STM32L4xx_HAL_Driver/Src/stm32l4xx_ll_usb.o
                0x080063f0                USB_EnableGlobalInt
 .text.USB_DisableGlobalInt
                0x08006412       0x22 ./Drivers/STM32L4xx_HAL_Driver/Src/stm32l4xx_ll_usb.o
                0x08006412                USB_DisableGlobalInt
 .text.USB_SetCurrentMode
                0x08006434       0x98 ./Drivers/STM32L4xx_HAL_Driver/Src/stm32l4xx_ll_usb.o
                0x08006434                USB_SetCurrentMode
 .text.USB_DevInit
                0x080064cc      0x290 ./Drivers/STM32L4xx_HAL_Driver/Src/stm32l4xx_ll_usb.o
                0x080064cc                USB_DevInit
 .text.USB_FlushTxFifo
                0x0800675c       0x64 ./Drivers/STM32L4xx_HAL_Driver/Src/stm32l4xx_ll_usb.o
                0x0800675c                USB_FlushTxFifo
 .text.USB_FlushRxFifo
                0x080067c0       0x5c ./Drivers/STM32L4xx_HAL_Driver/Src/stm32l4xx_ll_usb.o
                0x080067c0                USB_FlushRxFifo
 .text.USB_SetDevSpeed
                0x0800681c       0x32 ./Drivers/STM32L4xx_HAL_Driver/Src/stm32l4xx_ll_usb.o
                0x0800681c                USB_SetDevSpeed
 .text.USB_GetDevSpeed
                0x0800684e       0x3e ./Drivers/STM32L4xx_HAL_Driver/Src/stm32l4xx_ll_usb.o
                0x0800684e                USB_GetDevSpeed
 .text.USB_ActivateEndpoint
                0x0800688c      0x10e ./Drivers/STM32L4xx_HAL_Driver/Src/stm32l4xx_ll_usb.o
                0x0800688c                USB_ActivateEndpoint
 *fill*         0x0800699a        0x2 
 .text.USB_DeactivateEndpoint
                0x0800699c      0x1b8 ./Drivers/STM32L4xx_HAL_Driver/Src/stm32l4xx_ll_usb.o
                0x0800699c                USB_DeactivateEndpoint
 .text.USB_EPStartXfer
                0x08006b54      0x470 ./Drivers/STM32L4xx_HAL_Driver/Src/stm32l4xx_ll_usb.o
                0x08006b54                USB_EPStartXfer
 .text.USB_EPStopXfer
                0x08006fc4      0x1fa ./Drivers/STM32L4xx_HAL_Driver/Src/stm32l4xx_ll_usb.o
                0x08006fc4                USB_EPStopXfer
 .text.USB_EPSetStall
                0x080071be       0xdc ./Drivers/STM32L4xx_HAL_Driver/Src/stm32l4xx_ll_usb.o
                0x080071be                USB_EPSetStall
 .text.USB_EPClearStall
                0x0800729a       0xcc ./Drivers/STM32L4xx_HAL_Driver/Src/stm32l4xx_ll_usb.o
                0x0800729a                USB_EPClearStall
 .text.USB_WritePacket
                0x08007366       0x74 ./Drivers/STM32L4xx_HAL_Driver/Src/stm32l4xx_ll_usb.o
                0x08007366                USB_WritePacket
 .text.USB_ReadPacket
                0x080073da       0xb0 ./Drivers/STM32L4xx_HAL_Driver/Src/stm32l4xx_ll_usb.o
                0x080073da                USB_ReadPacket
 .text.USB_SetDevAddress
                0x0800748a       0x4c ./Drivers/STM32L4xx_HAL_Driver/Src/stm32l4xx_ll_usb.o
                0x0800748a                USB_SetDevAddress
 .text.USB_DevConnect
                0x080074d6       0x42 ./Drivers/STM32L4xx_HAL_Driver/Src/stm32l4xx_ll_usb.o
                0x080074d6                USB_DevConnect
 .text.USB_DevDisconnect
                0x08007518       0x42 ./Drivers/STM32L4xx_HAL_Driver/Src/stm32l4xx_ll_usb.o
                0x08007518                USB_DevDisconnect
 .text.USB_ReadInterrupts
                0x0800755a       0x26 ./Drivers/STM32L4xx_HAL_Driver/Src/stm32l4xx_ll_usb.o
                0x0800755a                USB_ReadInterrupts
 .text.USB_ReadDevAllOutEpInterrupt
                0x08007580       0x34 ./Drivers/STM32L4xx_HAL_Driver/Src/stm32l4xx_ll_usb.o
                0x08007580                USB_ReadDevAllOutEpInterrupt
 .text.USB_ReadDevAllInEpInterrupt
                0x080075b4       0x34 ./Drivers/STM32L4xx_HAL_Driver/Src/stm32l4xx_ll_usb.o
                0x080075b4                USB_ReadDevAllInEpInterrupt
 .text.USB_ReadDevOutEPInterrupt
                0x080075e8       0x3c ./Drivers/STM32L4xx_HAL_Driver/Src/stm32l4xx_ll_usb.o
                0x080075e8                USB_ReadDevOutEPInterrupt
 .text.USB_ReadDevInEPInterrupt
                0x08007624       0x5c ./Drivers/STM32L4xx_HAL_Driver/Src/stm32l4xx_ll_usb.o
                0x08007624                USB_ReadDevInEPInterrupt
 .text.USB_GetMode
                0x08007680       0x1c ./Drivers/STM32L4xx_HAL_Driver/Src/stm32l4xx_ll_usb.o
                0x08007680                USB_GetMode
 .text.USB_ActivateSetup
                0x0800769c       0x46 ./Drivers/STM32L4xx_HAL_Driver/Src/stm32l4xx_ll_usb.o
                0x0800769c                USB_ActivateSetup
 *fill*         0x080076e2        0x2 
 .text.USB_EP0_OutStart
                0x080076e4       0x90 ./Drivers/STM32L4xx_HAL_Driver/Src/stm32l4xx_ll_usb.o
                0x080076e4                USB_EP0_OutStart
 .text.USB_CoreReset
                0x08007774       0x70 ./Drivers/STM32L4xx_HAL_Driver/Src/stm32l4xx_ll_usb.o
 .text.LL_SetSystemCoreClock
                0x080077e4       0x20 ./Drivers/STM32L4xx_HAL_Driver/Src/stm32l4xx_ll_utils.o
                0x080077e4                LL_SetSystemCoreClock
 .text.USBD_CDC_Init
                0x08007804      0x1f0 ./Middlewares/ST/STM32_USB_Device_Library/Class/CDC/Src/usbd_cdc.o
 .text.USBD_CDC_DeInit
                0x080079f4      0x104 ./Middlewares/ST/STM32_USB_Device_Library/Class/CDC/Src/usbd_cdc.o
 .text.USBD_CDC_Setup
                0x08007af8      0x1b8 ./Middlewares/ST/STM32_USB_Device_Library/Class/CDC/Src/usbd_cdc.o
 .text.USBD_CDC_DataIn
                0x08007cb0       0xfe ./Middlewares/ST/STM32_USB_Device_Library/Class/CDC/Src/usbd_cdc.o
 .text.USBD_CDC_DataOut
                0x08007dae       0x70 ./Middlewares/ST/STM32_USB_Device_Library/Class/CDC/Src/usbd_cdc.o
 .text.USBD_CDC_EP0_RxReady
                0x08007e1e       0x74 ./Middlewares/ST/STM32_USB_Device_Library/Class/CDC/Src/usbd_cdc.o
 *fill*         0x08007e92        0x2 
 .text.USBD_CDC_GetFSCfgDesc
                0x08007e94       0x70 ./Middlewares/ST/STM32_USB_Device_Library/Class/CDC/Src/usbd_cdc.o
 .text.USBD_CDC_GetHSCfgDesc
                0x08007f04       0x70 ./Middlewares/ST/STM32_USB_Device_Library/Class/CDC/Src/usbd_cdc.o
 .text.USBD_CDC_GetOtherSpeedCfgDesc
                0x08007f74       0x70 ./Middlewares/ST/STM32_USB_Device_Library/Class/CDC/Src/usbd_cdc.o
 .text.USBD_CDC_GetDeviceQualifierDescriptor
                0x08007fe4       0x20 ./Middlewares/ST/STM32_USB_Device_Library/Class/CDC/Src/usbd_cdc.o
                0x08007fe4                USBD_CDC_GetDeviceQualifierDescriptor
 .text.USBD_CDC_RegisterInterface
                0x08008004       0x34 ./Middlewares/ST/STM32_USB_Device_Library/Class/CDC/Src/usbd_cdc.o
                0x08008004                USBD_CDC_RegisterInterface
 .text.USBD_CDC_SetTxBuffer
                0x08008038       0x44 ./Middlewares/ST/STM32_USB_Device_Library/Class/CDC/Src/usbd_cdc.o
                0x08008038                USBD_CDC_SetTxBuffer
 .text.USBD_CDC_SetRxBuffer
                0x0800807c       0x3a ./Middlewares/ST/STM32_USB_Device_Library/Class/CDC/Src/usbd_cdc.o
                0x0800807c                USBD_CDC_SetRxBuffer
 *fill*         0x080080b6        0x2 
 .text.USBD_CDC_ReceivePacket
                0x080080b8       0x6c ./Middlewares/ST/STM32_USB_Device_Library/Class/CDC/Src/usbd_cdc.o
                0x080080b8                USBD_CDC_ReceivePacket
 .text.USBD_Init
                0x08008124       0x60 ./Middlewares/ST/STM32_USB_Device_Library/Core/Src/usbd_core.o
                0x08008124                USBD_Init
 .text.USBD_RegisterClass
                0x08008184       0x6c ./Middlewares/ST/STM32_USB_Device_Library/Core/Src/usbd_core.o
                0x08008184                USBD_RegisterClass
 .text.USBD_Start
                0x080081f0       0x18 ./Middlewares/ST/STM32_USB_Device_Library/Core/Src/usbd_core.o
                0x080081f0                USBD_Start
 .text.USBD_RunTestMode
                0x08008208       0x16 ./Middlewares/ST/STM32_USB_Device_Library/Core/Src/usbd_core.o
                0x08008208                USBD_RunTestMode
 .text.USBD_SetClassConfig
                0x0800821e       0x38 ./Middlewares/ST/STM32_USB_Device_Library/Core/Src/usbd_core.o
                0x0800821e                USBD_SetClassConfig
 .text.USBD_ClrClassConfig
                0x08008256       0x34 ./Middlewares/ST/STM32_USB_Device_Library/Core/Src/usbd_core.o
                0x08008256                USBD_ClrClassConfig
 .text.USBD_LL_SetupStage
                0x0800828a       0xaa ./Middlewares/ST/STM32_USB_Device_Library/Core/Src/usbd_core.o
                0x0800828a                USBD_LL_SetupStage
 .text.USBD_LL_DataOutStage
                0x08008334      0x178 ./Middlewares/ST/STM32_USB_Device_Library/Core/Src/usbd_core.o
                0x08008334                USBD_LL_DataOutStage
 .text.USBD_LL_DataInStage
                0x080084ac      0x176 ./Middlewares/ST/STM32_USB_Device_Library/Core/Src/usbd_core.o
                0x080084ac                USBD_LL_DataInStage
 .text.USBD_LL_Reset
                0x08008622       0xa6 ./Middlewares/ST/STM32_USB_Device_Library/Core/Src/usbd_core.o
                0x08008622                USBD_LL_Reset
 .text.USBD_LL_SetSpeed
                0x080086c8       0x20 ./Middlewares/ST/STM32_USB_Device_Library/Core/Src/usbd_core.o
                0x080086c8                USBD_LL_SetSpeed
 .text.USBD_LL_Suspend
                0x080086e8       0x38 ./Middlewares/ST/STM32_USB_Device_Library/Core/Src/usbd_core.o
                0x080086e8                USBD_LL_Suspend
 .text.USBD_LL_Resume
                0x08008720       0x30 ./Middlewares/ST/STM32_USB_Device_Library/Core/Src/usbd_core.o
                0x08008720                USBD_LL_Resume
 .text.USBD_LL_SOF
                0x08008750       0x40 ./Middlewares/ST/STM32_USB_Device_Library/Core/Src/usbd_core.o
                0x08008750                USBD_LL_SOF
 .text.USBD_LL_IsoINIncomplete
                0x08008790       0x64 ./Middlewares/ST/STM32_USB_Device_Library/Core/Src/usbd_core.o
                0x08008790                USBD_LL_IsoINIncomplete
 .text.USBD_LL_IsoOUTIncomplete
                0x080087f4       0x64 ./Middlewares/ST/STM32_USB_Device_Library/Core/Src/usbd_core.o
                0x080087f4                USBD_LL_IsoOUTIncomplete
 .text.USBD_LL_DevConnected
                0x08008858       0x16 ./Middlewares/ST/STM32_USB_Device_Library/Core/Src/usbd_core.o
                0x08008858                USBD_LL_DevConnected
 .text.USBD_LL_DevDisconnected
                0x0800886e       0x46 ./Middlewares/ST/STM32_USB_Device_Library/Core/Src/usbd_core.o
                0x0800886e                USBD_LL_DevDisconnected
 .text.USBD_CoreFindIF
                0x080088b4       0x1a ./Middlewares/ST/STM32_USB_Device_Library/Core/Src/usbd_core.o
                0x080088b4                USBD_CoreFindIF
 .text.USBD_CoreFindEP
                0x080088ce       0x1a ./Middlewares/ST/STM32_USB_Device_Library/Core/Src/usbd_core.o
                0x080088ce                USBD_CoreFindEP
 .text.USBD_GetEpDesc
                0x080088e8       0x70 ./Middlewares/ST/STM32_USB_Device_Library/Core/Src/usbd_core.o
                0x080088e8                USBD_GetEpDesc
 .text.USBD_GetNextDesc
                0x08008958       0x38 ./Middlewares/ST/STM32_USB_Device_Library/Core/Src/usbd_core.o
                0x08008958                USBD_GetNextDesc
 .text.SWAPBYTE
                0x08008990       0x3e ./Middlewares/ST/STM32_USB_Device_Library/Core/Src/usbd_ctlreq.o
 *fill*         0x080089ce        0x2 
 .text.USBD_StdDevReq
                0x080089d0       0xe4 ./Middlewares/ST/STM32_USB_Device_Library/Core/Src/usbd_ctlreq.o
                0x080089d0                USBD_StdDevReq
 .text.USBD_StdItfReq
                0x08008ab4       0xd8 ./Middlewares/ST/STM32_USB_Device_Library/Core/Src/usbd_ctlreq.o
                0x08008ab4                USBD_StdItfReq
 .text.USBD_StdEPReq
                0x08008b8c      0x33e ./Middlewares/ST/STM32_USB_Device_Library/Core/Src/usbd_ctlreq.o
                0x08008b8c                USBD_StdEPReq
 *fill*         0x08008eca        0x2 
 .text.USBD_GetDescriptor
                0x08008ecc      0x328 ./Middlewares/ST/STM32_USB_Device_Library/Core/Src/usbd_ctlreq.o
 .text.USBD_SetAddress
                0x080091f4       0x88 ./Middlewares/ST/STM32_USB_Device_Library/Core/Src/usbd_ctlreq.o
 .text.USBD_SetConfig
                0x0800927c      0x154 ./Middlewares/ST/STM32_USB_Device_Library/Core/Src/usbd_ctlreq.o
 .text.USBD_GetConfig
                0x080093d0       0x6c ./Middlewares/ST/STM32_USB_Device_Library/Core/Src/usbd_ctlreq.o
 .text.USBD_GetStatus
                0x0800943c       0x68 ./Middlewares/ST/STM32_USB_Device_Library/Core/Src/usbd_ctlreq.o
 .text.USBD_SetFeature
                0x080094a4       0x52 ./Middlewares/ST/STM32_USB_Device_Library/Core/Src/usbd_ctlreq.o
 .text.USBD_ClrFeature
                0x080094f6       0x44 ./Middlewares/ST/STM32_USB_Device_Library/Core/Src/usbd_ctlreq.o
 .text.USBD_ParseSetupRequest
                0x0800953a       0x74 ./Middlewares/ST/STM32_USB_Device_Library/Core/Src/usbd_ctlreq.o
                0x0800953a                USBD_ParseSetupRequest
 .text.USBD_CtlError
                0x080095ae       0x22 ./Middlewares/ST/STM32_USB_Device_Library/Core/Src/usbd_ctlreq.o
                0x080095ae                USBD_CtlError
 .text.USBD_GetString
                0x080095d0       0xa4 ./Middlewares/ST/STM32_USB_Device_Library/Core/Src/usbd_ctlreq.o
                0x080095d0                USBD_GetString
 .text.USBD_GetLen
                0x08009674       0x34 ./Middlewares/ST/STM32_USB_Device_Library/Core/Src/usbd_ctlreq.o
 .text.USBD_CtlSendData
                0x080096a8       0x3c ./Middlewares/ST/STM32_USB_Device_Library/Core/Src/usbd_ioreq.o
                0x080096a8                USBD_CtlSendData
 .text.USBD_CtlContinueSendData
                0x080096e4       0x22 ./Middlewares/ST/STM32_USB_Device_Library/Core/Src/usbd_ioreq.o
                0x080096e4                USBD_CtlContinueSendData
 .text.USBD_CtlPrepareRx
                0x08009706       0x42 ./Middlewares/ST/STM32_USB_Device_Library/Core/Src/usbd_ioreq.o
                0x08009706                USBD_CtlPrepareRx
 .text.USBD_CtlContinueRx
                0x08009748       0x22 ./Middlewares/ST/STM32_USB_Device_Library/Core/Src/usbd_ioreq.o
                0x08009748                USBD_CtlContinueRx
 .text.USBD_CtlSendStatus
                0x0800976a       0x26 ./Middlewares/ST/STM32_USB_Device_Library/Core/Src/usbd_ioreq.o
                0x0800976a                USBD_CtlSendStatus
 .text.USBD_CtlReceiveStatus
                0x08009790       0x26 ./Middlewares/ST/STM32_USB_Device_Library/Core/Src/usbd_ioreq.o
                0x08009790                USBD_CtlReceiveStatus
 *fill*         0x080097b6        0x2 
 .text.MX_USB_DEVICE_Init
                0x080097b8       0x60 ./USB_DEVICE/App/usb_device.o
                0x080097b8                MX_USB_DEVICE_Init
 .text.CDC_Init_FS
                0x08009818       0x28 ./USB_DEVICE/App/usbd_cdc_if.o
 .text.CDC_DeInit_FS
                0x08009840       0x10 ./USB_DEVICE/App/usbd_cdc_if.o
 .text.CDC_Control_FS
                0x08009850       0xbc ./USB_DEVICE/App/usbd_cdc_if.o
 .text.CDC_Receive_FS
                0x0800990c       0x28 ./USB_DEVICE/App/usbd_cdc_if.o
 .text.CDC_TransmitCplt_FS
                0x08009934       0x22 ./USB_DEVICE/App/usbd_cdc_if.o
 *fill*         0x08009956        0x2 
 .text.USBD_FS_DeviceDescriptor
                0x08009958       0x24 ./USB_DEVICE/App/usbd_desc.o
                0x08009958                USBD_FS_DeviceDescriptor
 .text.USBD_FS_LangIDStrDescriptor
                0x0800997c       0x24 ./USB_DEVICE/App/usbd_desc.o
                0x0800997c                USBD_FS_LangIDStrDescriptor
 .text.USBD_FS_ProductStrDescriptor
                0x080099a0       0x3c ./USB_DEVICE/App/usbd_desc.o
                0x080099a0                USBD_FS_ProductStrDescriptor
 .text.USBD_FS_ManufacturerStrDescriptor
                0x080099dc       0x28 ./USB_DEVICE/App/usbd_desc.o
                0x080099dc                USBD_FS_ManufacturerStrDescriptor
 .text.USBD_FS_SerialStrDescriptor
                0x08009a04       0x24 ./USB_DEVICE/App/usbd_desc.o
                0x08009a04                USBD_FS_SerialStrDescriptor
 .text.USBD_FS_ConfigStrDescriptor
                0x08009a28       0x3c ./USB_DEVICE/App/usbd_desc.o
                0x08009a28                USBD_FS_ConfigStrDescriptor
 .text.USBD_FS_InterfaceStrDescriptor
                0x08009a64       0x3c ./USB_DEVICE/App/usbd_desc.o
                0x08009a64                USBD_FS_InterfaceStrDescriptor
 .text.USBD_FS_USR_BOSDescriptor
                0x08009aa0       0x24 ./USB_DEVICE/App/usbd_desc.o
                0x08009aa0                USBD_FS_USR_BOSDescriptor
 .text.Get_SerialNum
                0x08009ac4       0x58 ./USB_DEVICE/App/usbd_desc.o
 .text.IntToUnicode
                0x08009b1c       0x7e ./USB_DEVICE/App/usbd_desc.o
 *fill*         0x08009b9a        0x2 
 .text.LL_RCC_SetUSBClockSource
                0x08009b9c       0x2c ./USB_DEVICE/Target/usbd_conf.o
 .text.HAL_PCD_MspInit
                0x08009bc8       0xd4 ./USB_DEVICE/Target/usbd_conf.o
                0x08009bc8                HAL_PCD_MspInit
 .text.HAL_PCD_SetupStageCallback
                0x08009c9c       0x24 ./USB_DEVICE/Target/usbd_conf.o
                0x08009c9c                HAL_PCD_SetupStageCallback
 .text.HAL_PCD_DataOutStageCallback
                0x08009cc0       0x36 ./USB_DEVICE/Target/usbd_conf.o
                0x08009cc0                HAL_PCD_DataOutStageCallback
 .text.HAL_PCD_DataInStageCallback
                0x08009cf6       0x34 ./USB_DEVICE/Target/usbd_conf.o
                0x08009cf6                HAL_PCD_DataInStageCallback
 .text.HAL_PCD_SOFCallback
                0x08009d2a       0x1c ./USB_DEVICE/Target/usbd_conf.o
                0x08009d2a                HAL_PCD_SOFCallback
 .text.HAL_PCD_ResetCallback
                0x08009d46       0x3c ./USB_DEVICE/Target/usbd_conf.o
                0x08009d46                HAL_PCD_ResetCallback
 *fill*         0x08009d82        0x2 
 .text.HAL_PCD_SuspendCallback
                0x08009d84       0x4c ./USB_DEVICE/Target/usbd_conf.o
                0x08009d84                HAL_PCD_SuspendCallback
 .text.HAL_PCD_ResumeCallback
                0x08009dd0       0x50 ./USB_DEVICE/Target/usbd_conf.o
                0x08009dd0                HAL_PCD_ResumeCallback
 .text.HAL_PCD_ISOOUTIncompleteCallback
                0x08009e20       0x24 ./USB_DEVICE/Target/usbd_conf.o
                0x08009e20                HAL_PCD_ISOOUTIncompleteCallback
 .text.HAL_PCD_ISOINIncompleteCallback
                0x08009e44       0x24 ./USB_DEVICE/Target/usbd_conf.o
                0x08009e44                HAL_PCD_ISOINIncompleteCallback
 .text.HAL_PCD_ConnectCallback
                0x08009e68       0x1c ./USB_DEVICE/Target/usbd_conf.o
                0x08009e68                HAL_PCD_ConnectCallback
 .text.HAL_PCD_DisconnectCallback
                0x08009e84       0x1c ./USB_DEVICE/Target/usbd_conf.o
                0x08009e84                HAL_PCD_DisconnectCallback
 .text.USBD_LL_Init
                0x08009ea0       0x98 ./USB_DEVICE/Target/usbd_conf.o
                0x08009ea0                USBD_LL_Init
 .text.USBD_LL_Start
                0x08009f38       0x64 ./USB_DEVICE/Target/usbd_conf.o
                0x08009f38                USBD_LL_Start
 .text.USBD_LL_OpenEP
                0x08009f9c       0x7c ./USB_DEVICE/Target/usbd_conf.o
                0x08009f9c                USBD_LL_OpenEP
 .text.USBD_LL_CloseEP
                0x0800a018       0x6c ./USB_DEVICE/Target/usbd_conf.o
                0x0800a018                USBD_LL_CloseEP
 .text.USBD_LL_StallEP
                0x0800a084       0x6c ./USB_DEVICE/Target/usbd_conf.o
                0x0800a084                USBD_LL_StallEP
 .text.USBD_LL_ClearStallEP
                0x0800a0f0       0x6c ./USB_DEVICE/Target/usbd_conf.o
                0x0800a0f0                USBD_LL_ClearStallEP
 .text.USBD_LL_IsStallEP
                0x0800a15c       0x58 ./USB_DEVICE/Target/usbd_conf.o
                0x0800a15c                USBD_LL_IsStallEP
 .text.USBD_LL_SetUSBAddress
                0x0800a1b4       0x6c ./USB_DEVICE/Target/usbd_conf.o
                0x0800a1b4                USBD_LL_SetUSBAddress
 .text.USBD_LL_Transmit
                0x0800a220       0x70 ./USB_DEVICE/Target/usbd_conf.o
                0x0800a220                USBD_LL_Transmit
 .text.USBD_LL_PrepareReceive
                0x0800a290       0x70 ./USB_DEVICE/Target/usbd_conf.o
                0x0800a290                USBD_LL_PrepareReceive
 .text.USBD_LL_GetRxDataSize
                0x0800a300       0x26 ./USB_DEVICE/Target/usbd_conf.o
                0x0800a300                USBD_LL_GetRxDataSize
 *fill*         0x0800a326        0x2 
 .text.HAL_PCDEx_LPM_Callback
                0x0800a328       0x9c ./USB_DEVICE/Target/usbd_conf.o
                0x0800a328                HAL_PCDEx_LPM_Callback
 .text.USBD_static_malloc
                0x0800a3c4       0x1c ./USB_DEVICE/Target/usbd_conf.o
                0x0800a3c4                USBD_static_malloc
 .text.USBD_static_free
                0x0800a3e0       0x14 ./USB_DEVICE/Target/usbd_conf.o
                0x0800a3e0                USBD_static_free
 .text.SystemClockConfig_Resume
                0x0800a3f4        0xc ./USB_DEVICE/Target/usbd_conf.o
 .text.memset   0x0800a400       0x10 /Applications/STM32CubeIDE.app/Contents/Eclipse/plugins/com.st.stm32cube.ide.mcu.externaltools.gnu-tools-for-stm32.14.3.rel1.macosaarch64_1.0.0.202602081740/tools/bin/../lib/gcc/arm-none-eabi/14.3.1/../../../../arm-none-eabi/lib/thumb/v7e-m+fp/hard/libc_nano.a(libc_a-memset.o)
                0x0800a400                memset
 .text.__libc_init_array
                0x0800a410       0x48 /Applications/STM32CubeIDE.app/Contents/Eclipse/plugins/com.st.stm32cube.ide.mcu.externaltools.gnu-tools-for-stm32.14.3.rel1.macosaarch64_1.0.0.202602081740/tools/bin/../lib/gcc/arm-none-eabi/14.3.1/../../../../arm-none-eabi/lib/thumb/v7e-m+fp/hard/libc_nano.a(libc_a-init.o)
                0x0800a410                __libc_init_array
 *(.glue_7)
 .glue_7        0x0800a458        0x0 linker stubs
 *(.glue_7t)
 .glue_7t       0x0800a458        0x0 linker stubs
 *(.eh_frame)
 .eh_frame      0x0800a458        0x0 /Applications/STM32CubeIDE.app/Contents/Eclipse/plugins/com.st.stm32cube.ide.mcu.externaltools.gnu-tools-for-stm32.14.3.rel1.macosaarch64_1.0.0.202602081740/tools/bin/../lib/gcc/arm-none-eabi/14.3.1/thumb/v7e-m+fp/hard/crtbegin.o
 *(.init)
 .init          0x0800a458        0x4 /Applications/STM32CubeIDE.app/Contents/Eclipse/plugins/com.st.stm32cube.ide.mcu.externaltools.gnu-tools-for-stm32.14.3.rel1.macosaarch64_1.0.0.202602081740/tools/bin/../lib/gcc/arm-none-eabi/14.3.1/thumb/v7e-m+fp/hard/crti.o
                0x0800a458                _init
 .init          0x0800a45c        0x8 /Applications/STM32CubeIDE.app/Contents/Eclipse/plugins/com.st.stm32cube.ide.mcu.externaltools.gnu-tools-for-stm32.14.3.rel1.macosaarch64_1.0.0.202602081740/tools/bin/../lib/gcc/arm-none-eabi/14.3.1/thumb/v7e-m+fp/hard/crtn.o
 *(.fini)
 .fini          0x0800a464        0x4 /Applications/STM32CubeIDE.app/Contents/Eclipse/plugins/com.st.stm32cube.ide.mcu.externaltools.gnu-tools-for-stm32.14.3.rel1.macosaarch64_1.0.0.202602081740/tools/bin/../lib/gcc/arm-none-eabi/14.3.1/thumb/v7e-m+fp/hard/crti.o
                0x0800a464                _fini
 .fini          0x0800a468        0x8 /Applications/STM32CubeIDE.app/Contents/Eclipse/plugins/com.st.stm32cube.ide.mcu.externaltools.gnu-tools-for-stm32.14.3.rel1.macosaarch64_1.0.0.202602081740/tools/bin/../lib/gcc/arm-none-eabi/14.3.1/thumb/v7e-m+fp/hard/crtn.o
                0x0800a470                        . = ALIGN (0x4)
                0x0800a470                        _etext = .

.vfp11_veneer   0x0800a470        0x0
 .vfp11_veneer  0x0800a470        0x0 linker stubs

.v4_bx          0x0800a470        0x0
 .v4_bx         0x0800a470        0x0 linker stubs

.iplt           0x0800a470        0x0
 .iplt          0x0800a470        0x0 /Applications/STM32CubeIDE.app/Contents/Eclipse/plugins/com.st.stm32cube.ide.mcu.externaltools.gnu-tools-for-stm32.14.3.rel1.macosaarch64_1.0.0.202602081740/tools/bin/../lib/gcc/arm-none-eabi/14.3.1/thumb/v7e-m+fp/hard/crtbegin.o

.rodata         0x0800a470       0xb0
                0x0800a470                        . = ALIGN (0x4)
 *(.rodata)
 .rodata        0x0800a470        0x7 ./Core/Src/main.o
 *fill*         0x0800a477        0x1 
 .rodata        0x0800a478       0x46 ./USB_DEVICE/App/usbd_desc.o
 *(.rodata*)
 *fill*         0x0800a4be        0x2 
 .rodata.CHANNEL_OFFSET_TAB
                0x0800a4c0        0x7 ./Core/Src/adc.o
 *fill*         0x0800a4c7        0x1 
 .rodata.CHANNEL_OFFSET_TAB
                0x0800a4c8        0x7 ./Core/Src/main.o
 *fill*         0x0800a4cf        0x1 
 .rodata.APBPrescTable
                0x0800a4d0        0x8 ./Core/Src/system_stm32l4xx.o
                0x0800a4d0                APBPrescTable
 .rodata.MSIRangeTable
                0x0800a4d8       0x30 ./Core/Src/system_stm32l4xx.o
                0x0800a4d8                MSIRangeTable
 .rodata.OFFSET_TAB_CCMRx
                0x0800a508        0x9 ./Core/Src/tim.o
 *fill*         0x0800a511        0x3 
 .rodata.SHIFT_TAB_OCxx
                0x0800a514        0x9 ./Core/Src/tim.o
                0x0800a520                        . = ALIGN (0x4)
 *fill*         0x0800a51d        0x3 

.ARM.extab      0x0800a520        0x0
                0x0800a520                        . = ALIGN (0x4)
 *(.ARM.extab* .gnu.linkonce.armextab.*)
                0x0800a520                        . = ALIGN (0x4)

.ARM            0x0800a520        0x8
                0x0800a520                        . = ALIGN (0x4)
                0x0800a520                        __exidx_start = .
 *(.ARM.exidx*)
 .ARM.exidx     0x0800a520        0x8 /Applications/STM32CubeIDE.app/Contents/Eclipse/plugins/com.st.stm32cube.ide.mcu.externaltools.gnu-tools-for-stm32.14.3.rel1.macosaarch64_1.0.0.202602081740/tools/bin/../lib/gcc/arm-none-eabi/14.3.1/thumb/v7e-m+fp/hard/libgcc.a(_udivmoddi4.o)
                0x0800a528                        __exidx_end = .
                0x0800a528                        . = ALIGN (0x4)

.preinit_array  0x0800a528        0x0
                0x0800a528                        . = ALIGN (0x4)
                0x0800a528                        PROVIDE (__preinit_array_start = .)
 *(.preinit_array*)
                0x0800a528                        PROVIDE (__preinit_array_end = .)
                0x0800a528                        . = ALIGN (0x4)

.init_array     0x0800a528        0x4
                0x0800a528                        . = ALIGN (0x4)
                0x0800a528                        PROVIDE (__init_array_start = .)
 *(SORT_BY_NAME(.init_array.*))
 *(.init_array*)
 .init_array    0x0800a528        0x4 /Applications/STM32CubeIDE.app/Contents/Eclipse/plugins/com.st.stm32cube.ide.mcu.externaltools.gnu-tools-for-stm32.14.3.rel1.macosaarch64_1.0.0.202602081740/tools/bin/../lib/gcc/arm-none-eabi/14.3.1/thumb/v7e-m+fp/hard/crtbegin.o
                0x0800a52c                        PROVIDE (__init_array_end = .)
                0x0800a52c                        . = ALIGN (0x4)

.fini_array     0x0800a52c        0x4
                0x0800a52c                        . = ALIGN (0x4)
                [!provide]                        PROVIDE (__fini_array_start = .)
 *(SORT_BY_NAME(.fini_array.*))
 *(.fini_array*)
 .fini_array    0x0800a52c        0x4 /Applications/STM32CubeIDE.app/Contents/Eclipse/plugins/com.st.stm32cube.ide.mcu.externaltools.gnu-tools-for-stm32.14.3.rel1.macosaarch64_1.0.0.202602081740/tools/bin/../lib/gcc/arm-none-eabi/14.3.1/thumb/v7e-m+fp/hard/crtbegin.o
                [!provide]                        PROVIDE (__fini_array_end = .)
                0x0800a530                        . = ALIGN (0x4)
                0x0800a530                        _sidata = LOADADDR (.data)

.rel.dyn        0x0800a530        0x0
 .rel.iplt      0x0800a530        0x0 /Applications/STM32CubeIDE.app/Contents/Eclipse/plugins/com.st.stm32cube.ide.mcu.externaltools.gnu-tools-for-stm32.14.3.rel1.macosaarch64_1.0.0.202602081740/tools/bin/../lib/gcc/arm-none-eabi/14.3.1/thumb/v7e-m+fp/hard/crtbegin.o

.data           0x20000000      0x10c load address 0x0800a530
                0x20000000                        . = ALIGN (0x4)
                0x20000000                        _sdata = .
 *(.data)
 *(.data*)
 .data.SystemCoreClock
                0x20000000        0x4 ./Core/Src/system_stm32l4xx.o
                0x20000000                SystemCoreClock
 .data.uwTickPrio
                0x20000004        0x4 ./Drivers/STM32L4xx_HAL_Driver/Src/stm32l4xx_hal.o
                0x20000004                uwTickPrio
 .data.uwTickFreq
                0x20000008        0x1 ./Drivers/STM32L4xx_HAL_Driver/Src/stm32l4xx_hal.o
                0x20000008                uwTickFreq
 *fill*         0x20000009        0x3 
 .data.USBD_CDC_DeviceQualifierDesc
                0x2000000c        0xa ./Middlewares/ST/STM32_USB_Device_Library/Class/CDC/Src/usbd_cdc.o
 *fill*         0x20000016        0x2 
 .data.USBD_CDC
                0x20000018       0x38 ./Middlewares/ST/STM32_USB_Device_Library/Class/CDC/Src/usbd_cdc.o
                0x20000018                USBD_CDC
 .data.USBD_CDC_CfgDesc
                0x20000050       0x43 ./Middlewares/ST/STM32_USB_Device_Library/Class/CDC/Src/usbd_cdc.o
 .data.CDCInEpAdd
                0x20000093        0x1 ./Middlewares/ST/STM32_USB_Device_Library/Class/CDC/Src/usbd_cdc.o
 .data.CDCOutEpAdd
                0x20000094        0x1 ./Middlewares/ST/STM32_USB_Device_Library/Class/CDC/Src/usbd_cdc.o
 .data.CDCCmdEpAdd
                0x20000095        0x1 ./Middlewares/ST/STM32_USB_Device_Library/Class/CDC/Src/usbd_cdc.o
 *fill*         0x20000096        0x2 
 .data.USBD_Interface_fops_FS
                0x20000098       0x14 ./USB_DEVICE/App/usbd_cdc_if.o
                0x20000098                USBD_Interface_fops_FS
 .data.FS_Desc  0x200000ac       0x20 ./USB_DEVICE/App/usbd_desc.o
                0x200000ac                FS_Desc
 .data.USBD_FS_DeviceDesc
                0x200000cc       0x12 ./USB_DEVICE/App/usbd_desc.o
                0x200000cc                USBD_FS_DeviceDesc
 *fill*         0x200000de        0x2 
 .data.USBD_FS_BOSDesc
                0x200000e0        0xc ./USB_DEVICE/App/usbd_desc.o
                0x200000e0                USBD_FS_BOSDesc
 .data.USBD_LangIDDesc
                0x200000ec        0x4 ./USB_DEVICE/App/usbd_desc.o
                0x200000ec                USBD_LangIDDesc
 .data.USBD_StringSerial
                0x200000f0       0x1a ./USB_DEVICE/App/usbd_desc.o
                0x200000f0                USBD_StringSerial
 *(.RamFunc)
 *(.RamFunc*)
                0x2000010c                        . = ALIGN (0x4)
 *fill*         0x2000010a        0x2 
                0x2000010c                        _edata = .

.igot.plt       0x2000010c        0x0 load address 0x0800a63c
 .igot.plt      0x2000010c        0x0 /Applications/STM32CubeIDE.app/Contents/Eclipse/plugins/com.st.stm32cube.ide.mcu.externaltools.gnu-tools-for-stm32.14.3.rel1.macosaarch64_1.0.0.202602081740/tools/bin/../lib/gcc/arm-none-eabi/14.3.1/thumb/v7e-m+fp/hard/crtbegin.o
                0x2000010c                        . = ALIGN (0x4)

.bss            0x2000010c     0x4b70 load address 0x0800a63c
                0x2000010c                        _sbss = .
                0x2000010c                        __bss_start__ = _sbss
 *(.bss)
 .bss           0x2000010c       0x1c /Applications/STM32CubeIDE.app/Contents/Eclipse/plugins/com.st.stm32cube.ide.mcu.externaltools.gnu-tools-for-stm32.14.3.rel1.macosaarch64_1.0.0.202602081740/tools/bin/../lib/gcc/arm-none-eabi/14.3.1/thumb/v7e-m+fp/hard/crtbegin.o
 *(.bss*)
 .bss.CCDPixelBuffer
                0x20000128     0x2ee0 ./Core/Src/main.o
                0x20000128                CCDPixelBuffer
 .bss.frame_done
                0x20003008        0x1 ./Core/Src/main.o
                0x20003008                frame_done
 .bss.frame_sent
                0x20003009        0x1 ./Core/Src/main.o
                0x20003009                frame_sent
 .bss.tim2_ready
                0x2000300a        0x1 ./Core/Src/main.o
                0x2000300a                tim2_ready
 *fill*         0x2000300b        0x1 
 .bss.huart1    0x2000300c       0x88 ./Core/Src/usart.o
                0x2000300c                huart1
 .bss.uwTick    0x20003094        0x4 ./Drivers/STM32L4xx_HAL_Driver/Src/stm32l4xx_hal.o
                0x20003094                uwTick
 .bss.cfgidx.0  0x20003098        0x1 ./Middlewares/ST/STM32_USB_Device_Library/Core/Src/usbd_ctlreq.o
 *fill*         0x20003099        0x3 
 .bss.hUsbDeviceFS
                0x2000309c      0x2dc ./USB_DEVICE/App/usb_device.o
                0x2000309c                hUsbDeviceFS
 .bss.UserRxBufferFS
                0x20003378      0x800 ./USB_DEVICE/App/usbd_cdc_if.o
                0x20003378                UserRxBufferFS
 .bss.UserTxBufferFS
                0x20003b78      0x800 ./USB_DEVICE/App/usbd_cdc_if.o
                0x20003b78                UserTxBufferFS
 .bss.USBD_StrDesc
                0x20004378      0x200 ./USB_DEVICE/App/usbd_desc.o
                0x20004378                USBD_StrDesc
 .bss.hpcd_USB_OTG_FS
                0x20004578      0x4e4 ./USB_DEVICE/Target/usbd_conf.o
                0x20004578                hpcd_USB_OTG_FS
 .bss.mem.0     0x20004a5c      0x220 ./USB_DEVICE/Target/usbd_conf.o
 *(COMMON)
                0x20004c7c                        . = ALIGN (0x4)
                0x20004c7c                        _ebss = .
                0x20004c7c                        __bss_end__ = _ebss

._user_heap_stack
                0x20004c7c      0x604 load address 0x0800a63c
                0x20004c80                        . = ALIGN (0x8)
 *fill*         0x20004c7c        0x4 
                [!provide]                        PROVIDE (end = .)
                0x20004c80                        PROVIDE (_end = .)
                0x20004e80                        . = (. + _Min_Heap_Size)
 *fill*         0x20004c80      0x200 
                0x20005280                        . = (. + _Min_Stack_Size)
 *fill*         0x20004e80      0x400 
                0x20005280                        . = ALIGN (0x8)

/DISCARD/
 libc.a(*)
 libm.a(*)
 libgcc.a(*)

.ARM.attributes
                0x00000000       0x30
 *(.ARM.attributes)
 .ARM.attributes
                0x00000000       0x22 /Applications/STM32CubeIDE.app/Contents/Eclipse/plugins/com.st.stm32cube.ide.mcu.externaltools.gnu-tools-for-stm32.14.3.rel1.macosaarch64_1.0.0.202602081740/tools/bin/../lib/gcc/arm-none-eabi/14.3.1/thumb/v7e-m+fp/hard/crti.o
 .ARM.attributes
                0x00000022       0x34 /Applications/STM32CubeIDE.app/Contents/Eclipse/plugins/com.st.stm32cube.ide.mcu.externaltools.gnu-tools-for-stm32.14.3.rel1.macosaarch64_1.0.0.202602081740/tools/bin/../lib/gcc/arm-none-eabi/14.3.1/thumb/v7e-m+fp/hard/crtbegin.o
 .ARM.attributes
                0x00000056       0x34 ./Core/Src/adc.o
 .ARM.attributes
                0x0000008a       0x34 ./Core/Src/dma.o
 .ARM.attributes
                0x000000be       0x34 ./Core/Src/gpio.o
 .ARM.attributes
                0x000000f2       0x34 ./Core/Src/main.o
 .ARM.attributes
                0x00000126       0x34 ./Core/Src/stm32l4xx_hal_msp.o
 .ARM.attributes
                0x0000015a       0x34 ./Core/Src/stm32l4xx_it.o
 .ARM.attributes
                0x0000018e       0x34 ./Core/Src/system_stm32l4xx.o
 .ARM.attributes
                0x000001c2       0x34 ./Core/Src/tim.o
 .ARM.attributes
                0x000001f6       0x34 ./Core/Src/usart.o
 .ARM.attributes
                0x0000022a       0x21 ./Core/Startup/startup_stm32l476rgtx.o
 .ARM.attributes
                0x0000024b       0x34 ./Drivers/STM32L4xx_HAL_Driver/Src/stm32l4xx_hal.o
 .ARM.attributes
                0x0000027f       0x34 ./Drivers/STM32L4xx_HAL_Driver/Src/stm32l4xx_hal_cortex.o
 .ARM.attributes
                0x000002b3       0x34 ./Drivers/STM32L4xx_HAL_Driver/Src/stm32l4xx_hal_dma.o
 .ARM.attributes
                0x000002e7       0x34 ./Drivers/STM32L4xx_HAL_Driver/Src/stm32l4xx_hal_gpio.o
 .ARM.attributes
                0x0000031b       0x34 ./Drivers/STM32L4xx_HAL_Driver/Src/stm32l4xx_hal_pcd.o
 .ARM.attributes
                0x0000034f       0x34 ./Drivers/STM32L4xx_HAL_Driver/Src/stm32l4xx_hal_pcd_ex.o
 .ARM.attributes
                0x00000383       0x34 ./Drivers/STM32L4xx_HAL_Driver/Src/stm32l4xx_hal_pwr_ex.o
 .ARM.attributes
                0x000003b7       0x34 ./Drivers/STM32L4xx_HAL_Driver/Src/stm32l4xx_hal_rcc.o
 .ARM.attributes
                0x000003eb       0x34 ./Drivers/STM32L4xx_HAL_Driver/Src/stm32l4xx_hal_uart.o
 .ARM.attributes
                0x0000041f       0x34 ./Drivers/STM32L4xx_HAL_Driver/Src/stm32l4xx_hal_uart_ex.o
 .ARM.attributes
                0x00000453       0x34 ./Drivers/STM32L4xx_HAL_Driver/Src/stm32l4xx_ll_adc.o
 .ARM.attributes
                0x00000487       0x34 ./Drivers/STM32L4xx_HAL_Driver/Src/stm32l4xx_ll_gpio.o
 .ARM.attributes
                0x000004bb       0x34 ./Drivers/STM32L4xx_HAL_Driver/Src/stm32l4xx_ll_tim.o
 .ARM.attributes
                0x000004ef       0x34 ./Drivers/STM32L4xx_HAL_Driver/Src/stm32l4xx_ll_usb.o
 .ARM.attributes
                0x00000523       0x34 ./Drivers/STM32L4xx_HAL_Driver/Src/stm32l4xx_ll_utils.o
 .ARM.attributes
                0x00000557       0x34 ./Middlewares/ST/STM32_USB_Device_Library/Class/CDC/Src/usbd_cdc.o
 .ARM.attributes
                0x0000058b       0x34 ./Middlewares/ST/STM32_USB_Device_Library/Core/Src/usbd_core.o
 .ARM.attributes
                0x000005bf       0x34 ./Middlewares/ST/STM32_USB_Device_Library/Core/Src/usbd_ctlreq.o
 .ARM.attributes
                0x000005f3       0x34 ./Middlewares/ST/STM32_USB_Device_Library/Core/Src/usbd_ioreq.o
 .ARM.attributes
                0x00000627       0x34 ./USB_DEVICE/App/usb_device.o
 .ARM.attributes
                0x0000065b       0x34 ./USB_DEVICE/App/usbd_cdc_if.o
 .ARM.attributes
                0x0000068f       0x34 ./USB_DEVICE/App/usbd_desc.o
 .ARM.attributes
                0x000006c3       0x34 ./USB_DEVICE/Target/usbd_conf.o
 .ARM.attributes
                0x000006f7       0x34 /Applications/STM32CubeIDE.app/Contents/Eclipse/plugins/com.st.stm32cube.ide.mcu.externaltools.gnu-tools-for-stm32.14.3.rel1.macosaarch64_1.0.0.202602081740/tools/bin/../lib/gcc/arm-none-eabi/14.3.1/../../../../arm-none-eabi/lib/thumb/v7e-m+fp/hard/libc_nano.a(libc_a-memset.o)
 .ARM.attributes
                0x0000072b       0x34 /Applications/STM32CubeIDE.app/Contents/Eclipse/plugins/com.st.stm32cube.ide.mcu.externaltools.gnu-tools-for-stm32.14.3.rel1.macosaarch64_1.0.0.202602081740/tools/bin/../lib/gcc/arm-none-eabi/14.3.1/../../../../arm-none-eabi/lib/thumb/v7e-m+fp/hard/libc_nano.a(libc_a-init.o)
 .ARM.attributes
                0x0000075f       0x22 /Applications/STM32CubeIDE.app/Contents/Eclipse/plugins/com.st.stm32cube.ide.mcu.externaltools.gnu-tools-for-stm32.14.3.rel1.macosaarch64_1.0.0.202602081740/tools/bin/../lib/gcc/arm-none-eabi/14.3.1/thumb/v7e-m+fp/hard/libgcc.a(_aeabi_uldivmod.o)
 .ARM.attributes
                0x00000781       0x34 /Applications/STM32CubeIDE.app/Contents/Eclipse/plugins/com.st.stm32cube.ide.mcu.externaltools.gnu-tools-for-stm32.14.3.rel1.macosaarch64_1.0.0.202602081740/tools/bin/../lib/gcc/arm-none-eabi/14.3.1/thumb/v7e-m+fp/hard/libgcc.a(_udivmoddi4.o)
 .ARM.attributes
                0x000007b5       0x22 /Applications/STM32CubeIDE.app/Contents/Eclipse/plugins/com.st.stm32cube.ide.mcu.externaltools.gnu-tools-for-stm32.14.3.rel1.macosaarch64_1.0.0.202602081740/tools/bin/../lib/gcc/arm-none-eabi/14.3.1/thumb/v7e-m+fp/hard/libgcc.a(_dvmd_tls.o)
 .ARM.attributes
                0x000007d7       0x22 /Applications/STM32CubeIDE.app/Contents/Eclipse/plugins/com.st.stm32cube.ide.mcu.externaltools.gnu-tools-for-stm32.14.3.rel1.macosaarch64_1.0.0.202602081740/tools/bin/../lib/gcc/arm-none-eabi/14.3.1/thumb/v7e-m+fp/hard/crtn.o
OUTPUT(TCDproj.elf elf32-littlearm)
LOAD linker stubs
LOAD /Applications/STM32CubeIDE.app/Contents/Eclipse/plugins/com.st.stm32cube.ide.mcu.externaltools.gnu-tools-for-stm32.14.3.rel1.macosaarch64_1.0.0.202602081740/tools/bin/../lib/gcc/arm-none-eabi/14.3.1/../../../../arm-none-eabi/lib/thumb/v7e-m+fp/hard/libc.a
LOAD /Applications/STM32CubeIDE.app/Contents/Eclipse/plugins/com.st.stm32cube.ide.mcu.externaltools.gnu-tools-for-stm32.14.3.rel1.macosaarch64_1.0.0.202602081740/tools/bin/../lib/gcc/arm-none-eabi/14.3.1/../../../../arm-none-eabi/lib/thumb/v7e-m+fp/hard/libm.a
LOAD /Applications/STM32CubeIDE.app/Contents/Eclipse/plugins/com.st.stm32cube.ide.mcu.externaltools.gnu-tools-for-stm32.14.3.rel1.macosaarch64_1.0.0.202602081740/tools/bin/../lib/gcc/arm-none-eabi/14.3.1/thumb/v7e-m+fp/hard/libgcc.a

.debug_info     0x00000000    0x1c8c7
 .debug_info    0x00000000      0xf9d ./Core/Src/adc.o
 .debug_info    0x00000f9d      0x9d1 ./Core/Src/dma.o
 .debug_info    0x0000196e      0x3aa ./Core/Src/gpio.o
 .debug_info    0x00001d18     0x183b ./Core/Src/main.o
 .debug_info    0x00003553      0x370 ./Core/Src/stm32l4xx_hal_msp.o
 .debug_info    0x000038c3      0xf56 ./Core/Src/stm32l4xx_it.o
 .debug_info    0x00004819      0x5e2 ./Core/Src/system_stm32l4xx.o
 .debug_info    0x00004dfb     0x1396 ./Core/Src/tim.o
 .debug_info    0x00006191      0xdd7 ./Core/Src/usart.o
 .debug_info    0x00006f68       0x30 ./Core/Startup/startup_stm32l476rgtx.o
 .debug_info    0x00006f98      0xb2d ./Drivers/STM32L4xx_HAL_Driver/Src/stm32l4xx_hal.o
 .debug_info    0x00007ac5      0xdad ./Drivers/STM32L4xx_HAL_Driver/Src/stm32l4xx_hal_cortex.o
 .debug_info    0x00008872      0x71a ./Drivers/STM32L4xx_HAL_Driver/Src/stm32l4xx_hal_dma.o
 .debug_info    0x00008f8c      0x79f ./Drivers/STM32L4xx_HAL_Driver/Src/stm32l4xx_hal_gpio.o
 .debug_info    0x0000972b     0x14fd ./Drivers/STM32L4xx_HAL_Driver/Src/stm32l4xx_hal_pcd.o
 .debug_info    0x0000ac28      0x8d2 ./Drivers/STM32L4xx_HAL_Driver/Src/stm32l4xx_hal_pcd_ex.o
 .debug_info    0x0000b4fa      0x9ca ./Drivers/STM32L4xx_HAL_Driver/Src/stm32l4xx_hal_pwr_ex.o
 .debug_info    0x0000bec4      0xc45 ./Drivers/STM32L4xx_HAL_Driver/Src/stm32l4xx_hal_rcc.o
 .debug_info    0x0000cb09     0x3b8e ./Drivers/STM32L4xx_HAL_Driver/Src/stm32l4xx_hal_uart.o
 .debug_info    0x00010697      0xded ./Drivers/STM32L4xx_HAL_Driver/Src/stm32l4xx_hal_uart_ex.o
 .debug_info    0x00011484      0xb16 ./Drivers/STM32L4xx_HAL_Driver/Src/stm32l4xx_ll_adc.o
 .debug_info    0x00011f9a      0x981 ./Drivers/STM32L4xx_HAL_Driver/Src/stm32l4xx_ll_gpio.o
 .debug_info    0x0001291b     0x117c ./Drivers/STM32L4xx_HAL_Driver/Src/stm32l4xx_ll_tim.o
 .debug_info    0x00013a97     0x15ed ./Drivers/STM32L4xx_HAL_Driver/Src/stm32l4xx_ll_usb.o
 .debug_info    0x00015084      0xc6c ./Drivers/STM32L4xx_HAL_Driver/Src/stm32l4xx_ll_utils.o
 .debug_info    0x00015cf0     0x13cf ./Middlewares/ST/STM32_USB_Device_Library/Class/CDC/Src/usbd_cdc.o
 .debug_info    0x000170bf      0xeb4 ./Middlewares/ST/STM32_USB_Device_Library/Core/Src/usbd_core.o
 .debug_info    0x00017f73      0xb93 ./Middlewares/ST/STM32_USB_Device_Library/Core/Src/usbd_ctlreq.o
 .debug_info    0x00018b06      0x804 ./Middlewares/ST/STM32_USB_Device_Library/Core/Src/usbd_ioreq.o
 .debug_info    0x0001930a      0x7b0 ./USB_DEVICE/App/usb_device.o
 .debug_info    0x00019aba      0x9a9 ./USB_DEVICE/App/usbd_cdc_if.o
 .debug_info    0x0001a463      0x54f ./USB_DEVICE/App/usbd_desc.o
 .debug_info    0x0001a9b2     0x1f15 ./USB_DEVICE/Target/usbd_conf.o

.debug_abbrev   0x00000000     0x47e1
 .debug_abbrev  0x00000000      0x20e ./Core/Src/adc.o
 .debug_abbrev  0x0000020e      0x198 ./Core/Src/dma.o
 .debug_abbrev  0x000003a6       0xdd ./Core/Src/gpio.o
 .debug_abbrev  0x00000483      0x33b ./Core/Src/main.o
 .debug_abbrev  0x000007be       0xdd ./Core/Src/stm32l4xx_hal_msp.o
 .debug_abbrev  0x0000089b      0x279 ./Core/Src/stm32l4xx_it.o
 .debug_abbrev  0x00000b14      0x117 ./Core/Src/system_stm32l4xx.o
 .debug_abbrev  0x00000c2b      0x1f9 ./Core/Src/tim.o
 .debug_abbrev  0x00000e24      0x222 ./Core/Src/usart.o
 .debug_abbrev  0x00001046       0x24 ./Core/Startup/startup_stm32l476rgtx.o
 .debug_abbrev  0x0000106a      0x243 ./Drivers/STM32L4xx_HAL_Driver/Src/stm32l4xx_hal.o
 .debug_abbrev  0x000012ad      0x31c ./Drivers/STM32L4xx_HAL_Driver/Src/stm32l4xx_hal_cortex.o
 .debug_abbrev  0x000015c9      0x1fd ./Drivers/STM32L4xx_HAL_Driver/Src/stm32l4xx_hal_dma.o
 .debug_abbrev  0x000017c6      0x1d1 ./Drivers/STM32L4xx_HAL_Driver/Src/stm32l4xx_hal_gpio.o
 .debug_abbrev  0x00001997      0x2eb ./Drivers/STM32L4xx_HAL_Driver/Src/stm32l4xx_hal_pcd.o
 .debug_abbrev  0x00001c82      0x25c ./Drivers/STM32L4xx_HAL_Driver/Src/stm32l4xx_hal_pcd_ex.o
 .debug_abbrev  0x00001ede      0x1f9 ./Drivers/STM32L4xx_HAL_Driver/Src/stm32l4xx_hal_pwr_ex.o
 .debug_abbrev  0x000020d7      0x2dc ./Drivers/STM32L4xx_HAL_Driver/Src/stm32l4xx_hal_rcc.o
 .debug_abbrev  0x000023b3      0x2f3 ./Drivers/STM32L4xx_HAL_Driver/Src/stm32l4xx_hal_uart.o
 .debug_abbrev  0x000026a6      0x2d0 ./Drivers/STM32L4xx_HAL_Driver/Src/stm32l4xx_hal_uart_ex.o
 .debug_abbrev  0x00002976      0x1ba ./Drivers/STM32L4xx_HAL_Driver/Src/stm32l4xx_ll_adc.o
 .debug_abbrev  0x00002b30      0x23b ./Drivers/STM32L4xx_HAL_Driver/Src/stm32l4xx_ll_gpio.o
 .debug_abbrev  0x00002d6b      0x20d ./Drivers/STM32L4xx_HAL_Driver/Src/stm32l4xx_ll_tim.o
 .debug_abbrev  0x00002f78      0x2b1 ./Drivers/STM32L4xx_HAL_Driver/Src/stm32l4xx_ll_usb.o
 .debug_abbrev  0x00003229      0x25f ./Drivers/STM32L4xx_HAL_Driver/Src/stm32l4xx_ll_utils.o
 .debug_abbrev  0x00003488      0x2ea ./Middlewares/ST/STM32_USB_Device_Library/Class/CDC/Src/usbd_cdc.o
 .debug_abbrev  0x00003772      0x295 ./Middlewares/ST/STM32_USB_Device_Library/Core/Src/usbd_core.o
 .debug_abbrev  0x00003a07      0x276 ./Middlewares/ST/STM32_USB_Device_Library/Core/Src/usbd_ctlreq.o
 .debug_abbrev  0x00003c7d      0x1b3 ./Middlewares/ST/STM32_USB_Device_Library/Core/Src/usbd_ioreq.o
 .debug_abbrev  0x00003e30      0x1ae ./USB_DEVICE/App/usb_device.o
 .debug_abbrev  0x00003fde      0x2b6 ./USB_DEVICE/App/usbd_cdc_if.o
 .debug_abbrev  0x00004294      0x1fc ./USB_DEVICE/App/usbd_desc.o
 .debug_abbrev  0x00004490      0x351 ./USB_DEVICE/Target/usbd_conf.o

.debug_aranges  0x00000000     0x17e0
 .debug_aranges
                0x00000000       0xc0 ./Core/Src/adc.o
 .debug_aranges
                0x000000c0       0x48 ./Core/Src/dma.o
 .debug_aranges
                0x00000108       0x20 ./Core/Src/gpio.o
 .debug_aranges
                0x00000128      0x1a0 ./Core/Src/main.o
 .debug_aranges
                0x000002c8       0x20 ./Core/Src/stm32l4xx_hal_msp.o
 .debug_aranges
                0x000002e8       0xb0 ./Core/Src/stm32l4xx_it.o
 .debug_aranges
                0x00000398       0x28 ./Core/Src/system_stm32l4xx.o
 .debug_aranges
                0x000003c0       0xe8 ./Core/Src/tim.o
 .debug_aranges
                0x000004a8       0x38 ./Core/Src/usart.o
 .debug_aranges
                0x000004e0       0x28 ./Core/Startup/startup_stm32l476rgtx.o
 .debug_aranges
                0x00000508      0x130 ./Drivers/STM32L4xx_HAL_Driver/Src/stm32l4xx_hal.o
 .debug_aranges
                0x00000638      0x128 ./Drivers/STM32L4xx_HAL_Driver/Src/stm32l4xx_hal_cortex.o
 .debug_aranges
                0x00000760       0x80 ./Drivers/STM32L4xx_HAL_Driver/Src/stm32l4xx_hal_dma.o
 .debug_aranges
                0x000007e0       0x58 ./Drivers/STM32L4xx_HAL_Driver/Src/stm32l4xx_hal_gpio.o
 .debug_aranges
                0x00000838      0x138 ./Drivers/STM32L4xx_HAL_Driver/Src/stm32l4xx_hal_pcd.o
 .debug_aranges
                0x00000970       0x60 ./Drivers/STM32L4xx_HAL_Driver/Src/stm32l4xx_hal_pcd_ex.o
 .debug_aranges
                0x000009d0      0x160 ./Drivers/STM32L4xx_HAL_Driver/Src/stm32l4xx_hal_pwr_ex.o
 .debug_aranges
                0x00000b30       0x90 ./Drivers/STM32L4xx_HAL_Driver/Src/stm32l4xx_hal_rcc.o
 .debug_aranges
                0x00000bc0      0x228 ./Drivers/STM32L4xx_HAL_Driver/Src/stm32l4xx_hal_uart.o
 .debug_aranges
                0x00000de8       0x80 ./Drivers/STM32L4xx_HAL_Driver/Src/stm32l4xx_hal_uart_ex.o
 .debug_aranges
                0x00000e68       0xd0 ./Drivers/STM32L4xx_HAL_Driver/Src/stm32l4xx_ll_adc.o
 .debug_aranges
                0x00000f38       0x70 ./Drivers/STM32L4xx_HAL_Driver/Src/stm32l4xx_ll_gpio.o
 .debug_aranges
                0x00000fa8      0x148 ./Drivers/STM32L4xx_HAL_Driver/Src/stm32l4xx_ll_tim.o
 .debug_aranges
                0x000010f0      0x180 ./Drivers/STM32L4xx_HAL_Driver/Src/stm32l4xx_ll_usb.o
 .debug_aranges
                0x00001270      0x138 ./Drivers/STM32L4xx_HAL_Driver/Src/stm32l4xx_ll_utils.o
 .debug_aranges
                0x000013a8       0x90 ./Middlewares/ST/STM32_USB_Device_Library/Class/CDC/Src/usbd_cdc.o
 .debug_aranges
                0x00001438       0xd8 ./Middlewares/ST/STM32_USB_Device_Library/Core/Src/usbd_core.o
 .debug_aranges
                0x00001510       0x90 ./Middlewares/ST/STM32_USB_Device_Library/Core/Src/usbd_ctlreq.o
 .debug_aranges
                0x000015a0       0x50 ./Middlewares/ST/STM32_USB_Device_Library/Core/Src/usbd_ioreq.o
 .debug_aranges
                0x000015f0       0x20 ./USB_DEVICE/App/usb_device.o
 .debug_aranges
                0x00001610       0x48 ./USB_DEVICE/App/usbd_cdc_if.o
 .debug_aranges
                0x00001658       0x68 ./USB_DEVICE/App/usbd_desc.o
 .debug_aranges
                0x000016c0      0x120 ./USB_DEVICE/Target/usbd_conf.o

.debug_rnglists
                0x00000000     0x11f0
 .debug_rnglists
                0x00000000       0x8c ./Core/Src/adc.o
 .debug_rnglists
                0x0000008c       0x31 ./Core/Src/dma.o
 .debug_rnglists
                0x000000bd       0x13 ./Core/Src/gpio.o
 .debug_rnglists
                0x000000d0      0x135 ./Core/Src/main.o
 .debug_rnglists
                0x00000205       0x13 ./Core/Src/stm32l4xx_hal_msp.o
 .debug_rnglists
                0x00000218       0x7f ./Core/Src/stm32l4xx_it.o
 .debug_rnglists
                0x00000297       0x1a ./Core/Src/system_stm32l4xx.o
 .debug_rnglists
                0x000002b1       0xaf ./Core/Src/tim.o
 .debug_rnglists
                0x00000360       0x26 ./Core/Src/usart.o
 .debug_rnglists
                0x00000386       0x19 ./Core/Startup/startup_stm32l476rgtx.o
 .debug_rnglists
                0x0000039f       0xdf ./Drivers/STM32L4xx_HAL_Driver/Src/stm32l4xx_hal.o
 .debug_rnglists
                0x0000047e       0xda ./Drivers/STM32L4xx_HAL_Driver/Src/stm32l4xx_hal_cortex.o
 .debug_rnglists
                0x00000558       0x65 ./Drivers/STM32L4xx_HAL_Driver/Src/stm32l4xx_hal_dma.o
 .debug_rnglists
                0x000005bd       0x3f ./Drivers/STM32L4xx_HAL_Driver/Src/stm32l4xx_hal_gpio.o
 .debug_rnglists
                0x000005fc       0xed ./Drivers/STM32L4xx_HAL_Driver/Src/stm32l4xx_hal_pcd.o
 .debug_rnglists
                0x000006e9       0x45 ./Drivers/STM32L4xx_HAL_Driver/Src/stm32l4xx_hal_pcd_ex.o
 .debug_rnglists
                0x0000072e      0x109 ./Drivers/STM32L4xx_HAL_Driver/Src/stm32l4xx_hal_pwr_ex.o
 .debug_rnglists
                0x00000837       0x6d ./Drivers/STM32L4xx_HAL_Driver/Src/stm32l4xx_hal_rcc.o
 .debug_rnglists
                0x000008a4      0x1da ./Drivers/STM32L4xx_HAL_Driver/Src/stm32l4xx_hal_uart.o
 .debug_rnglists
                0x00000a7e       0x60 ./Drivers/STM32L4xx_HAL_Driver/Src/stm32l4xx_hal_uart_ex.o
 .debug_rnglists
                0x00000ade       0x9a ./Drivers/STM32L4xx_HAL_Driver/Src/stm32l4xx_ll_adc.o
 .debug_rnglists
                0x00000b78       0x51 ./Drivers/STM32L4xx_HAL_Driver/Src/stm32l4xx_ll_gpio.o
 .debug_rnglists
                0x00000bc9       0xfe ./Drivers/STM32L4xx_HAL_Driver/Src/stm32l4xx_ll_tim.o
 .debug_rnglists
                0x00000cc7      0x12b ./Drivers/STM32L4xx_HAL_Driver/Src/stm32l4xx_ll_usb.o
 .debug_rnglists
                0x00000df2       0xe8 ./Drivers/STM32L4xx_HAL_Driver/Src/stm32l4xx_ll_utils.o
 .debug_rnglists
                0x00000eda       0x6c ./Middlewares/ST/STM32_USB_Device_Library/Class/CDC/Src/usbd_cdc.o
 .debug_rnglists
                0x00000f46       0xa1 ./Middlewares/ST/STM32_USB_Device_Library/Core/Src/usbd_core.o
 .debug_rnglists
                0x00000fe7       0x6e ./Middlewares/ST/STM32_USB_Device_Library/Core/Src/usbd_ctlreq.o
 .debug_rnglists
                0x00001055       0x37 ./Middlewares/ST/STM32_USB_Device_Library/Core/Src/usbd_ioreq.o
 .debug_rnglists
                0x0000108c       0x13 ./USB_DEVICE/App/usb_device.o
 .debug_rnglists
                0x0000109f       0x32 ./USB_DEVICE/App/usbd_cdc_if.o
 .debug_rnglists
                0x000010d1       0x49 ./USB_DEVICE/App/usbd_desc.o
 .debug_rnglists
                0x0000111a       0xd6 ./USB_DEVICE/Target/usbd_conf.o

.debug_macro    0x00000000    0x2ebb1
 .debug_macro   0x00000000      0x25b ./Core/Src/adc.o
 .debug_macro   0x0000025b      0xade ./Core/Src/adc.o
 .debug_macro   0x00000d39      0x1a7 ./Core/Src/adc.o
 .debug_macro   0x00000ee0       0x2e ./Core/Src/adc.o
 .debug_macro   0x00000f0e       0x28 ./Core/Src/adc.o
 .debug_macro   0x00000f36       0x22 ./Core/Src/adc.o
 .debug_macro   0x00000f58       0x8e ./Core/Src/adc.o
 .debug_macro   0x00000fe6       0x51 ./Core/Src/adc.o
 .debug_macro   0x00001037      0x103 ./Core/Src/adc.o
 .debug_macro   0x0000113a       0x6a ./Core/Src/adc.o
 .debug_macro   0x000011a4      0x1df ./Core/Src/adc.o
 .debug_macro   0x00001383       0x1c ./Core/Src/adc.o
 .debug_macro   0x0000139f       0x22 ./Core/Src/adc.o