../USB_DEVICE/Target/usbd_conf.c:69:6:HAL_PCD_MspInit	40	static
../USB_DEVICE/Target/usbd_conf.c:115:6:HAL_PCD_MspDeInit	16	static
../USB_DEVICE/Target/usbd_conf.c:160:6:HAL_PCD_SetupStageCallback	0	static
../USB_DEVICE/Target/usbd_conf.c:175:6:HAL_PCD_DataOutStageCallback	0	static
../USB_DEVICE/Target/usbd_conf.c:190:6:HAL_PCD_DataInStageCallback	0	static
../USB_DEVICE/Target/usbd_conf.c:204:6:HAL_PCD_SOFCallback	0	static
../USB_DEVICE/Target/usbd_conf.c:218:6:HAL_PCD_ResetCallback	8	static
../USB_DEVICE/Target/usbd_conf.c:243:6:HAL_PCD_SuspendCallback	8	static
../USB_DEVICE/Target/usbd_conf.c:268:6:HAL_PCD_ResumeCallback	8	static
../USB_DEVICE/Target/usbd_conf.c:293:6:HAL_PCD_ISOOUTIncompleteCallback	0	static
../USB_DEVICE/Target/usbd_conf.c:308:6:HAL_PCD_ISOINIncompleteCallback	0	static
../USB_DEVICE/Target/usbd_conf.c:322:6:HAL_PCD_ConnectCallback	0	static
../USB_DEVICE/Target/usbd_conf.c:336:6:HAL_PCD_DisconnectCallback	0	static
../USB_DEVICE/Target/usbd_conf.c:351:20:USBD_LL_Init	8	static
../USB_DEVICE/Target/usbd_conf.c:402:20:USBD_LL_DeInit	8	static
../USB_DEVICE/Target/usbd_conf.c:434:20:USBD_LL_Start	8	static
../USB_DEVICE/Target/usbd_conf.c:466:20:USBD_LL_Stop	8	static
../USB_DEVICE/Target/usbd_conf.c:501:20:USBD_LL_OpenEP	8	static
../USB_DEVICE/Target/usbd_conf.c:534:20:USBD_LL_CloseEP	8	static
../USB_DEVICE/Target/usbd_conf.c:567:20:USBD_LL_FlushEP	8	static
../USB_DEVICE/Target/usbd_conf.c:600:20:USBD_LL_StallEP	8	static
../USB_DEVICE/Target/usbd_conf.c:633:20:USBD_LL_ClearStallEP	8	static
../USB_DEVICE/Target/usbd_conf.c:666:9:USBD_LL_IsStallEP	0	static
../USB_DEVICE/Target/usbd_conf.c:686:20:USBD_LL_SetUSBAddress	8	static
../USB_DEVICE/Target/usbd_conf.c:721:20:USBD_LL_Transmit	8	static
../USB_DEVICE/Target/usbd_conf.c:756:20:USBD_LL_PrepareReceive	8	static
../USB_DEVICE/Target/usbd_conf.c:789:10:USBD_LL_GetRxDataSize	0	static
../USB_DEVICE/Target/usbd_conf.c:800:6:HAL_PCDEx_LPM_Callback	8	static
../USB_DEVICE/Target/usbd_conf.c:835:6:USBD_LL_Delay	0	static
../USB_DEVICE/Target/usbd_conf.c:845:7:USBD_static_malloc	0	static
../USB_DEVICE/Target/usbd_conf.c:856:6:USBD_static_free	0	static
