../Drivers/STM32L4xx_HAL_Driver/Src/stm32l4xx_ll_usb.c:86:19:USB_CoreInit	16	static
../Drivers/STM32L4xx_HAL_Driver/Src/stm32l4xx_ll_usb.c:117:19:USB_SetTurnaroundTime	0	static
../Drivers/STM32L4xx_HAL_Driver/Src/stm32l4xx_ll_usb.c:196:19:USB_EnableGlobalInt	0	static
../Drivers/STM32L4xx_HAL_Driver/Src/stm32l4xx_ll_usb.c:208:19:USB_DisableGlobalInt	0	static
../Drivers/STM32L4xx_HAL_Driver/Src/stm32l4xx_ll_usb.c:223:19:USB_SetCurrentMode	16	static
../Drivers/STM32L4xx_HAL_Driver/Src/stm32l4xx_ll_usb.c:403:19:USB_FlushTxFifo	8	static
../Drivers/STM32L4xx_HAL_Driver/Src/stm32l4xx_ll_usb.c:440:19:USB_FlushRxFifo	8	static
../Drivers/STM32L4xx_HAL_Driver/Src/stm32l4xx_ll_usb.c:481:19:USB_SetDevSpeed	0	static
../Drivers/STM32L4xx_HAL_Driver/Src/stm32l4xx_ll_usb.c:270:19:USB_DevInit	32	static
../Drivers/STM32L4xx_HAL_Driver/Src/stm32l4xx_ll_usb.c:496:9:USB_GetDevSpeed	0	static
../Drivers/STM32L4xx_HAL_Driver/Src/stm32l4xx_ll_usb.c:522:19:USB_ActivateEndpoint	12	static
../Drivers/STM32L4xx_HAL_Driver/Src/stm32l4xx_ll_usb.c:560:19:USB_ActivateDedicatedEndpoint	20	static
../Drivers/STM32L4xx_HAL_Driver/Src/stm32l4xx_ll_usb.c:599:19:USB_DeactivateEndpoint	8	static
../Drivers/STM32L4xx_HAL_Driver/Src/stm32l4xx_ll_usb.c:646:19:USB_DeactivateDedicatedEndpoint	0	static
../Drivers/STM32L4xx_HAL_Driver/Src/stm32l4xx_ll_usb.c:822:19:USB_EPStopXfer	24	static
../Drivers/STM32L4xx_HAL_Driver/Src/stm32l4xx_ll_usb.c:927:19:USB_EPSetStall	0	static
../Drivers/STM32L4xx_HAL_Driver/Src/stm32l4xx_ll_usb.c:958:19:USB_EPClearStall	0	static
../Drivers/STM32L4xx_HAL_Driver/Src/stm32l4xx_ll_usb.c:992:19:USB_WritePacket	0	static
../Drivers/STM32L4xx_HAL_Driver/Src/stm32l4xx_ll_usb.c:684:19:USB_EPStartXfer	24	static
../Drivers/STM32L4xx_HAL_Driver/Src/stm32l4xx_ll_usb.c:1020:7:USB_ReadPacket	16	static
../Drivers/STM32L4xx_HAL_Driver/Src/stm32l4xx_ll_usb.c:1061:19:USB_StopDevice	8	static
../Drivers/STM32L4xx_HAL_Driver/Src/stm32l4xx_ll_usb.c:1102:19:USB_SetDevAddress	0	static
../Drivers/STM32L4xx_HAL_Driver/Src/stm32l4xx_ll_usb.c:1117:19:USB_DevConnect	0	static
../Drivers/STM32L4xx_HAL_Driver/Src/stm32l4xx_ll_usb.c:1134:19:USB_DevDisconnect	0	static
../Drivers/STM32L4xx_HAL_Driver/Src/stm32l4xx_ll_usb.c:1151:10:USB_ReadInterrupts	0	static
../Drivers/STM32L4xx_HAL_Driver/Src/stm32l4xx_ll_usb.c:1167:10:USB_ReadChInterrupts	0	static
../Drivers/STM32L4xx_HAL_Driver/Src/stm32l4xx_ll_usb.c:1183:10:USB_ReadDevAllOutEpInterrupt	0	static
../Drivers/STM32L4xx_HAL_Driver/Src/stm32l4xx_ll_usb.c:1199:10:USB_ReadDevAllInEpInterrupt	0	static
../Drivers/STM32L4xx_HAL_Driver/Src/stm32l4xx_ll_usb.c:1217:10:USB_ReadDevOutEPInterrupt	0	static
../Drivers/STM32L4xx_HAL_Driver/Src/stm32l4xx_ll_usb.c:1235:10:USB_ReadDevInEPInterrupt	0	static
../Drivers/STM32L4xx_HAL_Driver/Src/stm32l4xx_ll_usb.c:1256:7:USB_ClearInterrupts	0	static
../Drivers/STM32L4xx_HAL_Driver/Src/stm32l4xx_ll_usb.c:1269:10:USB_GetMode	0	static
../Drivers/STM32L4xx_HAL_Driver/Src/stm32l4xx_ll_usb.c:1279:19:USB_ActivateSetup	0	static
../Drivers/STM32L4xx_HAL_Driver/Src/stm32l4xx_ll_usb.c:1297:19:USB_EP0_OutStart	0	static
../Drivers/STM32L4xx_HAL_Driver/Src/stm32l4xx_ll_usb.c:1371:19:USB_HostInit	16	static
../Drivers/STM32L4xx_HAL_Driver/Src/stm32l4xx_ll_usb.c:1438:19:USB_InitFSLSPClkSel	8	static
../Drivers/STM32L4xx_HAL_Driver/Src/stm32l4xx_ll_usb.c:1468:19:USB_ResetPort	24	static
../Drivers/STM32L4xx_HAL_Driver/Src/stm32l4xx_ll_usb.c:1495:19:USB_DriveVbus	8	static
../Drivers/STM32L4xx_HAL_Driver/Src/stm32l4xx_ll_usb.c:1524:10:USB_GetHostSpeed	8	static
../Drivers/STM32L4xx_HAL_Driver/Src/stm32l4xx_ll_usb.c:1538:10:USB_GetCurrentFrame	0	static
../Drivers/STM32L4xx_HAL_Driver/Src/stm32l4xx_ll_usb.c:1920:19:USB_DoPing	0	static
../Drivers/STM32L4xx_HAL_Driver/Src/stm32l4xx_ll_usb.c:1944:19:USB_StopHost	24	static
../Drivers/STM32L4xx_HAL_Driver/Src/stm32l4xx_ll_usb.c:2009:19:USB_ActivateRemoteWakeup	0	static
../Drivers/STM32L4xx_HAL_Driver/Src/stm32l4xx_ll_usb.c:2027:19:USB_DeActivateRemoteWakeup	0	static
