../Drivers/STM32L4xx_HAL_Driver/Src/stm32l4xx_ll_tim.c:216:13:LL_TIM_DeInit	0	static
../Drivers/STM32L4xx_HAL_Driver/Src/stm32l4xx_ll_tim.c:304:6:LL_TIM_StructInit	0	static
../Drivers/STM32L4xx_HAL_Driver/Src/stm32l4xx_ll_tim.c:323:13:LL_TIM_Init	0	static
../Drivers/STM32L4xx_HAL_Driver/Src/stm32l4xx_ll_tim.c:375:6:LL_TIM_OC_StructInit	0	static
../Drivers/STM32L4xx_HAL_Driver/Src/stm32l4xx_ll_tim.c:404:13:LL_TIM_OC_Init	12	static
../Drivers/STM32L4xx_HAL_Driver/Src/stm32l4xx_ll_tim.c:442:6:LL_TIM_IC_StructInit	0	static
../Drivers/STM32L4xx_HAL_Driver/Src/stm32l4xx_ll_tim.c:465:13:LL_TIM_IC_Init	8	static
../Drivers/STM32L4xx_HAL_Driver/Src/stm32l4xx_ll_tim.c:496:6:LL_TIM_ENCODER_StructInit	0	static
../Drivers/STM32L4xx_HAL_Driver/Src/stm32l4xx_ll_tim.c:519:13:LL_TIM_ENCODER_Init	12	static
../Drivers/STM32L4xx_HAL_Driver/Src/stm32l4xx_ll_tim.c:582:6:LL_TIM_HALLSENSOR_StructInit	0	static
../Drivers/STM32L4xx_HAL_Driver/Src/stm32l4xx_ll_tim.c:610:13:LL_TIM_HALLSENSOR_Init	20	static
../Drivers/STM32L4xx_HAL_Driver/Src/stm32l4xx_ll_tim.c:689:6:LL_TIM_BDTR_StructInit	0	static
../Drivers/STM32L4xx_HAL_Driver/Src/stm32l4xx_ll_tim.c:722:13:LL_TIM_BDTR_Init	0	static
