../Drivers/STM32L4xx_HAL_Driver/Src/stm32l4xx_hal_dma.c:155:19:HAL_DMA_Init	20	static
../Drivers/STM32L4xx_HAL_Driver/Src/stm32l4xx_hal_dma.c:282:19:HAL_DMA_DeInit	8	static
../Drivers/STM32L4xx_HAL_Driver/Src/stm32l4xx_hal_dma.c:411:19:HAL_DMA_Start	20	static
../Drivers/STM32L4xx_HAL_Driver/Src/stm32l4xx_hal_dma.c:462:19:HAL_DMA_Start_IT	20	static
../Drivers/STM32L4xx_HAL_Driver/Src/stm32l4xx_hal_dma.c:538:19:HAL_DMA_Abort	0	static
../Drivers/STM32L4xx_HAL_Driver/Src/stm32l4xx_hal_dma.c:603:19:HAL_DMA_Abort_IT	8	static
../Drivers/STM32L4xx_HAL_Driver/Src/stm32l4xx_hal_dma.c:669:19:HAL_DMA_PollForTransfer	32	static
../Drivers/STM32L4xx_HAL_Driver/Src/stm32l4xx_hal_dma.c:800:6:HAL_DMA_IRQHandler	12	static
../Drivers/STM32L4xx_HAL_Driver/Src/stm32l4xx_hal_dma.c:894:19:HAL_DMA_RegisterCallback	8	static
../Drivers/STM32L4xx_HAL_Driver/Src/stm32l4xx_hal_dma.c:945:19:HAL_DMA_UnRegisterCallback	8	static
../Drivers/STM32L4xx_HAL_Driver/Src/stm32l4xx_hal_dma.c:1022:22:HAL_DMA_GetState	0	static
../Drivers/STM32L4xx_HAL_Driver/Src/stm32l4xx_hal_dma.c:1034:10:HAL_DMA_GetError	0	static
