../Drivers/STM32L4xx_HAL_Driver/Inc/stm32l4xx_ll_dma.h:493:22:LL_DMA_EnableChannel	1
../Drivers/STM32L4xx_HAL_Driver/Inc/stm32l4xx_ll_dma.h:513:22:LL_DMA_DisableChannel	1
../Drivers/STM32L4xx_HAL_Driver/Inc/stm32l4xx_ll_dma.h:937:22:LL_DMA_SetDataLength	1
../Drivers/STM32L4xx_HAL_Driver/Inc/stm32l4xx_ll_dma.h:990:22:LL_DMA_ConfigAddresses	2
../Drivers/STM32L4xx_HAL_Driver/Inc/stm32l4xx_ll_dma.h:1820:22:LL_DMA_ClearFlag_GI1	1
../Drivers/STM32L4xx_HAL_Driver/Inc/stm32l4xx_ll_dma.h:2167:22:LL_DMA_EnableIT_TC	1
../Drivers/STM32L4xx_HAL_Driver/Inc/stm32l4xx_ll_adc.h:3103:26:LL_ADC_DMA_GetRegAddr	2
../Drivers/STM32L4xx_HAL_Driver/Inc/stm32l4xx_ll_adc.h:6774:22:LL_ADC_Enable	1
../Drivers/STM32L4xx_HAL_Driver/Inc/stm32l4xx_ll_adc.h:6813:26:LL_ADC_IsEnabled	2
../Drivers/STM32L4xx_HAL_Driver/Inc/stm32l4xx_ll_adc.h:6852:22:LL_ADC_StartCalibration	1
../Drivers/STM32L4xx_HAL_Driver/Inc/stm32l4xx_ll_adc.h:6868:26:LL_ADC_IsCalibrationOnGoing	2
../Drivers/STM32L4xx_HAL_Driver/Inc/stm32l4xx_ll_adc.h:6899:22:LL_ADC_REG_StartConversion	1
../Drivers/STM32L4xx_HAL_Driver/Inc/stm32l4xx_ll_adc.h:7291:26:LL_ADC_IsActiveFlag_ADRDY	2
../Drivers/STM32L4xx_HAL_Driver/Inc/stm32l4xx_ll_rcc.h:2487:22:LL_RCC_MSI_Enable	1
../Drivers/STM32L4xx_HAL_Driver/Inc/stm32l4xx_ll_rcc.h:2507:26:LL_RCC_MSI_IsReady	2
../Drivers/STM32L4xx_HAL_Driver/Inc/stm32l4xx_ll_rcc.h:2546:22:LL_RCC_MSI_EnableRangeSelection	1
../Drivers/STM32L4xx_HAL_Driver/Inc/stm32l4xx_ll_rcc.h:2579:22:LL_RCC_MSI_SetRange	1
../Drivers/STM32L4xx_HAL_Driver/Inc/stm32l4xx_ll_rcc.h:2654:22:LL_RCC_MSI_SetCalibTrimming	1
../Drivers/STM32L4xx_HAL_Driver/Inc/stm32l4xx_ll_rcc.h:2740:22:LL_RCC_SetSysClkSource	1
../Drivers/STM32L4xx_HAL_Driver/Inc/stm32l4xx_ll_rcc.h:2754:26:LL_RCC_GetSysClkSource	1
../Drivers/STM32L4xx_HAL_Driver/Inc/stm32l4xx_ll_rcc.h:2774:22:LL_RCC_SetAHBPrescaler	1
../Drivers/STM32L4xx_HAL_Driver/Inc/stm32l4xx_ll_rcc.h:2790:22:LL_RCC_SetAPB1Prescaler	1
../Drivers/STM32L4xx_HAL_Driver/Inc/stm32l4xx_ll_rcc.h:2806:22:LL_RCC_SetAPB2Prescaler	1
../Drivers/STM32L4xx_HAL_Driver/Inc/stm32l4xx_ll_rcc.h:3731:22:LL_RCC_PLL_Enable	1
../Drivers/STM32L4xx_HAL_Driver/Inc/stm32l4xx_ll_rcc.h:3752:26:LL_RCC_PLL_IsReady	2
../Drivers/STM32L4xx_HAL_Driver/Inc/stm32l4xx_ll_rcc.h:3798:22:LL_RCC_PLL_ConfigDomain_SYS	1
../Drivers/STM32L4xx_HAL_Driver/Inc/stm32l4xx_ll_rcc.h:4197:22:LL_RCC_PLL_EnableDomain_SYS	1
../Drivers/STM32L4xx_HAL_Driver/Inc/stm32l4xx_ll_rcc.h:4240:22:LL_RCC_PLLSAI1_Enable	1
../Drivers/STM32L4xx_HAL_Driver/Inc/stm32l4xx_ll_rcc.h:4260:26:LL_RCC_PLLSAI1_IsReady	2
../Drivers/STM32L4xx_HAL_Driver/Inc/stm32l4xx_ll_rcc.h:4344:22:LL_RCC_PLLSAI1_ConfigDomain_48M	1
../Drivers/STM32L4xx_HAL_Driver/Inc/stm32l4xx_ll_rcc.h:4773:22:LL_RCC_PLLSAI1_EnableDomain_48M	1
../Drivers/STM32L4xx_HAL_Driver/Inc/stm32l4xx_ll_system.h:1403:22:LL_FLASH_SetLatency	1
../Drivers/STM32L4xx_HAL_Driver/Inc/stm32l4xx_ll_system.h:1431:26:LL_FLASH_GetLatency	1
../Drivers/STM32L4xx_HAL_Driver/Inc/stm32l4xx_ll_pwr.h:343:22:LL_PWR_SetRegulVoltageScaling	1
../Drivers/STM32L4xx_HAL_Driver/Inc/stm32l4xx_ll_pwr.h:1607:26:LL_PWR_IsActiveFlag_VOS	2
../Drivers/STM32L4xx_HAL_Driver/Inc/stm32l4xx_ll_tim.h:1487:22:LL_TIM_EnableCounter	1
../Drivers/STM32L4xx_HAL_Driver/Inc/stm32l4xx_ll_tim.h:1740:22:LL_TIM_SetCounter	1
../Drivers/STM32L4xx_HAL_Driver/Inc/stm32l4xx_ll_tim.h:2022:22:LL_TIM_CC_EnableChannel	1
../Drivers/STM32L4xx_HAL_Driver/Inc/stm32l4xx_ll_tim.h:3682:22:LL_TIM_EnableAllOutputs	1
../Drivers/STM32L4xx_HAL_Driver/Inc/stm32l4xx_ll_tim.h:4094:22:LL_TIM_ClearFlag_UPDATE	1
../Drivers/STM32L4xx_HAL_Driver/Inc/stm32l4xx_ll_tim.h:4457:22:LL_TIM_EnableIT_UPDATE	1
../Core/Src/main.c:70:13:ADC_Calibrate_And_Enable	5
../Core/Src/main.c:83:13:DMA_Arm_For_Capture	1
../Core/Src/main.c:102:5:main	6
../Core/Src/main.c:201:6:SystemClock_Config	7
../Core/Src/main.c:253:6:PeriphCommonClock_Config	2
../Core/Src/main.c:268:6:on_tim2_update	1
../Core/Src/main.c:273:6:on_dma_transfer_complete	1
../Core/Src/main.c:286:6:Error_Handler	1
