../Drivers/STM32L4xx_HAL_Driver/Inc/stm32l4xx_ll_dma.h:1585:26:LL_DMA_IsActiveFlag_TC1	16	static
../Drivers/STM32L4xx_HAL_Driver/Inc/stm32l4xx_ll_dma.h:1739:26:LL_DMA_IsActiveFlag_TE1	16	static
../Drivers/STM32L4xx_HAL_Driver/Inc/stm32l4xx_ll_dma.h:1921:22:LL_DMA_ClearFlag_TC1	16	static
../Drivers/STM32L4xx_HAL_Driver/Inc/stm32l4xx_ll_dma.h:2075:22:LL_DMA_ClearFlag_TE1	16	static
../Drivers/STM32L4xx_HAL_Driver/Inc/stm32l4xx_ll_tim.h:4094:22:LL_TIM_ClearFlag_UPDATE	16	static
../Drivers/STM32L4xx_HAL_Driver/Inc/stm32l4xx_ll_tim.h:4105:26:LL_TIM_IsActiveFlag_UPDATE	16	static
../Core/Src/stm32l4xx_it.c:71:6:NMI_Handler	4	static
../Core/Src/stm32l4xx_it.c:86:6:HardFault_Handler	4	static
../Core/Src/stm32l4xx_it.c:101:6:MemManage_Handler	4	static
../Core/Src/stm32l4xx_it.c:116:6:BusFault_Handler	4	static
../Core/Src/stm32l4xx_it.c:131:6:UsageFault_Handler	4	static
../Core/Src/stm32l4xx_it.c:146:6:SVC_Handler	4	static
../Core/Src/stm32l4xx_it.c:159:6:DebugMon_Handler	4	static
../Core/Src/stm32l4xx_it.c:172:6:PendSV_Handler	4	static
../Core/Src/stm32l4xx_it.c:185:6:SysTick_Handler	8	static
../Core/Src/stm32l4xx_it.c:206:6:DMA1_Channel1_IRQHandler	8	static
../Core/Src/stm32l4xx_it.c:227:6:TIM2_IRQHandler	8	static
../Core/Src/stm32l4xx_it.c:244:6:USART1_IRQHandler	8	static
../Core/Src/stm32l4xx_it.c:258:6:OTG_FS_IRQHandler	8	static
