Archive member included to satisfy reference by file (symbol)

/Applications/STM32CubeIDE.app/Contents/Eclipse/plugins/com.st.stm32cube.ide.mcu.externaltools.gnu-tools-for-stm32.14.3.rel1.macosaarch64_1.0.0.202602081740/tools/bin/../lib/gcc/arm-none-eabi/14.3.1/../../../../arm-none-eabi/lib/thumb/v7e-m+fp/hard/libc_nano.a(libc_a-exit.o)
                              /Applications/STM32CubeIDE.app/Contents/Eclipse/plugins/com.st.stm32cube.ide.mcu.externaltools.gnu-tools-for-stm32.14.3.rel1.macosaarch64_1.0.0.202602081740/tools/bin/../lib/gcc/arm-none-eabi/14.3.1/../../../../arm-none-eabi/lib/thumb/v7e-m+fp/hard/crt0.o (exit)
/Applications/STM32CubeIDE.app/Contents/Eclipse/plugins/com.st.stm32cube.ide.mcu.externaltools.gnu-tools-for-stm32.14.3.rel1.macosaarch64_1.0.0.202602081740/tools/bin/../lib/gcc/arm-none-eabi/14.3.1/../../../../arm-none-eabi/lib/thumb/v7e-m+fp/hard/libc_nano.a(libc_a-findfp.o)
                              /Applications/STM32CubeIDE.app/Contents/Eclipse/plugins/com.st.stm32cube.ide.mcu.externaltools.gnu-tools-for-stm32.14.3.rel1.macosaarch64_1.0.0.202602081740/tools/bin/../lib/gcc/arm-none-eabi/14.3.1/../../../../arm-none-eabi/lib/thumb/v7e-m+fp/hard/libc_nano.a(libc_a-exit.o) (__stdio_exit_handler)
/Applications/STM32CubeIDE.app/Contents/Eclipse/plugins/com.st.stm32cube.ide.mcu.externaltools.gnu-tools-for-stm32.14.3.rel1.macosaarch64_1.0.0.202602081740/tools/bin/../lib/gcc/arm-none-eabi/14.3.1/../../../../arm-none-eabi/lib/thumb/v7e-m+fp/hard/libc_nano.a(libc_a-fwalk.o)
                              /Applications/STM32CubeIDE.app/Contents/Eclipse/plugins/com.st.stm32cube.ide.mcu.externaltools.gnu-tools-for-stm32.14.3.rel1.macosaarch64_1.0.0.202602081740/tools/bin/../lib/gcc/arm-none-eabi/14.3.1/../../../../arm-none-eabi/lib/thumb/v7e-m+fp/hard/libc_nano.a(libc_a-findfp.o) (_fwalk_sglue)
/Applications/STM32CubeIDE.app/Contents/Eclipse/plugins/com.st.stm32cube.ide.mcu.externaltools.gnu-tools-for-stm32.14.3.rel1.macosaarch64_1.0.0.202602081740/tools/bin/../lib/gcc/arm-none-eabi/14.3.1/../../../../arm-none-eabi/lib/thumb/v7e-m+fp/hard/libc_nano.a(libc_a-memset.o)
                              /Applications/STM32CubeIDE.app/Contents/Eclipse/plugins/com.st.stm32cube.ide.mcu.externaltools.gnu-tools-for-stm32.14.3.rel1.macosaarch64_1.0.0.202602081740/tools/bin/../lib/gcc/arm-none-eabi/14.3.1/../../../../arm-none-eabi/lib/thumb/v7e-m+fp/hard/crt0.o (memset)
/Applications/STM32CubeIDE.app/Contents/Eclipse/plugins/com.st.stm32cube.ide.mcu.externaltools.gnu-tools-for-stm32.14.3.rel1.macosaarch64_1.0.0.202602081740/tools/bin/../lib/gcc/arm-none-eabi/14.3.1/../../../../arm-none-eabi/lib/thumb/v7e-m+fp/hard/libc_nano.a(libc_a-errno.o)
                              ./Core/Src/syscalls.o (__errno)
/Applications/STM32CubeIDE.app/Contents/Eclipse/plugins/com.st.stm32cube.ide.mcu.externaltools.gnu-tools-for-stm32.14.3.rel1.macosaarch64_1.0.0.202602081740/tools/bin/../lib/gcc/arm-none-eabi/14.3.1/../../../../arm-none-eabi/lib/thumb/v7e-m+fp/hard/libc_nano.a(libc_a-init.o)
                              /Applications/STM32CubeIDE.app/Contents/Eclipse/plugins/com.st.stm32cube.ide.mcu.externaltools.gnu-tools-for-stm32.14.3.rel1.macosaarch64_1.0.0.202602081740/tools/bin/../lib/gcc/arm-none-eabi/14.3.1/../../../../arm-none-eabi/lib/thumb/v7e-m+fp/hard/crt0.o (__libc_init_array)
/Applications/STM32CubeIDE.app/Contents/Eclipse/plugins/com.st.stm32cube.ide.mcu.externaltools.gnu-tools-for-stm32.14.3.rel1.macosaarch64_1.0.0.202602081740/tools/bin/../lib/gcc/arm-none-eabi/14.3.1/../../../../arm-none-eabi/lib/thumb/v7e-m+fp/hard/libc_nano.a(libc_a-lock.o)
                              /Applications/STM32CubeIDE.app/Contents/Eclipse/plugins/com.st.stm32cube.ide.mcu.externaltools.gnu-tools-for-stm32.14.3.rel1.macosaarch64_1.0.0.202602081740/tools/bin/../lib/gcc/arm-none-eabi/14.3.1/../../../../arm-none-eabi/lib/thumb/v7e-m+fp/hard/libc_nano.a(libc_a-findfp.o) (__retarget_lock_init_recursive)
/Applications/STM32CubeIDE.app/Contents/Eclipse/plugins/com.st.stm32cube.ide.mcu.externaltools.gnu-tools-for-stm32.14.3.rel1.macosaarch64_1.0.0.202602081740/tools/bin/../lib/gcc/arm-none-eabi/14.3.1/../../../../arm-none-eabi/lib/thumb/v7e-m+fp/hard/libc_nano.a(libc_a-impure.o)
                              /Applications/STM32CubeIDE.app/Contents/Eclipse/plugins/com.st.stm32cube.ide.mcu.externaltools.gnu-tools-for-stm32.14.3.rel1.macosaarch64_1.0.0.202602081740/tools/bin/../lib/gcc/arm-none-eabi/14.3.1/../../../../arm-none-eabi/lib/thumb/v7e-m+fp/hard/libc_nano.a(libc_a-errno.o) (_impure_ptr)
/Applications/STM32CubeIDE.app/Contents/Eclipse/plugins/com.st.stm32cube.ide.mcu.externaltools.gnu-tools-for-stm32.14.3.rel1.macosaarch64_1.0.0.202602081740/tools/bin/../lib/gcc/arm-none-eabi/14.3.1/../../../../arm-none-eabi/lib/thumb/v7e-m+fp/hard/libc_nano.a(libc_a-strlen.o)
                              ./Middlewares/ST/STM32_USB_Device_Library/Core/Src/usbd_ctlreq.o (strlen)
[...]
Memory Configuration

Name             Origin             Length             Attributes
RAM              0x20000000         0x00018000         xrw
RAM2             0x10000000         0x00008000         xrw
FLASH            0x08000000         0x00100000         xr
*default*        0x00000000         0xffffffff

Linker script and memory map

LOAD /Applications/STM32CubeIDE.app/Contents/Eclipse/plugins/com.st.stm32cube.ide.mcu.externaltools.gnu-tools-for-stm32.14.3.rel1.macosaarch64_1.0.0.202602081740/tools/bin/../lib/gcc/arm-none-eabi/14.3.1/thumb/v7e-m+fp/hard/crti.o
LOAD /Applications/STM32CubeIDE.app/Contents/Eclipse/plugins/com.st.stm32cube.ide.mcu.externaltools.gnu-tools-for-stm32.14.3.rel1.macosaarch64_1.0.0.202602081740/tools/bin/../lib/gcc/arm-none-eabi/14.3.1/thumb/v7e-m+fp/hard/crtbegin.o
LOAD /Applications/STM32CubeIDE.app/Contents/Eclipse/plugins/com.st.stm32cube.ide.mcu.externaltools.gnu-tools-for-stm32.14.3.rel1.macosaarch64_1.0.0.202602081740/tools/bin/../lib/gcc/arm-none-eabi/14.3.1/../../../../arm-none-eabi/lib/thumb/v7e-m+fp/hard/crt0.o
LOAD ./Core/Src/adc.o
LOAD ./Core/Src/dma.o
LOAD ./Core/Src/gpio.o
LOAD ./Core/Src/main.o
LOAD ./Core/Src/stm32l4xx_hal_msp.o
LOAD ./Core/Src/stm32l4xx_it.o
LOAD ./Core/Src/syscalls.o
LOAD ./Core/Src/sysmem.o
LOAD ./Core/Src/system_stm32l4xx.o
LOAD ./Core/Src/tim.o
LOAD ./Core/Src/usart.o
LOAD ./Core/Startup/startup_stm32l476rgtx.o
LOAD ./Drivers/STM32L4xx_HAL_Driver/Src/stm32l4xx_hal.o
LOAD ./Drivers/STM32L4xx_HAL_Driver/Src/stm32l4xx_hal_cortex.o
LOAD ./Drivers/STM32L4xx_HAL_Driver/Src/stm32l4xx_hal_dma.o
LOAD ./Drivers/STM32L4xx_HAL_Driver/Src/stm32l4xx_hal_dma_ex.o
LOAD ./Drivers/STM32L4xx_HAL_Driver/Src/stm32l4xx_hal_exti.o
LOAD ./Drivers/STM32L4xx_HAL_Driver/Src/stm32l4xx_hal_flash.o
LOAD ./Drivers/STM32L4xx_HAL_Driver/Src/stm32l4xx_hal_flash_ex.o
LOAD ./Drivers/STM32L4xx_HAL_Driver/Src/stm32l4xx_hal_flash_ramfunc.o
LOAD ./Drivers/STM32L4xx_HAL_Driver/Src/stm32l4xx_hal_gpio.o
LOAD ./Drivers/STM32L4xx_HAL_Driver/Src/stm32l4xx_hal_i2c.o
LOAD ./Drivers/STM32L4xx_HAL_Driver/Src/stm32l4xx_hal_i2c_ex.o
LOAD ./Drivers/STM32L4xx_HAL_Driver/Src/stm32l4xx_hal_pcd.o
LOAD ./Drivers/STM32L4xx_HAL_Driver/Src/stm32l4xx_hal_pcd_ex.o
LOAD ./Drivers/STM32L4xx_HAL_Driver/Src/stm32l4xx_hal_pwr.o
LOAD ./Drivers/STM32L4xx_HAL_Driver/Src/stm32l4xx_hal_pwr_ex.o
LOAD ./Drivers/STM32L4xx_HAL_Driver/Src/stm32l4xx_hal_rcc.o
LOAD ./Drivers/STM32L4xx_HAL_Driver/Src/stm32l4xx_hal_rcc_ex.o
LOAD ./Drivers/STM32L4xx_HAL_Driver/Src/stm32l4xx_hal_uart.o
LOAD ./Drivers/STM32L4xx_HAL_Driver/Src/stm32l4xx_hal_uart_ex.o
LOAD ./Drivers/STM32L4xx_HAL_Driver/Src/stm32l4xx_ll_adc.o
LOAD ./Drivers/STM32L4xx_HAL_Driver/Src/stm32l4xx_ll_dma.o
LOAD ./Drivers/STM32L4xx_HAL_Driver/Src/stm32l4xx_ll_exti.o
LOAD ./Drivers/STM32L4xx_HAL_Driver/Src/stm32l4xx_ll_gpio.o
LOAD ./Drivers/STM32L4xx_HAL_Driver/Src/stm32l4xx_ll_tim.o
LOAD ./Drivers/STM32L4xx_HAL_Driver/Src/stm32l4xx_ll_usb.o
LOAD ./Drivers/STM32L4xx_HAL_Driver/Src/stm32l4xx_ll_utils.o
LOAD ./Middlewares/ST/STM32_USB_Device_Library/Class/CDC/Src/usbd_cdc.o
LOAD ./Middlewares/ST/STM32_USB_Device_Library/Core/Src/usbd_core.o
LOAD ./Middlewares/ST/STM32_USB_Device_Library/Core/Src/usbd_ctlreq.o
LOAD ./Middlewares/ST/STM32_USB_Device_Library/Core/Src/usbd_ioreq.o
LOAD ./USB_DEVICE/App/usb_device.o
LOAD ./USB_DEVICE/App/usbd_cdc_if.o
LOAD ./USB_DEVICE/App/usbd_desc.o
LOAD ./USB_DEVICE/Target/usbd_conf.o
START GROUP
LOAD /Applications/STM32CubeIDE.app/Contents/Eclipse/plugins/com.st.stm32cube.ide.mcu.externaltools.gnu-tools-for-stm32.14.3.rel1.macosaarch64_1.0.0.202602081740/tools/bin/../lib/gcc/arm-none-eabi/14.3.1/../../../../arm-none-eabi/lib/thumb/v7e-m+fp/hard/libc_nano.a
LOAD /Applications/STM32CubeIDE.app/Contents/Eclipse/plugins/com.st.stm32cube.ide.mcu.externaltools.gnu-tools-for-stm32.14.3.rel1.macosaarch64_1.0.0.202602081740/tools/bin/../lib/gcc/arm-none-eabi/14.3.1/../../../../arm-none-eabi/lib/thumb/v7e-m+fp/hard/libm.a
END GROUP
START GROUP
LOAD /Applications/STM32CubeIDE.app/Contents/Eclipse/plugins/com.st.stm32cube.ide.mcu.externaltools.gnu-tools-for-stm32.14.3.rel1.macosaarch64_1.0.0.202602081740/tools/bin/../lib/gcc/arm-none-eabi/14.3.1/thumb/v7e-m+fp/hard/libgcc.a
LOAD /Applications/STM32CubeIDE.app/Contents/Eclipse/plugins/com.st.stm32cube.ide.mcu.externaltools.gnu-tools-for-stm32.14.3.rel1.macosaarch64_1.0.0.202602081740/tools/bin/../lib/gcc/arm-none-eabi/14.3.1/../../../../arm-none-eabi/lib/thumb/v7e-m+fp/hard/libc_nano.a
END GROUP
START GROUP
LOAD /Applications/STM32CubeIDE.app/Contents/Eclipse/plugins/com.st.stm32cube.ide.mcu.externaltools.gnu-tools-for-stm32.14.3.rel1.macosaarch64_1.0.0.202602081740/tools/bin/../lib/gcc/arm-none-eabi/14.3.1/thumb/v7e-m+fp/hard/libgcc.a
LOAD /Applications/STM32CubeIDE.app/Contents/Eclipse/plugins/com.st.stm32cube.ide.mcu.externaltools.gnu-tools-for-stm32.14.3.rel1.macosaarch64_1.0.0.202602081740/tools/bin/../lib/gcc/arm-none-eabi/14.3.1/../../../../arm-none-eabi/lib/thumb/v7e-m+fp/hard/libc_nano.a
LOAD /Applications/STM32CubeIDE.app/Contents/Eclipse/plugins/com.st.stm32cube.ide.mcu.externaltools.gnu-tools-for-stm32.14.3.rel1.macosaarch64_1.0.0.202602081740/tools/bin/../lib/gcc/arm-none-eabi/14.3.1/../../../../arm-none-eabi/lib/thumb/v7e-m+fp/hard/libnosys.a
END GROUP
START GROUP
LOAD /Applications/STM32CubeIDE.app/Contents/Eclipse/plugins/com.st.stm32cube.ide.mcu.externaltools.gnu-tools-for-stm32.14.3.rel1.macosaarch64_1.0.0.202602081740/tools/bin/../lib/gcc/arm-none-eabi/14.3.1/thumb/v7e-m+fp/hard/libgcc.a
LOAD /Applications/STM32CubeIDE.app/Contents/Eclipse/plugins/com.st.stm32cube.ide.mcu.externaltools.gnu-tools-for-stm32.14.3.rel1.macosaarch64_1.0.0.202602081740/tools/bin/../lib/gcc/arm-none-eabi/14.3.1/../../../../arm-none-eabi/lib/thumb/v7e-m+fp/hard/libc_nano.a
LOAD /Applications/STM32CubeIDE.app/Contents/Eclipse/plugins/com.st.stm32cube.ide.mcu.externaltools.gnu-tools-for-stm32.14.3.rel1.macosaarch64_1.0.0.202602081740/tools/bin/../lib/gcc/arm-none-eabi/14.3.1/../../../../arm-none-eabi/lib/thumb/v7e-m+fp/hard/libnosys.a
END GROUP
LOAD /Applications/STM32CubeIDE.app/Contents/Eclipse/plugins/com.st.stm32cube.ide.mcu.externaltools.gnu-tools-for-stm32.14.3.rel1.macosaarch64_1.0.0.202602081740/tools/bin/../lib/gcc/arm-none-eabi/14.3.1/thumb/v7e-m+fp/hard/crtend.o
LOAD /Applications/STM32CubeIDE.app/Contents/Eclipse/plugins/com.st.stm32cube.ide.mcu.externaltools.gnu-tools-for-stm32.14.3.rel1.macosaarch64_1.0.0.202602081740/tools/bin/../lib/gcc/arm-none-eabi/14.3.1/thumb/v7e-m+fp/hard/crtn.o
                0x20018000                        _estack = (ORIGIN (RAM) + LENGTH (RAM))
                0x00000200                        _Min_Heap_Size = 0x200
                0x00000400                        _Min_Stack_Size = 0x400

.isr_vector     0x08000000      0x188
                0x08000000                        . = ALIGN (0x4)
 *(.isr_vector)
 .isr_vector    0x08000000      0x188 ./Core/Startup/startup_stm32l476rgtx.o
                0x08000000                g_pfnVectors
                0x08000188                        . = ALIGN (0x4)

.text           0x08000188     0x4780
                0x08000188                        . = ALIGN (0x4)
 *(.text)
 .text          0x08000188       0x40 /Applications/STM32CubeIDE.app/Contents/Eclipse/plugins/com.st.stm32cube.ide.mcu.externaltools.gnu-tools-for-stm32.14.3.rel1.macosaarch64_1.0.0.202602081740/tools/bin/../lib/gcc/arm-none-eabi/14.3.1/thumb/v7e-m+fp/hard/crtbegin.o
 .text          0x080001c8       0x10 /Applications/STM32CubeIDE.app/Contents/Eclipse/plugins/com.st.stm32cube.ide.mcu.externaltools.gnu-tools-for-stm32.14.3.rel1.macosaarch64_1.0.0.202602081740/tools/bin/../lib/gcc/arm-none-eabi/14.3.1/../../../../arm-none-eabi/lib/thumb/v7e-m+fp/hard/libc_nano.a(libc_a-strlen.o)
                0x080001c8                strlen
 .text          0x080001d8       0x30 /Applications/STM32CubeIDE.app/Contents/Eclipse/plugins/com.st.stm32cube.ide.mcu.externaltools.gnu-tools-for-stm32.14.3.rel1.macosaarch64_1.0.0.202602081740/tools/bin/../lib/gcc/arm-none-eabi/14.3.1/thumb/v7e-m+fp/hard/libgcc.a(_aeabi_uldivmod.o)
                0x080001d8                __aeabi_uldivmod
 .text          0x08000208      0x2f8 /Applications/STM32CubeIDE.app/Contents/Eclipse/plugins/com.st.stm32cube.ide.mcu.externaltools.gnu-tools-for-stm32.14.3.rel1.macosaarch64_1.0.0.202602081740/tools/bin/../lib/gcc/arm-none-eabi/14.3.1/thumb/v7e-m+fp/hard/libgcc.a(_udivmoddi4.o)
                0x08000208                __udivmoddi4
 .text          0x08000500        0x4 /Applications/STM32CubeIDE.app/Contents/Eclipse/plugins/com.st.stm32cube.ide.mcu.externaltools.gnu-tools-for-stm32.14.3.rel1.macosaarch64_1.0.0.202602081740/tools/bin/../lib/gcc/arm-none-eabi/14.3.1/thumb/v7e-m+fp/hard/libgcc.a(_dvmd_tls.o)
                0x08000500                __aeabi_ldiv0
                0x08000500                __aeabi_idiv0
 *(.text*)
 .text.MX_ADC1_Init
                0x08000504      0x184 ./Core/Src/adc.o
                0x08000504                MX_ADC1_Init
 .text.MX_DMA_Init
                0x08000688       0x68 ./Core/Src/dma.o
                0x08000688                MX_DMA_Init
 .text.MX_GPIO_Init
                0x080006f0       0x54 ./Core/Src/gpio.o
                0x080006f0                MX_GPIO_Init
 .text.DMA_Arm_For_Capture
                0x08000744       0x44 ./Core/Src/main.o
 .text.SystemClock_Config
                0x08000788       0xd4 ./Core/Src/main.o
                0x08000788                SystemClock_Config
 .text.PeriphCommonClock_Config
                0x0800085c       0x3c ./Core/Src/main.o
                0x0800085c                PeriphCommonClock_Config
 .text.startup.main
                0x08000898      0x190 ./Core/Src/main.o
                0x08000898                main
 .text.on_tim2_update
                0x08000a28        0xc ./Core/Src/main.o
                0x08000a28                on_tim2_update
 .text.on_dma_transfer_complete
                0x08000a34       0x1c ./Core/Src/main.o
                0x08000a34                on_dma_transfer_complete
 .text.Error_Handler
                0x08000a50        0x4 ./Core/Src/main.o
                0x08000a50                Error_Handler
 .text.HAL_MspInit
                0x08000a54       0x30 ./Core/Src/stm32l4xx_hal_msp.o
                0x08000a54                HAL_MspInit
 .text.NMI_Handler
                0x08000a84        0x2 ./Core/Src/stm32l4xx_it.o
                0x08000a84                NMI_Handler
 .text.HardFault_Handler
                0x08000a86        0x2 ./Core/Src/stm32l4xx_it.o
                0x08000a86                HardFault_Handler
 .text.MemManage_Handler
                0x08000a88        0x2 ./Core/Src/stm32l4xx_it.o
                0x08000a88                MemManage_Handler
 .text.BusFault_Handler
                0x08000a8a        0x2 ./Core/Src/stm32l4xx_it.o
                0x08000a8a                BusFault_Handler
 .text.UsageFault_Handler
                0x08000a8c        0x2 ./Core/Src/stm32l4xx_it.o
                0x08000a8c                UsageFault_Handler
 .text.SVC_Handler
                0x08000a8e        0x2 ./Core/Src/stm32l4xx_it.o
                0x08000a8e                SVC_Handler
 .text.DebugMon_Handler
                0x08000a90        0x2 ./Core/Src/stm32l4xx_it.o
                0x08000a90                DebugMon_Handler
 .text.PendSV_Handler
                0x08000a92        0x2 ./Core/Src/stm32l4xx_it.o
                0x08000a92                PendSV_Handler
 .text.SysTick_Handler
                0x08000a94        0x4 ./Core/Src/stm32l4xx_it.o
                0x08000a94                SysTick_Handler
 .text.DMA1_Channel1_IRQHandler
                0x08000a98       0x24 ./Core/Src/stm32l4xx_it.o
                0x08000a98                DMA1_Channel1_IRQHandler
 .text.TIM2_IRQHandler
                0x08000abc       0x16 ./Core/Src/stm32l4xx_it.o
                0x08000abc                TIM2_IRQHandler
 *fill*         0x08000ad2        0x2 
 .text.USART1_IRQHandler
                0x08000ad4        0xc ./Core/Src/stm32l4xx_it.o
                0x08000ad4                USART1_IRQHandler
 .text.OTG_FS_IRQHandler
                0x08000ae0        0xc ./Core/Src/stm32l4xx_it.o
                0x08000ae0                OTG_FS_IRQHandler
 .text.SystemInit
                0x08000aec       0x14 ./Core/Src/system_stm32l4xx.o
                0x08000aec                SystemInit
 .text.LL_AHB2_GRP1_EnableClock
                0x08000b00       0x1c ./Core/Src/tim.o
 .text.LL_APB1_GRP1_EnableClock
                0x08000b1c       0x1c ./Core/Src/tim.o
 .text.MX_TIM2_Init
                0x08000b38      0x110 ./Core/Src/tim.o
                0x08000b38                MX_TIM2_Init
 .text.MX_TIM3_Init
                0x08000c48       0xe8 ./Core/Src/tim.o
                0x08000c48                MX_TIM3_Init
 .text.MX_TIM4_Init
                0x08000d30      0x110 ./Core/Src/tim.o
                0x08000d30                MX_TIM4_Init
 .text.MX_TIM8_Init
                0x08000e40      0x164 ./Core/Src/tim.o
                0x08000e40                MX_TIM8_Init
 .text.MX_USART1_UART_Init
                0x08000fa4       0x3c ./Core/Src/usart.o
                0x08000fa4                MX_USART1_UART_Init
 .text.HAL_UART_MspInit
                0x08000fe0       0x80 ./Core/Src/usart.o
                0x08000fe0                HAL_UART_MspInit
 .text.Reset_Handler
                0x08001060       0x50 ./Core/Startup/startup_stm32l476rgtx.o
                0x08001060                Reset_Handler
 .text.Default_Handler
                0x080010b0        0x2 ./Core/Startup/startup_stm32l476rgtx.o
                0x080010b0                TIM1_BRK_TIM15_IRQHandler
                0x080010b0                EXTI2_IRQHandler
                0x080010b0                TIM8_TRG_COM_IRQHandler
                0x080010b0                TIM8_CC_IRQHandler
                0x080010b0                TIM1_CC_IRQHandler
                0x080010b0                TSC_IRQHandler
                0x080010b0                TAMP_STAMP_IRQHandler
                0x080010b0                EXTI3_IRQHandler
                0x080010b0                LPTIM2_IRQHandler
                0x080010b0                DFSDM1_FLT1_IRQHandler
                0x080010b0                I2C3_ER_IRQHandler
                0x080010b0                DFSDM1_FLT2_IRQHandler
                0x080010b0                EXTI0_IRQHandler
                0x080010b0                I2C2_EV_IRQHandler
                0x080010b0                CAN1_RX0_IRQHandler
                0x080010b0                FPU_IRQHandler
                0x080010b0                TIM1_UP_TIM16_IRQHandler
                0x080010b0                ADC1_2_IRQHandler
                0x080010b0                SPI1_IRQHandler
                0x080010b0                TIM6_DAC_IRQHandler
                0x080010b0                TIM8_UP_IRQHandler
                0x080010b0                DMA2_Channel2_IRQHandler
                0x080010b0                DMA1_Channel4_IRQHandler
                0x080010b0                SAI2_IRQHandler
                0x080010b0                DFSDM1_FLT3_IRQHandler
                0x080010b0                USART3_IRQHandler
                0x080010b0                DMA1_Channel7_IRQHandler
                0x080010b0                CAN1_RX1_IRQHandler
                0x080010b0                LCD_IRQHandler
                0x080010b0                UART5_IRQHandler
                0x080010b0                ADC3_IRQHandler
                0x080010b0                TIM4_IRQHandler
                0x080010b0                DMA2_Channel1_IRQHandler
                0x080010b0                QUADSPI_IRQHandler
                0x080010b0                I2C1_EV_IRQHandler
                0x080010b0                DMA1_Channel6_IRQHandler
                0x080010b0                UART4_IRQHandler
                0x080010b0                DMA2_Channel4_IRQHandler
                0x080010b0                TIM3_IRQHandler
                0x080010b0                RCC_IRQHandler
                0x080010b0                Default_Handler
                0x080010b0                DMA2_Channel7_IRQHandler
                0x080010b0                EXTI15_10_IRQHandler
                0x080010b0                TIM7_IRQHandler
                0x080010b0                SDMMC1_IRQHandler
                0x080010b0                TIM5_IRQHandler
                0x080010b0                I2C3_EV_IRQHandler
                0x080010b0                EXTI9_5_IRQHandler
                0x080010b0                RTC_WKUP_IRQHandler
                0x080010b0                PVD_PVM_IRQHandler
                0x080010b0                SPI2_IRQHandler
                0x080010b0                CAN1_TX_IRQHandler
                0x080010b0                DMA2_Channel5_IRQHandler
                0x080010b0                DMA1_Channel5_IRQHandler
                0x080010b0                EXTI4_IRQHandler
                0x080010b0                RNG_IRQHandler
                0x080010b0                TIM1_TRG_COM_TIM17_IRQHandler
                0x080010b0                DMA1_Channel3_IRQHandler
                0x080010b0                COMP_IRQHandler
                0x080010b0                WWDG_IRQHandler
                0x080010b0                LPUART1_IRQHandler
                0x080010b0                DMA2_Channel6_IRQHandler
                0x080010b0                EXTI1_IRQHandler
                0x080010b0                USART2_IRQHandler
                0x080010b0                DFSDM1_FLT0_IRQHandler
                0x080010b0                I2C2_ER_IRQHandler
                0x080010b0                DMA1_Channel2_IRQHandler
                0x080010b0                TIM8_BRK_IRQHandler
                0x080010b0                CAN1_SCE_IRQHandler
                0x080010b0                FLASH_IRQHandler
                0x080010b0                SPI3_IRQHandler
                0x080010b0                I2C1_ER_IRQHandler
                0x080010b0                FMC_IRQHandler
                0x080010b0                SWPMI1_IRQHandler
                0x080010b0                LPTIM1_IRQHandler
                0x080010b0                SAI1_IRQHandler
                0x080010b0                DMA2_Channel3_IRQHandler
                0x080010b0                RTC_Alarm_IRQHandler
 *fill*         0x080010b2        0x2 
 .text.HAL_InitTick
                0x080010b4       0x4c ./Drivers/STM32L4xx_HAL_Driver/Src/stm32l4xx_hal.o
                0x080010b4                HAL_InitTick
 .text.HAL_Init
                0x08001100       0x1e ./Drivers/STM32L4xx_HAL_Driver/Src/stm32l4xx_hal.o
                0x08001100                HAL_Init
 *fill*         0x0800111e        0x2 
 .text.HAL_IncTick
                0x08001120       0x18 ./Drivers/STM32L4xx_HAL_Driver/Src/stm32l4xx_hal.o
                0x08001120                HAL_IncTick
 .text.HAL_GetTick
                0x08001138        0xc ./Drivers/STM32L4xx_HAL_Driver/Src/stm32l4xx_hal.o
                0x08001138                HAL_GetTick
 .text.HAL_Delay
                0x08001144       0x28 ./Drivers/STM32L4xx_HAL_Driver/Src/stm32l4xx_hal.o
                0x08001144                HAL_Delay
 .text.HAL_NVIC_SetPriorityGrouping
                0x0800116c       0x24 ./Drivers/STM32L4xx_HAL_Driver/Src/stm32l4xx_hal_cortex.o
                0x0800116c                HAL_NVIC_SetPriorityGrouping
 .text.HAL_NVIC_SetPriority
                0x08001190       0x64 ./Drivers/STM32L4xx_HAL_Driver/Src/stm32l4xx_hal_cortex.o
                0x08001190                HAL_NVIC_SetPriority
 .text.HAL_NVIC_EnableIRQ
                0x080011f4       0x1c ./Drivers/STM32L4xx_HAL_Driver/Src/stm32l4xx_hal_cortex.o
                0x080011f4                HAL_NVIC_EnableIRQ
 .text.HAL_SYSTICK_Config
                0x08001210       0x28 ./Drivers/STM32L4xx_HAL_Driver/Src/stm32l4xx_hal_cortex.o
                0x08001210                HAL_SYSTICK_Config
 .text.HAL_DMA_Abort
                0x08001238       0x48 ./Drivers/STM32L4xx_HAL_Driver/Src/stm32l4xx_hal_dma.o
                0x08001238                HAL_DMA_Abort
 .text.HAL_DMA_Abort_IT
                0x08001280       0x48 ./Drivers/STM32L4xx_HAL_Driver/Src/stm32l4xx_hal_dma.o
                0x08001280                HAL_DMA_Abort_IT
 .text.HAL_GPIO_Init
                0x080012c8      0x1b4 ./Drivers/STM32L4xx_HAL_Driver/Src/stm32l4xx_hal_gpio.o
                0x080012c8                HAL_GPIO_Init
 .text.HAL_PCD_Init
                0x0800147c       0xe2 ./Drivers/STM32L4xx_HAL_Driver/Src/stm32l4xx_hal_pcd.o
                0x0800147c                HAL_PCD_Init
 .text.HAL_PCD_Start
                0x0800155e       0x38 ./Drivers/STM32L4xx_HAL_Driver/Src/stm32l4xx_hal_pcd.o
                0x0800155e                HAL_PCD_Start
 .text.HAL_PCD_SetAddress
                0x08001596       0x26 ./Drivers/STM32L4xx_HAL_Driver/Src/stm32l4xx_hal_pcd.o
                0x08001596                HAL_PCD_SetAddress
 .text.HAL_PCD_EP_Open
                0x080015bc       0x6a ./Drivers/STM32L4xx_HAL_Driver/Src/stm32l4xx_hal_pcd.o
                0x080015bc                HAL_PCD_EP_Open
 .text.HAL_PCD_EP_Close
                0x08001626       0x54 ./Drivers/STM32L4xx_HAL_Driver/Src/stm32l4xx_hal_pcd.o
                0x08001626                HAL_PCD_EP_Close
 .text.HAL_PCD_EP_Receive
                0x0800167a       0x2e ./Drivers/STM32L4xx_HAL_Driver/Src/stm32l4xx_hal_pcd.o
                0x0800167a                HAL_PCD_EP_Receive
 .text.HAL_PCD_EP_GetRxCount
                0x080016a8       0x10 ./Drivers/STM32L4xx_HAL_Driver/Src/stm32l4xx_hal_pcd.o
                0x080016a8                HAL_PCD_EP_GetRxCount
 .text.HAL_PCD_EP_Transmit
                0x080016b8       0x2a ./Drivers/STM32L4xx_HAL_Driver/Src/stm32l4xx_hal_pcd.o
                0x080016b8                HAL_PCD_EP_Transmit
 .text.HAL_PCD_EP_SetStall
                0x080016e2       0x6c ./Drivers/STM32L4xx_HAL_Driver/Src/stm32l4xx_hal_pcd.o
                0x080016e2                HAL_PCD_EP_SetStall
 .text.HAL_PCD_EP_ClrStall
                0x0800174e       0x62 ./Drivers/STM32L4xx_HAL_Driver/Src/stm32l4xx_hal_pcd.o
                0x0800174e                HAL_PCD_EP_ClrStall
 .text.HAL_PCD_EP_Abort
                0x080017b0       0x1c ./Drivers/STM32L4xx_HAL_Driver/Src/stm32l4xx_hal_pcd.o
                0x080017b0                HAL_PCD_EP_Abort
 .text.HAL_PCD_IRQHandler
                0x080017cc      0x614 ./Drivers/STM32L4xx_HAL_Driver/Src/stm32l4xx_hal_pcd.o
                0x080017cc                HAL_PCD_IRQHandler
 .text.HAL_PCDEx_SetTxFiFo
                0x08001de0       0x3e ./Drivers/STM32L4xx_HAL_Driver/Src/stm32l4xx_hal_pcd_ex.o
                0x08001de0                HAL_PCDEx_SetTxFiFo
 .text.HAL_PCDEx_SetRxFiFo
                0x08001e1e        0x8 ./Drivers/STM32L4xx_HAL_Driver/Src/stm32l4xx_hal_pcd_ex.o
                0x08001e1e                HAL_PCDEx_SetRxFiFo
 .text.HAL_PCDEx_ActivateLPM
                0x08001e26       0x26 ./Drivers/STM32L4xx_HAL_Driver/Src/stm32l4xx_hal_pcd_ex.o
                0x08001e26                HAL_PCDEx_ActivateLPM
 .text.HAL_PWREx_EnableVddUSB
                0x08001e4c       0x10 ./Drivers/STM32L4xx_HAL_Driver/Src/stm32l4xx_hal_pwr_ex.o
                0x08001e4c                HAL_PWREx_EnableVddUSB
 .text.HAL_RCC_GetSysClockFreq
                0x08001e5c       0x94 ./Drivers/STM32L4xx_HAL_Driver/Src/stm32l4xx_hal_rcc.o
                0x08001e5c                HAL_RCC_GetSysClockFreq
 .text.HAL_RCC_GetHCLKFreq
                0x08001ef0        0xc ./Drivers/STM32L4xx_HAL_Driver/Src/stm32l4xx_hal_rcc.o
                0x08001ef0                HAL_RCC_GetHCLKFreq
 .text.HAL_RCC_GetPCLK1Freq
                0x08001efc       0x24 ./Drivers/STM32L4xx_HAL_Driver/Src/stm32l4xx_hal_rcc.o
                0x08001efc                HAL_RCC_GetPCLK1Freq
 .text.HAL_RCC_GetPCLK2Freq
                0x08001f20       0x24 ./Drivers/STM32L4xx_HAL_Driver/Src/stm32l4xx_hal_rcc.o
                0x08001f20                HAL_RCC_GetPCLK2Freq
 .text.UART_EndRxTransfer
                0x08001f44       0x50 ./Drivers/STM32L4xx_HAL_Driver/Src/stm32l4xx_hal_uart.o
 .text.HAL_UART_TxCpltCallback
                0x08001f94        0x2 ./Drivers/STM32L4xx_HAL_Driver/Src/stm32l4xx_hal_uart.o
                0x08001f94                HAL_UART_TxCpltCallback
 .text.HAL_UART_ErrorCallback
                0x08001f96        0x2 ./Drivers/STM32L4xx_HAL_Driver/Src/stm32l4xx_hal_uart.o
                0x08001f96                HAL_UART_ErrorCallback
 .text.UART_DMAAbortOnError
                0x08001f98        0xa ./Drivers/STM32L4xx_HAL_Driver/Src/stm32l4xx_hal_uart.o
 .text.HAL_UARTEx_RxEventCallback
                0x08001fa2        0x2 ./Drivers/STM32L4xx_HAL_Driver/Src/stm32l4xx_hal_uart.o
                0x08001fa2                HAL_UARTEx_RxEventCallback
 .text.HAL_UART_IRQHandler
                0x08001fa4      0x2a8 ./Drivers/STM32L4xx_HAL_Driver/Src/stm32l4xx_hal_uart.o
                0x08001fa4                HAL_UART_IRQHandler
 .text.UART_SetConfig
                0x0800224c      0x210 ./Drivers/STM32L4xx_HAL_Driver/Src/stm32l4xx_hal_uart.o
                0x0800224c                UART_SetConfig
 .text.UART_AdvFeatureConfig
                0x0800245c       0xa8 ./Drivers/STM32L4xx_HAL_Driver/Src/stm32l4xx_hal_uart.o
                0x0800245c                UART_AdvFeatureConfig
 .text.UART_WaitOnFlagUntilTimeout
                0x08002504       0x90 ./Drivers/STM32L4xx_HAL_Driver/Src/stm32l4xx_hal_uart.o
                0x08002504                UART_WaitOnFlagUntilTimeout
 .text.HAL_UART_Transmit
                0x08002594       0xac ./Drivers/STM32L4xx_HAL_Driver/Src/stm32l4xx_hal_uart.o
                0x08002594                HAL_UART_Transmit
 .text.UART_CheckIdleState
                0x08002640       0xb2 ./Drivers/STM32L4xx_HAL_Driver/Src/stm32l4xx_hal_uart.o
                0x08002640                UART_CheckIdleState
 .text.HAL_UART_Init
                0x080026f2       0x5c ./Drivers/STM32L4xx_HAL_Driver/Src/stm32l4xx_hal_uart.o
                0x080026f2                HAL_UART_Init
 .text.HAL_UARTEx_WakeupCallback
                0x0800274e        0x2 ./Drivers/STM32L4xx_HAL_Driver/Src/stm32l4xx_hal_uart_ex.o
                0x0800274e                HAL_UARTEx_WakeupCallback
 .text.LL_ADC_CommonInit
                0x08002750       0x4c ./Drivers/STM32L4xx_HAL_Driver/Src/stm32l4xx_ll_adc.o
                0x08002750                LL_ADC_CommonInit
 .text.LL_ADC_Init
                0x0800279c       0x2a ./Drivers/STM32L4xx_HAL_Driver/Src/stm32l4xx_ll_adc.o
                0x0800279c                LL_ADC_Init
 *fill*         0x080027c6        0x2 
 .text.LL_ADC_REG_Init
                0x080027c8       0x48 ./Drivers/STM32L4xx_HAL_Driver/Src/stm32l4xx_ll_adc.o
                0x080027c8                LL_ADC_REG_Init
 .text.LL_GPIO_Init
                0x08002810      0x138 ./Drivers/STM32L4xx_HAL_Driver/Src/stm32l4xx_ll_gpio.o
                0x08002810                LL_GPIO_Init
 .text.LL_TIM_Init
                0x08002948       0xa0 ./Drivers/STM32L4xx_HAL_Driver/Src/stm32l4xx_ll_tim.o
                0x08002948                LL_TIM_Init
 .text.LL_TIM_OC_Init
                0x080029e8      0x30c ./Drivers/STM32L4xx_HAL_Driver/Src/stm32l4xx_ll_tim.o
                0x080029e8                LL_TIM_OC_Init
 .text.LL_TIM_BDTR_Init
                0x08002cf4       0x68 ./Drivers/STM32L4xx_HAL_Driver/Src/stm32l4xx_ll_tim.o
                0x08002cf4                LL_TIM_BDTR_Init
 .text.USB_CoreInit
                0x08002d5c       0x7c ./Drivers/STM32L4xx_HAL_Driver/Src/stm32l4xx_ll_usb.o
                0x08002d5c                USB_CoreInit
 .text.USB_SetTurnaroundTime
                0x08002dd8       0xe0 ./Drivers/STM32L4xx_HAL_Driver/Src/stm32l4xx_ll_usb.o
                0x08002dd8                USB_SetTurnaroundTime
 .text.USB_EnableGlobalInt
                0x08002eb8        0xc ./Drivers/STM32L4xx_HAL_Driver/Src/stm32l4xx_ll_usb.o
                0x08002eb8                USB_EnableGlobalInt
 .text.USB_DisableGlobalInt
                0x08002ec4        0xc ./Drivers/STM32L4xx_HAL_Driver/Src/stm32l4xx_ll_usb.o
                0x08002ec4                USB_DisableGlobalInt
 .text.USB_SetCurrentMode
                0x08002ed0       0x60 ./Drivers/STM32L4xx_HAL_Driver/Src/stm32l4xx_ll_usb.o
                0x08002ed0                USB_SetCurrentMode
 .text.USB_FlushTxFifo
                0x08002f30       0x46 ./Drivers/STM32L4xx_HAL_Driver/Src/stm32l4xx_ll_usb.o
                0x08002f30                USB_FlushTxFifo
 .text.USB_FlushRxFifo
                0x08002f76       0x42 ./Drivers/STM32L4xx_HAL_Driver/Src/stm32l4xx_ll_usb.o
                0x08002f76                USB_FlushRxFifo
 .text.USB_SetDevSpeed
                0x08002fb8        0xe ./Drivers/STM32L4xx_HAL_Driver/Src/stm32l4xx_ll_usb.o
                0x08002fb8                USB_SetDevSpeed
 *fill*         0x08002fc6        0x2 
 .text.USB_DevInit
                0x08002fc8      0x14c ./Drivers/STM32L4xx_HAL_Driver/Src/stm32l4xx_ll_usb.o
                0x08002fc8                USB_DevInit
 .text.USB_GetDevSpeed
                0x08003114       0x14 ./Drivers/STM32L4xx_HAL_Driver/Src/stm32l4xx_ll_usb.o
                0x08003114                USB_GetDevSpeed
 .text.USB_ActivateEndpoint
                0x08003128       0x7e ./Drivers/STM32L4xx_HAL_Driver/Src/stm32l4xx_ll_usb.o
                0x08003128                USB_ActivateEndpoint
 *fill*         0x080031a6        0x2 
 .text.USB_DeactivateEndpoint
                0x080031a8       0xac ./Drivers/STM32L4xx_HAL_Driver/Src/stm32l4xx_ll_usb.o
                0x080031a8                USB_DeactivateEndpoint
 .text.USB_EPStopXfer
                0x08003254       0xf6 ./Drivers/STM32L4xx_HAL_Driver/Src/stm32l4xx_ll_usb.o
                0x08003254                USB_EPStopXfer
 .text.USB_EPSetStall
                0x0800334a       0x56 ./Drivers/STM32L4xx_HAL_Driver/Src/stm32l4xx_ll_usb.o
                0x0800334a                USB_EPSetStall
 .text.USB_EPClearStall
                0x080033a0       0x52 ./Drivers/STM32L4xx_HAL_Driver/Src/stm32l4xx_ll_usb.o
                0x080033a0                USB_EPClearStall
 .text.USB_WritePacket
                0x080033f2       0x1e ./Drivers/STM32L4xx_HAL_Driver/Src/stm32l4xx_ll_usb.o
                0x080033f2                USB_WritePacket
 .text.USB_EPStartXfer
                0x08003410      0x18c ./Drivers/STM32L4xx_HAL_Driver/Src/stm32l4xx_ll_usb.o
                0x08003410                USB_EPStartXfer
 .text.USB_ReadPacket
                0x0800359c       0x42 ./Drivers/STM32L4xx_HAL_Driver/Src/stm32l4xx_ll_usb.o
                0x0800359c                USB_ReadPacket
 .text.USB_SetDevAddress
                0x080035de       0x20 ./Drivers/STM32L4xx_HAL_Driver/Src/stm32l4xx_ll_usb.o
                0x080035de                USB_SetDevAddress
 .text.USB_DevConnect
                0x080035fe       0x1c ./Drivers/STM32L4xx_HAL_Driver/Src/stm32l4xx_ll_usb.o
                0x080035fe                USB_DevConnect
 .text.USB_DevDisconnect
                0x0800361a       0x1c ./Drivers/STM32L4xx_HAL_Driver/Src/stm32l4xx_ll_usb.o
                0x0800361a                USB_DevDisconnect
 .text.USB_ReadInterrupts
                0x08003636        0x8 ./Drivers/STM32L4xx_HAL_Driver/Src/stm32l4xx_ll_usb.o
                0x08003636                USB_ReadInterrupts
 .text.USB_ReadDevAllOutEpInterrupt
                0x0800363e       0x10 ./Drivers/STM32L4xx_HAL_Driver/Src/stm32l4xx_ll_usb.o
                0x0800363e                USB_ReadDevAllOutEpInterrupt
 .text.USB_ReadDevAllInEpInterrupt
                0x0800364e       0x10 ./Drivers/STM32L4xx_HAL_Driver/Src/stm32l4xx_ll_usb.o
                0x0800364e                USB_ReadDevAllInEpInterrupt
 .text.USB_ReadDevOutEPInterrupt
                0x0800365e       0x12 ./Drivers/STM32L4xx_HAL_Driver/Src/stm32l4xx_ll_usb.o
                0x0800365e                USB_ReadDevOutEPInterrupt
 .text.USB_ReadDevInEPInterrupt
                0x08003670       0x22 ./Drivers/STM32L4xx_HAL_Driver/Src/stm32l4xx_ll_usb.o
                0x08003670                USB_ReadDevInEPInterrupt
 .text.USB_GetMode
                0x08003692        0x8 ./Drivers/STM32L4xx_HAL_Driver/Src/stm32l4xx_ll_usb.o
                0x08003692                USB_GetMode
 .text.USB_ActivateSetup
                0x0800369a       0x1c ./Drivers/STM32L4xx_HAL_Driver/Src/stm32l4xx_ll_usb.o
                0x0800369a                USB_ActivateSetup
 *fill*         0x080036b6        0x2 
 .text.USB_EP0_OutStart
                0x080036b8       0x38 ./Drivers/STM32L4xx_HAL_Driver/Src/stm32l4xx_ll_usb.o
                0x080036b8                USB_EP0_OutStart
 .text.LL_SetSystemCoreClock
                0x080036f0        0xc ./Drivers/STM32L4xx_HAL_Driver/Src/stm32l4xx_ll_utils.o
                0x080036f0                LL_SetSystemCoreClock
 .text.USBD_CDC_EP0_RxReady
                0x080036fc       0x38 ./Middlewares/ST/STM32_USB_Device_Library/Class/CDC/Src/usbd_cdc.o
 .text.USBD_CDC_GetDeviceQualifierDescriptor
                0x08003734        0xc ./Middlewares/ST/STM32_USB_Device_Library/Class/CDC/Src/usbd_cdc.o
                0x08003734                USBD_CDC_GetDeviceQualifierDescriptor
 .text.USBD_CDC_GetFSCfgDesc
                0x08003740       0x48 ./Middlewares/ST/STM32_USB_Device_Library/Class/CDC/Src/usbd_cdc.o
 .text.USBD_CDC_GetOtherSpeedCfgDesc
                0x08003788        0x4 ./Middlewares/ST/STM32_USB_Device_Library/Class/CDC/Src/usbd_cdc.o
 .text.USBD_CDC_GetHSCfgDesc
                0x0800378c       0x48 ./Middlewares/ST/STM32_USB_Device_Library/Class/CDC/Src/usbd_cdc.o
 .text.USBD_CDC_DataOut
                0x080037d4       0x38 ./Middlewares/ST/STM32_USB_Device_Library/Class/CDC/Src/usbd_cdc.o
 .text.USBD_CDC_DataIn
                0x0800380c       0x64 ./Middlewares/ST/STM32_USB_Device_Library/Class/CDC/Src/usbd_cdc.o
 .text.USBD_CDC_Setup
                0x08003870       0xf0 ./Middlewares/ST/STM32_USB_Device_Library/Class/CDC/Src/usbd_cdc.o
 .text.USBD_CDC_DeInit
                0x08003960       0x60 ./Middlewares/ST/STM32_USB_Device_Library/Class/CDC/Src/usbd_cdc.o
 .text.USBD_CDC_Init
                0x080039c0       0xc8 ./Middlewares/ST/STM32_USB_Device_Library/Class/CDC/Src/usbd_cdc.o
 .text.USBD_CDC_RegisterInterface
                0x08003a88       0x16 ./Middlewares/ST/STM32_USB_Device_Library/Class/CDC/Src/usbd_cdc.o
                0x08003a88                USBD_CDC_RegisterInterface
 .text.USBD_CDC_SetTxBuffer
                0x08003a9e       0x1c ./Middlewares/ST/STM32_USB_Device_Library/Class/CDC/Src/usbd_cdc.o
                0x08003a9e                USBD_CDC_SetTxBuffer
 .text.USBD_CDC_SetRxBuffer
                0x08003aba       0x18 ./Middlewares/ST/STM32_USB_Device_Library/Class/CDC/Src/usbd_cdc.o
                0x08003aba                USBD_CDC_SetRxBuffer
 .text.USBD_CDC_ReceivePacket
                0x08003ad2       0x2c ./Middlewares/ST/STM32_USB_Device_Library/Class/CDC/Src/usbd_cdc.o
                0x08003ad2                USBD_CDC_ReceivePacket
 .text.USBD_Init
                0x08003afe       0x26 ./Middlewares/ST/STM32_USB_Device_Library/Core/Src/usbd_core.o
                0x08003afe                USBD_Init
 .text.USBD_RegisterClass
                0x08003b24       0x32 ./Middlewares/ST/STM32_USB_Device_Library/Core/Src/usbd_core.o
                0x08003b24                USBD_RegisterClass
 .text.USBD_Start
                0x08003b56        0x4 ./Middlewares/ST/STM32_USB_Device_Library/Core/Src/usbd_core.o
                0x08003b56                USBD_Start
 .text.USBD_SetClassConfig
                0x08003b5a        0xe ./Middlewares/ST/STM32_USB_Device_Library/Core/Src/usbd_core.o
                0x08003b5a                USBD_SetClassConfig
 .text.USBD_ClrClassConfig
                0x08003b68       0x12 ./Middlewares/ST/STM32_USB_Device_Library/Core/Src/usbd_core.o
                0x08003b68                USBD_ClrClassConfig
 .text.USBD_LL_SetupStage
                0x08003b7a       0x60 ./Middlewares/ST/STM32_USB_Device_Library/Core/Src/usbd_core.o
                0x08003b7a                USBD_LL_SetupStage
 .text.USBD_LL_DataOutStage
                0x08003bda       0x74 ./Middlewares/ST/STM32_USB_Device_Library/Core/Src/usbd_core.o
                0x08003bda                USBD_LL_DataOutStage
 .text.USBD_LL_DataInStage
                0x08003c4e       0xa8 ./Middlewares/ST/STM32_USB_Device_Library/Core/Src/usbd_core.o
                0x08003c4e                USBD_LL_DataInStage
 .text.USBD_LL_Reset
                0x08003cf6       0x60 ./Middlewares/ST/STM32_USB_Device_Library/Core/Src/usbd_core.o
                0x08003cf6                USBD_LL_Reset
 .text.USBD_LL_SetSpeed
                0x08003d56        0x6 ./Middlewares/ST/STM32_USB_Device_Library/Core/Src/usbd_core.o
                0x08003d56                USBD_LL_SetSpeed
 .text.USBD_LL_Suspend
                0x08003d5c       0x1c ./Middlewares/ST/STM32_USB_Device_Library/Core/Src/usbd_core.o
                0x08003d5c                USBD_LL_Suspend
 .text.USBD_LL_Resume
                0x08003d78       0x16 ./Middlewares/ST/STM32_USB_Device_Library/Core/Src/usbd_core.o
                0x08003d78                USBD_LL_Resume
 .text.USBD_LL_SOF
                0x08003d8e       0x1a ./Middlewares/ST/STM32_USB_Device_Library/Core/Src/usbd_core.o
                0x08003d8e                USBD_LL_SOF
 .text.USBD_LL_IsoINIncomplete
                0x08003da8       0x26 ./Middlewares/ST/STM32_USB_Device_Library/Core/Src/usbd_core.o
                0x08003da8                USBD_LL_IsoINIncomplete
 .text.USBD_LL_IsoOUTIncomplete
                0x08003dce       0x26 ./Middlewares/ST/STM32_USB_Device_Library/Core/Src/usbd_core.o
                0x08003dce                USBD_LL_IsoOUTIncomplete
 .text.USBD_LL_DevConnected
                0x08003df4        0x4 ./Middlewares/ST/STM32_USB_Device_Library/Core/Src/usbd_core.o
                0x08003df4                USBD_LL_DevConnected
 .text.USBD_LL_DevDisconnected
                0x08003df8       0x20 ./Middlewares/ST/STM32_USB_Device_Library/Core/Src/usbd_core.o
                0x08003df8                USBD_LL_DevDisconnected
 .text.USBD_CoreFindIF
                0x08003e18        0x4 ./Middlewares/ST/STM32_USB_Device_Library/Core/Src/usbd_core.o
                0x08003e18                USBD_CoreFindIF
 .text.USBD_CoreFindEP
                0x08003e1c        0x4 ./Middlewares/ST/STM32_USB_Device_Library/Core/Src/usbd_core.o
                0x08003e1c                USBD_CoreFindEP
 .text.USBD_GetEpDesc
                0x08003e20       0x24 ./Middlewares/ST/STM32_USB_Device_Library/Core/Src/usbd_core.o
                0x08003e20                USBD_GetEpDesc
 .text.USBD_CtlError.constprop.0
                0x08003e44       0x16 ./Middlewares/ST/STM32_USB_Device_Library/Core/Src/usbd_ctlreq.o
 *fill*         0x08003e5a        0x2 
 .text.USBD_StdDevReq
                0x08003e5c      0x2f0 ./Middlewares/ST/STM32_USB_Device_Library/Core/Src/usbd_ctlreq.o
                0x08003e5c                USBD_StdDevReq
 .text.USBD_StdItfReq
                0x0800414c       0x5e ./Middlewares/ST/STM32_USB_Device_Library/Core/Src/usbd_ctlreq.o
                0x0800414c                USBD_StdItfReq
 .text.USBD_StdEPReq
                0x080041aa      0x146 ./Middlewares/ST/STM32_USB_Device_Library/Core/Src/usbd_ctlreq.o
                0x080041aa                USBD_StdEPReq
 .text.USBD_ParseSetupRequest
                0x080042f0       0x16 ./Middlewares/ST/STM32_USB_Device_Library/Core/Src/usbd_ctlreq.o
                0x080042f0                USBD_ParseSetupRequest
 .text.USBD_CtlError
                0x08004306       0x16 ./Middlewares/ST/STM32_USB_Device_Library/Core/Src/usbd_ctlreq.o
                0x08004306                USBD_CtlError
 .text.USBD_GetString
                0x0800431c       0x38 ./Middlewares/ST/STM32_USB_Device_Library/Core/Src/usbd_ctlreq.o
                0x0800431c                USBD_GetString
 .text.USBD_CtlSendData
                0x08004354       0x1c ./Middlewares/ST/STM32_USB_Device_Library/Core/Src/usbd_ioreq.o
                0x08004354                USBD_CtlSendData
 .text.USBD_CtlContinueSendData
                0x08004370       0x10 ./Middlewares/ST/STM32_USB_Device_Library/Core/Src/usbd_ioreq.o
                0x08004370                USBD_CtlContinueSendData
 .text.USBD_CtlPrepareRx
                0x08004380       0x22 ./Middlewares/ST/STM32_USB_Device_Library/Core/Src/usbd_ioreq.o
                0x08004380                USBD_CtlPrepareRx
 .text.USBD_CtlContinueRx
                0x080043a2       0x10 ./Middlewares/ST/STM32_USB_Device_Library/Core/Src/usbd_ioreq.o
                0x080043a2                USBD_CtlContinueRx
 .text.USBD_CtlSendStatus
                0x080043b2       0x16 ./Middlewares/ST/STM32_USB_Device_Library/Core/Src/usbd_ioreq.o
                0x080043b2                USBD_CtlSendStatus
 .text.USBD_CtlReceiveStatus
                0x080043c8       0x16 ./Middlewares/ST/STM32_USB_Device_Library/Core/Src/usbd_ioreq.o
                0x080043c8                USBD_CtlReceiveStatus
 *fill*         0x080043de        0x2 
 .text.MX_USB_DEVICE_Init
                0x080043e0       0x50 ./USB_DEVICE/App/usb_device.o
                0x080043e0                MX_USB_DEVICE_Init
 .text.CDC_DeInit_FS
                0x08004430        0x4 ./USB_DEVICE/App/usbd_cdc_if.o
 .text.CDC_Control_FS
                0x08004434        0x4 ./USB_DEVICE/App/usbd_cdc_if.o
 .text.CDC_TransmitCplt_FS
                0x08004438        0x4 ./USB_DEVICE/App/usbd_cdc_if.o
 .text.CDC_Receive_FS
                0x0800443c       0x18 ./USB_DEVICE/App/usbd_cdc_if.o
 .text.CDC_Init_FS
                0x08004454       0x24 ./USB_DEVICE/App/usbd_cdc_if.o
 .text.USBD_FS_DeviceDescriptor
                0x08004478        0xc ./USB_DEVICE/App/usbd_desc.o
                0x08004478                USBD_FS_DeviceDescriptor
 .text.USBD_FS_LangIDStrDescriptor
                0x08004484        0xc ./USB_DEVICE/App/usbd_desc.o
                0x08004484                USBD_FS_LangIDStrDescriptor
 .text.USBD_FS_USR_BOSDescriptor
                0x08004490        0xc ./USB_DEVICE/App/usbd_desc.o
                0x08004490                USBD_FS_USR_BOSDescriptor
 .text.IntToUnicode
                0x0800449c       0x2a ./USB_DEVICE/App/usbd_desc.o
 *fill*         0x080044c6        0x2 
 .text.USBD_FS_SerialStrDescriptor
                0x080044c8       0x3c ./USB_DEVICE/App/usbd_desc.o
                0x080044c8                USBD_FS_SerialStrDescriptor
 .text.USBD_FS_ManufacturerStrDescriptor
                0x08004504       0x18 ./USB_DEVICE/App/usbd_desc.o
                0x08004504                USBD_FS_ManufacturerStrDescriptor
 .text.USBD_FS_ProductStrDescriptor
                0x0800451c       0x18 ./USB_DEVICE/App/usbd_desc.o
                0x0800451c                USBD_FS_ProductStrDescriptor
 .text.USBD_FS_ConfigStrDescriptor
                0x08004534       0x18 ./USB_DEVICE/App/usbd_desc.o
                0x08004534                USBD_FS_ConfigStrDescriptor
 .text.USBD_FS_InterfaceStrDescriptor
                0x0800454c       0x18 ./USB_DEVICE/App/usbd_desc.o
                0x0800454c                USBD_FS_InterfaceStrDescriptor
 .text.HAL_PCD_MspInit
                0x08004564       0xac ./USB_DEVICE/Target/usbd_conf.o
                0x08004564                HAL_PCD_MspInit
 .text.HAL_PCD_SetupStageCallback
                0x08004610        0xc ./USB_DEVICE/Target/usbd_conf.o
                0x08004610                HAL_PCD_SetupStageCallback
 .text.HAL_PCD_DataOutStageCallback
                0x0800461c       0x12 ./USB_DEVICE/Target/usbd_conf.o
                0x0800461c                HAL_PCD_DataOutStageCallback
 .text.HAL_PCD_DataInStageCallback
                0x0800462e       0x10 ./USB_DEVICE/Target/usbd_conf.o
                0x0800462e                HAL_PCD_DataInStageCallback
 .text.HAL_PCD_SOFCallback
                0x0800463e        0x8 ./USB_DEVICE/Target/usbd_conf.o
                0x0800463e                HAL_PCD_SOFCallback
 .text.HAL_PCD_ResetCallback
                0x08004646       0x24 ./USB_DEVICE/Target/usbd_conf.o
                0x08004646                HAL_PCD_ResetCallback
 *fill*         0x0800466a        0x2 
 .text.HAL_PCD_SuspendCallback
                0x0800466c       0x30 ./USB_DEVICE/Target/usbd_conf.o
                0x0800466c                HAL_PCD_SuspendCallback
 .text.HAL_PCD_ResumeCallback
                0x0800469c       0x34 ./USB_DEVICE/Target/usbd_conf.o
                0x0800469c                HAL_PCD_ResumeCallback
 .text.HAL_PCD_ISOOUTIncompleteCallback
                0x080046d0        0x8 ./USB_DEVICE/Target/usbd_conf.o
                0x080046d0                HAL_PCD_ISOOUTIncompleteCallback
 .text.HAL_PCD_ISOINIncompleteCallback
                0x080046d8        0x8 ./USB_DEVICE/Target/usbd_conf.o
                0x080046d8                HAL_PCD_ISOINIncompleteCallback
 .text.HAL_PCD_ConnectCallback
                0x080046e0        0x8 ./USB_DEVICE/Target/usbd_conf.o
                0x080046e0                HAL_PCD_ConnectCallback
 .text.HAL_PCD_DisconnectCallback
                0x080046e8        0x8 ./USB_DEVICE/Target/usbd_conf.o
                0x080046e8                HAL_PCD_DisconnectCallback
 .text.USBD_LL_Init
                0x080046f0       0x54 ./USB_DEVICE/Target/usbd_conf.o
                0x080046f0                USBD_LL_Init
 .text.USBD_LL_Start
                0x08004744       0x16 ./USB_DEVICE/Target/usbd_conf.o
                0x08004744                USBD_LL_Start
 .text.USBD_LL_OpenEP
                0x0800475a       0x1c ./USB_DEVICE/Target/usbd_conf.o
                0x0800475a                USBD_LL_OpenEP
 .text.USBD_LL_CloseEP
                0x08004776       0x16 ./USB_DEVICE/Target/usbd_conf.o
                0x08004776                USBD_LL_CloseEP
 .text.USBD_LL_StallEP
                0x0800478c       0x16 ./USB_DEVICE/Target/usbd_conf.o
                0x0800478c                USBD_LL_StallEP
 .text.USBD_LL_ClearStallEP
                0x080047a2       0x16 ./USB_DEVICE/Target/usbd_conf.o
                0x080047a2                USBD_LL_ClearStallEP
 .text.USBD_LL_IsStallEP
                0x080047b8       0x24 ./USB_DEVICE/Target/usbd_conf.o
                0x080047b8                USBD_LL_IsStallEP
 .text.USBD_LL_SetUSBAddress
                0x080047dc       0x16 ./USB_DEVICE/Target/usbd_conf.o
                0x080047dc                USBD_LL_SetUSBAddress
 .text.USBD_LL_Transmit
                0x080047f2       0x16 ./USB_DEVICE/Target/usbd_conf.o
                0x080047f2                USBD_LL_Transmit
 .text.USBD_LL_PrepareReceive
                0x08004808       0x16 ./USB_DEVICE/Target/usbd_conf.o
                0x08004808                USBD_LL_PrepareReceive
 .text.USBD_LL_GetRxDataSize
                0x0800481e        0x8 ./USB_DEVICE/Target/usbd_conf.o
                0x0800481e                USBD_LL_GetRxDataSize
 *fill*         0x08004826        0x2 
 .text.HAL_PCDEx_LPM_Callback
                0x08004828       0x64 ./USB_DEVICE/Target/usbd_conf.o
                0x08004828                HAL_PCDEx_LPM_Callback
 .text.USBD_static_malloc
                0x0800488c        0x8 ./USB_DEVICE/Target/usbd_conf.o
                0x0800488c                USBD_static_malloc
 .text.USBD_static_free
                0x08004894        0x2 ./USB_DEVICE/Target/usbd_conf.o
                0x08004894                USBD_static_free
 .text.memset   0x08004896       0x10 /Applications/STM32CubeIDE.app/Contents/Eclipse/plugins/com.st.stm32cube.ide.mcu.externaltools.gnu-tools-for-stm32.14.3.rel1.macosaarch64_1.0.0.202602081740/tools/bin/../lib/gcc/arm-none-eabi/14.3.1/../../../../arm-none-eabi/lib/thumb/v7e-m+fp/hard/libc_nano.a(libc_a-memset.o)
                0x08004896                memset
 *fill*         0x080048a6        0x2 
 .text.__libc_init_array
                0x080048a8       0x48 /Applications/STM32CubeIDE.app/Contents/Eclipse/plugins/com.st.stm32cube.ide.mcu.externaltools.gnu-tools-for-stm32.14.3.rel1.macosaarch64_1.0.0.202602081740/tools/bin/../lib/gcc/arm-none-eabi/14.3.1/../../../../arm-none-eabi/lib/thumb/v7e-m+fp/hard/libc_nano.a(libc_a-init.o)
                0x080048a8                __libc_init_array
 *(.glue_7)
 .glue_7        0x080048f0        0x0 linker stubs
 *(.glue_7t)
 .glue_7t       0x080048f0        0x0 linker stubs
 *(.eh_frame)
 .eh_frame      0x080048f0        0x0 /Applications/STM32CubeIDE.app/Contents/Eclipse/plugins/com.st.stm32cube.ide.mcu.externaltools.gnu-tools-for-stm32.14.3.rel1.macosaarch64_1.0.0.202602081740/tools/bin/../lib/gcc/arm-none-eabi/14.3.1/thumb/v7e-m+fp/hard/crtbegin.o
 *(.init)
 .init          0x080048f0        0x4 /Applications/STM32CubeIDE.app/Contents/Eclipse/plugins/com.st.stm32cube.ide.mcu.externaltools.gnu-tools-for-stm32.14.3.rel1.macosaarch64_1.0.0.202602081740/tools/bin/../lib/gcc/arm-none-eabi/14.3.1/thumb/v7e-m+fp/hard/crti.o
                0x080048f0                _init
 .init          0x080048f4        0x8 /Applications/STM32CubeIDE.app/Contents/Eclipse/plugins/com.st.stm32cube.ide.mcu.externaltools.gnu-tools-for-stm32.14.3.rel1.macosaarch64_1.0.0.202602081740/tools/bin/../lib/gcc/arm-none-eabi/14.3.1/thumb/v7e-m+fp/hard/crtn.o
 *(.fini)
 .fini          0x080048fc        0x4 /Applications/STM32CubeIDE.app/Contents/Eclipse/plugins/com.st.stm32cube.ide.mcu.externaltools.gnu-tools-for-stm32.14.3.rel1.macosaarch64_1.0.0.202602081740/tools/bin/../lib/gcc/arm-none-eabi/14.3.1/thumb/v7e-m+fp/hard/crti.o
                0x080048fc                _fini
 .fini          0x08004900        0x8 /Applications/STM32CubeIDE.app/Contents/Eclipse/plugins/com.st.stm32cube.ide.mcu.externaltools.gnu-tools-for-stm32.14.3.rel1.macosaarch64_1.0.0.202602081740/tools/bin/../lib/gcc/arm-none-eabi/14.3.1/thumb/v7e-m+fp/hard/crtn.o
                0x08004908                        . = ALIGN (0x4)
                0x08004908                        _etext = .

.vfp11_veneer   0x08004908        0x0
 .vfp11_veneer  0x08004908        0x0 linker stubs

.v4_bx          0x08004908        0x0
 .v4_bx         0x08004908        0x0 linker stubs

.iplt           0x08004908        0x0
 .iplt          0x08004908        0x0 /Applications/STM32CubeIDE.app/Contents/Eclipse/plugins/com.st.stm32cube.ide.mcu.externaltools.gnu-tools-for-stm32.14.3.rel1.macosaarch64_1.0.0.202602081740/tools/bin/../lib/gcc/arm-none-eabi/14.3.1/thumb/v7e-m+fp/hard/crtbegin.o

.rodata         0x08004908       0x84
                0x08004908                        . = ALIGN (0x4)
 *(.rodata)
 *(.rodata*)
 .rodata.main.str1.1
                0x08004908       0x49 ./Core/Src/main.o
                                  0x7 (size before relaxing)
 *fill*         0x08004951        0x3 
 .rodata.MSIRangeTable
                0x08004954       0x30 ./Core/Src/system_stm32l4xx.o
                0x08004954                MSIRangeTable
 .rodata.APBPrescTable
                0x08004984        0x8 ./Core/Src/system_stm32l4xx.o
                0x08004984                APBPrescTable
 .rodata.USBD_FS_ManufacturerStrDescriptor.str1.1
                0x0800498c       0x13 ./USB_DEVICE/App/usbd_desc.o
 .rodata.USBD_FS_ProductStrDescriptor.str1.1
                0x0800498c       0x16 ./USB_DEVICE/App/usbd_desc.o
 .rodata.USBD_FS_ConfigStrDescriptor.str1.1
                0x0800498c        0xb ./USB_DEVICE/App/usbd_desc.o
 .rodata.USBD_FS_InterfaceStrDescriptor.str1.1
                0x0800498c        0xe ./USB_DEVICE/App/usbd_desc.o
                0x080049a4                        . = ALIGN (0x4)

.ARM.extab      0x0800498c        0x0
                0x0800498c                        . = ALIGN (0x4)
 *(.ARM.extab* .gnu.linkonce.armextab.*)
                0x0800498c                        . = ALIGN (0x4)

.ARM            0x0800498c        0x8
                0x0800498c                        . = ALIGN (0x4)
                0x0800498c                        __exidx_start = .
 *(.ARM.exidx*)
 .ARM.exidx     0x0800498c        0x8 /Applications/STM32CubeIDE.app/Contents/Eclipse/plugins/com.st.stm32cube.ide.mcu.externaltools.gnu-tools-for-stm32.14.3.rel1.macosaarch64_1.0.0.202602081740/tools/bin/../lib/gcc/arm-none-eabi/14.3.1/../../../../arm-none-eabi/lib/thumb/v7e-m+fp/hard/libc_nano.a(libc_a-strlen.o)
 .ARM.exidx     0x08004994        0x0 /Applications/STM32CubeIDE.app/Contents/Eclipse/plugins/com.st.stm32cube.ide.mcu.externaltools.gnu-tools-for-stm32.14.3.rel1.macosaarch64_1.0.0.202602081740/tools/bin/../lib/gcc/arm-none-eabi/14.3.1/thumb/v7e-m+fp/hard/libgcc.a(_udivmoddi4.o)
                                  0x8 (size before relaxing)
                0x08004994                        __exidx_end = .
                0x08004994                        . = ALIGN (0x4)

.preinit_array  0x08004994        0x0
                0x08004994                        . = ALIGN (0x4)
                0x08004994                        PROVIDE (__preinit_array_start = .)
 *(.preinit_array*)
                0x08004994                        PROVIDE (__preinit_array_end = .)
                0x08004994                        . = ALIGN (0x4)

.init_array     0x08004994        0x4
                0x08004994                        . = ALIGN (0x4)
                0x08004994                        PROVIDE (__init_array_start = .)
 *(SORT_BY_NAME(.init_array.*))
 *(.init_array*)
 .init_array    0x08004994        0x4 /Applications/STM32CubeIDE.app/Contents/Eclipse/plugins/com.st.stm32cube.ide.mcu.externaltools.gnu-tools-for-stm32.14.3.rel1.macosaarch64_1.0.0.202602081740/tools/bin/../lib/gcc/arm-none-eabi/14.3.1/thumb/v7e-m+fp/hard/crtbegin.o
                0x08004998                        PROVIDE (__init_array_end = .)
                0x08004998                        . = ALIGN (0x4)

.fini_array     0x08004998        0x4
                0x08004998                        . = ALIGN (0x4)
                [!provide]                        PROVIDE (__fini_array_start = .)
 *(SORT_BY_NAME(.fini_array.*))
 *(.fini_array*)
 .fini_array    0x08004998        0x4 /Applications/STM32CubeIDE.app/Contents/Eclipse/plugins/com.st.stm32cube.ide.mcu.externaltools.gnu-tools-for-stm32.14.3.rel1.macosaarch64_1.0.0.202602081740/tools/bin/../lib/gcc/arm-none-eabi/14.3.1/thumb/v7e-m+fp/hard/crtbegin.o
                [!provide]                        PROVIDE (__fini_array_end = .)
                0x0800499c                        . = ALIGN (0x4)
                0x0800499c                        _sidata = LOADADDR (.data)

.rel.dyn        0x0800499c        0x0
 .rel.iplt      0x0800499c        0x0 /Applications/STM32CubeIDE.app/Contents/Eclipse/plugins/com.st.stm32cube.ide.mcu.externaltools.gnu-tools-for-stm32.14.3.rel1.macosaarch64_1.0.0.202602081740/tools/bin/../lib/gcc/arm-none-eabi/14.3.1/thumb/v7e-m+fp/hard/crtbegin.o

.data           0x20000000      0x108 load address 0x0800499c
                0x20000000                        . = ALIGN (0x4)
                0x20000000                        _sdata = .
 *(.data)
 *(.data*)
 .data.SystemCoreClock
                0x20000000        0x4 ./Core/Src/system_stm32l4xx.o
                0x20000000                SystemCoreClock
 .data.uwTickFreq
                0x20000004        0x1 ./Drivers/STM32L4xx_HAL_Driver/Src/stm32l4xx_hal.o
                0x20000004                uwTickFreq
 *fill*         0x20000005        0x3 
 .data.uwTickPrio
                0x20000008        0x4 ./Drivers/STM32L4xx_HAL_Driver/Src/stm32l4xx_hal.o
                0x20000008                uwTickPrio
 .data.USBD_CDC_CfgDesc
                0x2000000c       0x43 ./Middlewares/ST/STM32_USB_Device_Library/Class/CDC/Src/usbd_cdc.o
 *fill*         0x2000004f        0x1 
 .data.USBD_CDC
                0x20000050       0x38 ./Middlewares/ST/STM32_USB_Device_Library/Class/CDC/Src/usbd_cdc.o
                0x20000050                USBD_CDC
 .data.USBD_CDC_DeviceQualifierDesc
                0x20000088        0xa ./Middlewares/ST/STM32_USB_Device_Library/Class/CDC/Src/usbd_cdc.o
 *fill*         0x20000092        0x2 
 .data.USBD_Interface_fops_FS
                0x20000094       0x14 ./USB_DEVICE/App/usbd_cdc_if.o
                0x20000094                USBD_Interface_fops_FS
 .data.USBD_StringSerial
                0x200000a8       0x1a ./USB_DEVICE/App/usbd_desc.o
                0x200000a8                USBD_StringSerial
 *fill*         0x200000c2        0x2 
 .data.USBD_LangIDDesc
                0x200000c4        0x4 ./USB_DEVICE/App/usbd_desc.o
                0x200000c4                USBD_LangIDDesc
 .data.USBD_FS_BOSDesc
                0x200000c8        0xc ./USB_DEVICE/App/usbd_desc.o
                0x200000c8                USBD_FS_BOSDesc
 .data.USBD_FS_DeviceDesc
                0x200000d4       0x12 ./USB_DEVICE/App/usbd_desc.o
                0x200000d4                USBD_FS_DeviceDesc
 *fill*         0x200000e6        0x2 
 .data.FS_Desc  0x200000e8       0x20 ./USB_DEVICE/App/usbd_desc.o
                0x200000e8                FS_Desc
 *(.RamFunc)
 *(.RamFunc*)
                0x20000108                        . = ALIGN (0x4)
                0x20000108                        _edata = .

.igot.plt       0x20000108        0x0 load address 0x08004aa4
 .igot.plt      0x20000108        0x0 /Applications/STM32CubeIDE.app/Contents/Eclipse/plugins/com.st.stm32cube.ide.mcu.externaltools.gnu-tools-for-stm32.14.3.rel1.macosaarch64_1.0.0.202602081740/tools/bin/../lib/gcc/arm-none-eabi/14.3.1/thumb/v7e-m+fp/hard/crtbegin.o
                0x20000108                        . = ALIGN (0x4)

.bss            0x20000108     0x4b70 load address 0x08004aa4
                0x20000108                        _sbss = .
                0x20000108                        __bss_start__ = _sbss
 *(.bss)
 .bss           0x20000108       0x1c /Applications/STM32CubeIDE.app/Contents/Eclipse/plugins/com.st.stm32cube.ide.mcu.externaltools.gnu-tools-for-stm32.14.3.rel1.macosaarch64_1.0.0.202602081740/tools/bin/../lib/gcc/arm-none-eabi/14.3.1/thumb/v7e-m+fp/hard/crtbegin.o
 *(.bss*)
 .bss.tim2_ready
                0x20000124        0x1 ./Core/Src/main.o
                0x20000124                tim2_ready
 .bss.frame_sent
                0x20000125        0x1 ./Core/Src/main.o
                0x20000125                frame_sent
 .bss.frame_done
                0x20000126        0x1 ./Core/Src/main.o
                0x20000126                frame_done
 *fill*         0x20000127        0x1 
 .bss.CCDPixelBuffer
                0x20000128     0x2ee0 ./Core/Src/main.o
                0x20000128                CCDPixelBuffer
 .bss.huart1    0x20003008       0x88 ./Core/Src/usart.o
                0x20003008                huart1
 .bss.uwTick    0x20003090        0x4 ./Drivers/STM32L4xx_HAL_Driver/Src/stm32l4xx_hal.o
                0x20003090                uwTick
 .bss.cfgidx.0  0x20003094        0x1 ./Middlewares/ST/STM32_USB_Device_Library/Core/Src/usbd_ctlreq.o
 *fill*         0x20003095        0x3 
 .bss.hUsbDeviceFS
                0x20003098      0x2dc ./USB_DEVICE/App/usb_device.o
                0x20003098                hUsbDeviceFS
 .bss.UserTxBufferFS
                0x20003374      0x800 ./USB_DEVICE/App/usbd_cdc_if.o
                0x20003374                UserTxBufferFS
 .bss.UserRxBufferFS
                0x20003b74      0x800 ./USB_DEVICE/App/usbd_cdc_if.o
                0x20003b74                UserRxBufferFS
 .bss.USBD_StrDesc
                0x20004374      0x200 ./USB_DEVICE/App/usbd_desc.o
                0x20004374                USBD_StrDesc
 .bss.mem.0     0x20004574      0x220 ./USB_DEVICE/Target/usbd_conf.o
 .bss.hpcd_USB_OTG_FS
                0x20004794      0x4e4 ./USB_DEVICE/Target/usbd_conf.o
                0x20004794                hpcd_USB_OTG_FS
 *(COMMON)
                0x20004c78                        . = ALIGN (0x4)
                0x20004c78                        _ebss = .
                0x20004c78                        __bss_end__ = _ebss

._user_heap_stack
                0x20004c78      0x600 load address 0x08004aa4
                0x20004c78                        . = ALIGN (0x8)
                [!provide]                        PROVIDE (end = .)
                0x20004c78                        PROVIDE (_end = .)
                0x20004e78                        . = (. + _Min_Heap_Size)
 *fill*         0x20004c78      0x200 
                0x20005278                        . = (. + _Min_Stack_Size)
 *fill*         0x20004e78      0x400 
                0x20005278                        . = ALIGN (0x8)

/DISCARD/
 libc.a(*)
 libm.a(*)
 libgcc.a(*)

.ARM.attributes
                0x00000000       0x30
 *(.ARM.attributes)
 .ARM.attributes
                0x00000000       0x22 /Applications/STM32CubeIDE.app/Contents/Eclipse/plugins/com.st.stm32cube.ide.mcu.externaltools.gnu-tools-for-stm32.14.3.rel1.macosaarch64_1.0.0.202602081740/tools/bin/../lib/gcc/arm-none-eabi/14.3.1/thumb/v7e-m+fp/hard/crti.o
 .ARM.attributes
                0x00000022       0x34 /Applications/STM32CubeIDE.app/Contents/Eclipse/plugins/com.st.stm32cube.ide.mcu.externaltools.gnu-tools-for-stm32.14.3.rel1.macosaarch64_1.0.0.202602081740/tools/bin/../lib/gcc/arm-none-eabi/14.3.1/thumb/v7e-m+fp/hard/crtbegin.o
 .ARM.attributes
                0x00000056       0x34 ./Core/Src/adc.o
 .ARM.attributes
                0x0000008a       0x34 ./Core/Src/dma.o
 .ARM.attributes
                0x000000be       0x34 ./Core/Src/gpio.o
 .ARM.attributes
                0x000000f2       0x34 ./Core/Src/main.o
 .ARM.attributes
                0x00000126       0x34 ./Core/Src/stm32l4xx_hal_msp.o
 .ARM.attributes
                0x0000015a       0x34 ./Core/Src/stm32l4xx_it.o
 .ARM.attributes
                0x0000018e       0x34 ./Core/Src/system_stm32l4xx.o
 .ARM.attributes
                0x000001c2       0x34 ./Core/Src/tim.o
 .ARM.attributes
                0x000001f6       0x34 ./Core/Src/usart.o
 .ARM.attributes
                0x0000022a       0x21 ./Core/Startup/startup_stm32l476rgtx.o
 .ARM.attributes
                0x0000024b       0x34 ./Drivers/STM32L4xx_HAL_Driver/Src/stm32l4xx_hal.o
 .ARM.attributes
                0x0000027f       0x34 ./Drivers/STM32L4xx_HAL_Driver/Src/stm32l4xx_hal_cortex.o
 .ARM.attributes
                0x000002b3       0x34 ./Drivers/STM32L4xx_HAL_Driver/Src/stm32l4xx_hal_dma.o
 .ARM.attributes
                0x000002e7       0x34 ./Drivers/STM32L4xx_HAL_Driver/Src/stm32l4xx_hal_gpio.o
 .ARM.attributes
                0x0000031b       0x34 ./Drivers/STM32L4xx_HAL_Driver/Src/stm32l4xx_hal_pcd.o
 .ARM.attributes
                0x0000034f       0x34 ./Drivers/STM32L4xx_HAL_Driver/Src/stm32l4xx_hal_pcd_ex.o
 .ARM.attributes
                0x00000383       0x34 ./Drivers/STM32L4xx_HAL_Driver/Src/stm32l4xx_hal_pwr_ex.o
 .ARM.attributes
                0x000003b7       0x34 ./Drivers/STM32L4xx_HAL_Driver/Src/stm32l4xx_hal_rcc.o
 .ARM.attributes
                0x000003eb       0x34 ./Drivers/STM32L4xx_HAL_Driver/Src/stm32l4xx_hal_uart.o
 .ARM.attributes
                0x0000041f       0x34 ./Drivers/STM32L4xx_HAL_Driver/Src/stm32l4xx_hal_uart_ex.o
 .ARM.attributes
                0x00000453       0x34 ./Drivers/STM32L4xx_HAL_Driver/Src/stm32l4xx_ll_adc.o
 .ARM.attributes
                0x00000487       0x34 ./Drivers/STM32L4xx_HAL_Driver/Src/stm32l4xx_ll_gpio.o
 .ARM.attributes
                0x000004bb       0x34 ./Drivers/STM32L4xx_HAL_Driver/Src/stm32l4xx_ll_tim.o
 .ARM.attributes
                0x000004ef       0x34 ./Drivers/STM32L4xx_HAL_Driver/Src/stm32l4xx_ll_usb.o
 .ARM.attributes
                0x00000523       0x34 ./Drivers/STM32L4xx_HAL_Driver/Src/stm32l4xx_ll_utils.o
 .ARM.attributes
                0x00000557       0x34 ./Middlewares/ST/STM32_USB_Device_Library/Class/CDC/Src/usbd_cdc.o
 .ARM.attributes
                0x0000058b       0x34 ./Middlewares/ST/STM32_USB_Device_Library/Core/Src/usbd_core.o
 .ARM.attributes
                0x000005bf       0x34 ./Middlewares/ST/STM32_USB_Device_Library/Core/Src/usbd_ctlreq.o
 .ARM.attributes
                0x000005f3       0x34 ./Middlewares/ST/STM32_USB_Device_Library/Core/Src/usbd_ioreq.o
 .ARM.attributes
                0x00000627       0x34 ./USB_DEVICE/App/usb_device.o
 .ARM.attributes
                0x0000065b       0x34 ./USB_DEVICE/App/usbd_cdc_if.o
 .ARM.attributes
                0x0000068f       0x34 ./USB_DEVICE/App/usbd_desc.o
 .ARM.attributes
                0x000006c3       0x34 ./USB_DEVICE/Target/usbd_conf.o
 .ARM.attributes
                0x000006f7       0x34 /Applications/STM32CubeIDE.app/Contents/Eclipse/plugins/com.st.stm32cube.ide.mcu.externaltools.gnu-tools-for-stm32.14.3.rel1.macosaarch64_1.0.0.202602081740/tools/bin/../lib/gcc/arm-none-eabi/14.3.1/../../../../arm-none-eabi/lib/thumb/v7e-m+fp/hard/libc_nano.a(libc_a-memset.o)
 .ARM.attributes
                0x0000072b       0x34 /Applications/STM32CubeIDE.app/Contents/Eclipse/plugins/com.st.stm32cube.ide.mcu.externaltools.gnu-tools-for-stm32.14.3.rel1.macosaarch64_1.0.0.202602081740/tools/bin/../lib/gcc/arm-none-eabi/14.3.1/../../../../arm-none-eabi/lib/thumb/v7e-m+fp/hard/libc_nano.a(libc_a-init.o)
 .ARM.attributes
                0x0000075f       0x17 /Applications/STM32CubeIDE.app/Contents/Eclipse/plugins/com.st.stm32cube.ide.mcu.externaltools.gnu-tools-for-stm32.14.3.rel1.macosaarch64_1.0.0.202602081740/tools/bin/../lib/gcc/arm-none-eabi/14.3.1/../../../../arm-none-eabi/lib/thumb/v7e-m+fp/hard/libc_nano.a(libc_a-strlen.o)
 .ARM.attributes
                0x00000776       0x22 /Applications/STM32CubeIDE.app/Contents/Eclipse/plugins/com.st.stm32cube.ide.mcu.externaltools.gnu-tools-for-stm32.14.3.rel1.macosaarch64_1.0.0.202602081740/tools/bin/../lib/gcc/arm-none-eabi/14.3.1/thumb/v7e-m+fp/hard/libgcc.a(_aeabi_uldivmod.o)
 .ARM.attributes
                0x00000798       0x34 /Applications/STM32CubeIDE.app/Contents/Eclipse/plugins/com.st.stm32cube.ide.mcu.externaltools.gnu-tools-for-stm32.14.3.rel1.macosaarch64_1.0.0.202602081740/tools/bin/../lib/gcc/arm-none-eabi/14.3.1/thumb/v7e-m+fp/hard/libgcc.a(_udivmoddi4.o)
 .ARM.attributes
                0x000007cc       0x22 /Applications/STM32CubeIDE.app/Contents/Eclipse/plugins/com.st.stm32cube.ide.mcu.externaltools.gnu-tools-for-stm32.14.3.rel1.macosaarch64_1.0.0.202602081740/tools/bin/../lib/gcc/arm-none-eabi/14.3.1/thumb/v7e-m+fp/hard/libgcc.a(_dvmd_tls.o)
 .ARM.attributes
                0x000007ee       0x22 /Applications/STM32CubeIDE.app/Contents/Eclipse/plugins/com.st.stm32cube.ide.mcu.externaltools.gnu-tools-for-stm32.14.3.rel1.macosaarch64_1.0.0.202602081740/tools/bin/../lib/gcc/arm-none-eabi/14.3.1/thumb/v7e-m+fp/hard/crtn.o
OUTPUT(TCDproj.elf elf32-littlearm)
LOAD linker stubs
LOAD /Applications/STM32CubeIDE.app/Contents/Eclipse/plugins/com.st.stm32cube.ide.mcu.externaltools.gnu-tools-for-stm32.14.3.rel1.macosaarch64_1.0.0.202602081740/tools/bin/../lib/gcc/arm-none-eabi/14.3.1/../../../../arm-none-eabi/lib/thumb/v7e-m+fp/hard/libc.a
LOAD /Applications/STM32CubeIDE.app/Contents/Eclipse/plugins/com.st.stm32cube.ide.mcu.externaltools.gnu-tools-for-stm32.14.3.rel1.macosaarch64_1.0.0.202602081740/tools/bin/../lib/gcc/arm-none-eabi/14.3.1/../../../../arm-none-eabi/lib/thumb/v7e-m+fp/hard/libm.a
LOAD /Applications/STM32CubeIDE.app/Contents/Eclipse/plugins/com.st.stm32cube.ide.mcu.externaltools.gnu-tools-for-stm32.14.3.rel1.macosaarch64_1.0.0.202602081740/tools/bin/../lib/gcc/arm-none-eabi/14.3.1/thumb/v7e-m+fp/hard/libgcc.a

.comment        0x00000000       0x43
 .comment       0x00000000       0x43 ./Core/Src/adc.o
                                 0x44 (size before relaxing)
 .comment       0x00000043       0x44 ./Core/Src/dma.o
 .comment       0x00000043       0x44 ./Core/Src/gpio.o
 .comment       0x00000043       0x44 ./Core/Src/main.o
 .comment       0x00000043       0x44 ./Core/Src/stm32l4xx_hal_msp.o
 .comment       0x00000043       0x44 ./Core/Src/stm32l4xx_it.o
 .comment       0x00000043       0x44 ./Core/Src/system_stm32l4xx.o
 .comment       0x00000043       0x44 ./Core/Src/tim.o
 .comment       0x00000043       0x44 ./Core/Src/usart.o
 .comment       0x00000043       0x44 ./Drivers/STM32L4xx_HAL_Driver/Src/stm32l4xx_hal.o
 .comment       0x00000043       0x44 ./Drivers/STM32L4xx_HAL_Driver/Src/stm32l4xx_hal_cortex.o
 .comment       0x00000043       0x44 ./Drivers/STM32L4xx_HAL_Driver/Src/stm32l4xx_hal_dma.o
 .comment       0x00000043       0x44 ./Drivers/STM32L4xx_HAL_Driver/Src/stm32l4xx_hal_gpio.o
 .comment       0x00000043       0x44 ./Drivers/STM32L4xx_HAL_Driver/Src/stm32l4xx_hal_pcd.o
 .comment       0x00000043       0x44 ./Drivers/STM32L4xx_HAL_Driver/Src/stm32l4xx_hal_pcd_ex.o
 .comment       0x00000043       0x44 ./Drivers/STM32L4xx_HAL_Driver/Src/stm32l4xx_hal_pwr_ex.o
 .comment       0x00000043       0x44 ./Drivers/STM32L4xx_HAL_Driver/Src/stm32l4xx_hal_rcc.o
 .comment       0x00000043       0x44 ./Drivers/STM32L4xx_HAL_Driver/Src/stm32l4xx_hal_uart.o
 .comment       0x00000043       0x44 ./Drivers/STM32L4xx_HAL_Driver/Src/stm32l4xx_hal_uart_ex.o
 .comment       0x00000043       0x44 ./Drivers/STM32L4xx_HAL_Driver/Src/stm32l4xx_ll_adc.o
 .comment       0x00000043       0x44 ./Drivers/STM32L4xx_HAL_Driver/Src/stm32l4xx_ll_gpio.o
 .comment       0x00000043       0x44 ./Drivers/STM32L4xx_HAL_Driver/Src/stm32l4xx_ll_tim.o
 .comment       0x00000043       0x44 ./Drivers/STM32L4xx_HAL_Driver/Src/stm32l4xx_ll_usb.o
 .comment       0x00000043       0x44 ./Drivers/STM32L4xx_HAL_Driver/Src/stm32l4xx_ll_utils.o
 .comment       0x00000043       0x44 ./Middlewares/ST/STM32_USB_Device_Library/Class/CDC/Src/usbd_cdc.o
 .comment       0x00000043       0x44 ./Middlewares/ST/STM32_USB_Device_Library/Core/Src/usbd_core.o
 .comment       0x00000043       0x44 ./Middlewares/ST/STM32_USB_Device_Library/Core/Src/usbd_ctlreq.o
 .comment       0x00000043       0x44 ./Middlewares/ST/STM32_USB_Device_Library/Core/Src/usbd_ioreq.o
 .comment       0x00000043       0x44 ./USB_DEVICE/App/usb_device.o
 .comment       0x00000043       0x44 ./USB_DEVICE/App/usbd_cdc_if.o
 .comment       0x00000043       0x44 ./USB_DEVICE/App/usbd_desc.o
 .comment       0x00000043       0x44 ./USB_DEVICE/Target/usbd_conf.o

.debug_frame    0x00000000       0xcc
 .debug_frame   0x00000000       0x20 /Applications/STM32CubeIDE.app/Contents/Eclipse/plugins/com.st.stm32cube.ide.mcu.externaltools.gnu-tools-for-stm32.14.3.rel1.macosaarch64_1.0.0.202602081740/tools/bin/../lib/gcc/arm-none-eabi/14.3.1/../../../../arm-none-eabi/lib/thumb/v7e-m+fp/hard/libc_nano.a(libc_a-memset.o)
 .debug_frame   0x00000020       0x2c /Applications/STM32CubeIDE.app/Contents/Eclipse/plugins/com.st.stm32cube.ide.mcu.externaltools.gnu-tools-for-stm32.14.3.rel1.macosaarch64_1.0.0.202602081740/tools/bin/../lib/gcc/arm-none-eabi/14.3.1/../../../../arm-none-eabi/lib/thumb/v7e-m+fp/hard/libc_nano.a(libc_a-init.o)
 .debug_frame   0x0000004c       0x20 /Applications/STM32CubeIDE.app/Contents/Eclipse/plugins/com.st.stm32cube.ide.mcu.externaltools.gnu-tools-for-stm32.14.3.rel1.macosaarch64_1.0.0.202602081740/tools/bin/../lib/gcc/arm-none-eabi/14.3.1/../../../../arm-none-eabi/lib/thumb/v7e-m+fp/hard/libc_nano.a(libc_a-strlen.o)
 .debug_frame   0x0000006c       0x2c /Applications/STM32CubeIDE.app/Contents/Eclipse/plugins/com.st.stm32cube.ide.mcu.externaltools.gnu-tools-for-stm32.14.3.rel1.macosaarch64_1.0.0.202602081740/tools/bin/../lib/gcc/arm-none-eabi/14.3.1/thumb/v7e-m+fp/hard/libgcc.a(_aeabi_uldivmod.o)
 .debug_frame   0x00000098       0x34 /Applications/STM32CubeIDE.app/Contents/Eclipse/plugins/com.st.stm32cube.ide.mcu.externaltools.gnu-tools-for-stm32.14.3.rel1.macosaarch64_1.0.0.202602081740/tools/bin/../lib/gcc/arm-none-eabi/14.3.1/thumb/v7e-m+fp/hard/libgcc.a(_udivmoddi4.o)
